--------- beginning of crash
--------- beginning of system
--------- beginning of main
03-10 14:37:27.310 23022 23103 E Unity   : Assertion failed on expression: 'm_ProducerThreadId == CurrentThread::GetID()' 
03-10 14:37:27.310 23022 23103 E Unity   : (Filename: .\Runtime/Threads/ThreadedStreamBuffer.h Line: 453)
03-10 14:37:27.310 23022 23103 E Unity   : 
03-10 14:37:27.310 23022 23103 I Unity   : [XD_GPU_PROFILER] vkWaitForFences 1111111111111 
03-10 14:37:27.310 23022 23103 I Unity   : (Filename: .\Runtime/GfxDevice/vulkan/VKTaskExecutor.cpp Line: 1551)
03-10 14:37:27.310 23022 23103 I Unity   : 
03-10 14:37:27.310 23022 23104 I Unity   : [XD_GPU_PROFILER] kTask_AddLeftFence 
03-10 14:37:27.310 23022 23104 I Unity   : (Filename: .\Runtime/GfxDevice/vulkan/VKTaskExecutor.cpp Line: 1615)
03-10 14:37:27.310 23022 23104 I Unity   : 
03-10 14:37:27.310 23022 23103 I Unity   : [XD_GPU_PROFILER] wrong!!! 
03-10 14:37:27.310 23022 23103 I Unity   : (Filename: .\Runtime/GfxDevice/vulkan/VKTaskExecutor.cpp Line: 1554)
03-10 14:37:27.310 23022 23103 I Unity   : 
03-10 14:37:27.311 23022 23103 I Unity   : [XD_GPU_PROFILER] vkWaitForFences 0000000000000 
03-10 14:37:27.311 23022 23103 I Unity   : (Filename: .\Runtime/GfxDevice/vulkan/VKTaskExecutor.cpp Line: 1562)
03-10 14:37:27.311 23022 23103 I Unity   : 
03-10 14:37:27.311 23022 23103 E Unity   : Assertion failed on expression: 'm_ProducerThreadId == CurrentThread::GetID()' 
03-10 14:37:27.311 23022 23103 E Unity   : (Filename: .\Runtime/Threads/ThreadedStreamBuffer.h Line: 341)
03-10 14:37:27.311 23022 23103 E Unity   : 
03-10 14:37:27.311 23022 23103 E Unity   : Assertion failed on expression: 'm_ProducerThreadId == CurrentThread::GetID()' 
03-10 14:37:27.311 23022 23103 E Unity   : (Filename: .\Runtime/Threads/ThreadedStreamBuffer.h Line: 341)
03-10 14:37:27.311 23022 23103 E Unity   : 
03-10 14:37:27.311 23022 23103 E Unity   : Assertion failed on expression: 'm_ProducerThreadId == CurrentThread::GetID()' 
03-10 14:37:27.311 23022 23103 E Unity   : (Filename: .\Runtime/Threads/ThreadedStreamBuffer.h Line: 453)
03-10 14:37:27.311 23022 23103 E Unity   : 
03-10 14:37:27.311 23022 23104 I Unity   : [XD_GPU_PROFILER] kTask_AddRightFence 
03-10 14:37:27.311 23022 23104 I Unity   : (Filename: .\Runtime/GfxDevice/vulkan/VKTaskExecutor.cpp Line: 1633)
03-10 14:37:27.311 23022 23104 I Unity   : 
03-10 14:37:27.312 23022 23103 I Unity   : [XD_GPU_PROFILER] d 
03-10 14:37:27.312 23022 23103 I Unity   : (Filename: .\Runtime/GfxDevice/vulkan/VKTaskExecutor.cpp Line: 1492)
03-10 14:37:27.312 23022 23103 I Unity   : 
03-10 14:37:27.312 23022 23103 I Unity   : [XD_GPU_PROFILER] vkAllocateCommandBuffers 
03-10 14:37:27.312 23022 23103 I Unity   : (Filename: .\Runtime/GfxDevice/vulkan/VKTaskExecutor.cpp Line: 1506)
03-10 14:37:27.312 23022 23103 I Unity   : 
03-10 14:37:27.312 23022 23103 I Unity   : [XD_GPU_PROFILER] vkEndCommandBuffer 
03-10 14:37:27.312 23022 23103 I Unity   : (Filename: .\Runtime/GfxDevice/vulkan/VKTaskExecutor.cpp Line: 1519)
03-10 14:37:27.312 23022 23103 I Unity   : 
03-10 14:37:27.312 23022 23103 I Unity   : [XD_GPU_PROFILER] vkCreateFence 
03-10 14:37:27.312 23022 23103 I Unity   : (Filename: .\Runtime/GfxDevice/vulkan/VKTaskExecutor.cpp Line: 1529)
03-10 14:37:27.312 23022 23103 I Unity   : 
03-10 14:37:27.312 23022 23103 I Unity   : [XD_GPU_PROFILER] vkQueueSubmit 
03-10 14:37:27.312 23022 23103 I Unity   : (Filename: .\Runtime/GfxDevice/vulkan/VKTaskExecutor.cpp Line: 1544)
03-10 14:37:27.312 23022 23103 I Unity   : 
03-10 14:37:27.312 23022 23103 E Unity   : Assertion failed on expression: 'm_ProducerThreadId == CurrentThread::GetID()' 
03-10 14:37:27.312 23022 23103 E Unity   : (Filename: .\Runtime/Threads/ThreadedStreamBuffer.h Line: 341)
03-10 14:37:27.312 23022 23103 E Unity   : 
03-10 14:37:27.312 23022 23103 E Unity   : Assertion failed on expression: 'm_ProducerThreadId == CurrentThread::GetID()' 
03-10 14:37:27.312 23022 23103 E Unity   : (Filename: .\Runtime/Threads/ThreadedStreamBuffer.h Line: 341)
03-10 14:37:27.312 23022 23103 E Unity   : 
03-10 14:37:27.312 23022 23103 E Unity   : Assertion failed on expression: 'm_ProducerThreadId == CurrentThread::GetID()' 
03-10 14:37:27.312 23022 23103 E Unity   : (Filename: .\Runtime/Threads/ThreadedStreamBuffer.h Line: 453)
03-10 14:37:27.312 23022 23103 E Unity   : 
03-10 14:37:27.312 23022 23103 I Unity   : [XD_GPU_PROFILER] vkWaitForFences 1111111111111 
03-10 14:37:27.312 23022 23103 I Unity   : (Filename: .\Runtime/GfxDevice/vulkan/VKTaskExecutor.cpp Line: 1551)
03-10 14:37:27.312 23022 23103 I Unity   : 
03-10 14:37:27.313 23022 23104 I Unity   : [XD_GPU_PROFILER] kTask_AddLeftFence 
03-10 14:37:27.313 23022 23104 I Unity   : (Filename: .\Runtime/GfxDevice/vulkan/VKTaskExecutor.cpp Line: 1615)
03-10 14:37:27.313 23022 23104 I Unity   : 
03-10 14:37:27.313 23022 23103 I Unity   : [XD_GPU_PROFILER] wrong!!! 
03-10 14:37:27.313 23022 23103 I Unity   : (Filename: .\Runtime/GfxDevice/vulkan/VKTaskExecutor.cpp Line: 1554)
03-10 14:37:27.313 23022 23103 I Unity   : 
03-10 14:37:27.319 23022 23103 I Unity   : [XD_GPU_PROFILER] vkWaitForFences 0000000000000 
03-10 14:37:27.319 23022 23103 I Unity   : (Filename: .\Runtime/GfxDevice/vulkan/VKTaskExecutor.cpp Line: 1562)
03-10 14:37:27.319 23022 23103 I Unity   : 
03-10 14:37:27.319 23022 23103 E Unity   : Assertion failed on expression: 'm_ProducerThreadId == CurrentThread::GetID()' 
03-10 14:37:27.319 23022 23103 E Unity   : (Filename: .\Runtime/Threads/ThreadedStreamBuffer.h Line: 341)
03-10 14:37:27.319 23022 23103 E Unity   : 
03-10 14:37:27.319 23022 23103 E Unity   : Assertion failed on expression: 'm_ProducerThreadId == CurrentThread::GetID()' 
03-10 14:37:27.319 23022 23103 E Unity   : (Filename: .\Runtime/Threads/ThreadedStreamBuffer.h Line: 341)
03-10 14:37:27.319 23022 23103 E Unity   : 
03-10 14:37:27.319 23022 23103 E Unity   : Assertion failed on expression: 'm_ProducerThreadId == CurrentThread::GetID()' 
03-10 14:37:27.319 23022 23103 E Unity   : (Filename: .\Runtime/Threads/ThreadedStreamBuffer.h Line: 453)
03-10 14:37:27.319 23022 23103 E Unity   : 
03-10 14:37:27.319 23022 23104 I Unity   : [XD_GPU_PROFILER] kTask_AddRightFence 
03-10 14:37:27.319 23022 23104 I Unity   : (Filename: .\Runtime/GfxDevice/vulkan/VKTaskExecutor.cpp Line: 1633)
03-10 14:37:27.319 23022 23104 I Unity   : 
03-10 14:37:27.320 23022 23103 I Unity   : [XD_GPU_PROFILER] d 
03-10 14:37:27.320 23022 23103 I Unity   : (Filename: .\Runtime/GfxDevice/vulkan/VKTaskExecutor.cpp Line: 1492)
03-10 14:37:27.320 23022 23103 I Unity   : 
03-10 14:37:27.320 23022 23103 I Unity   : [XD_GPU_PROFILER] vkAllocateCommandBuffers 
03-10 14:37:27.320 23022 23103 I Unity   : (Filename: .\Runtime/GfxDevice/vulkan/VKTaskExecutor.cpp Line: 1506)
03-10 14:37:27.320 23022 23103 I Unity   : 
03-10 14:37:27.320 23022 23103 I Unity   : [XD_GPU_PROFILER] vkEndCommandBuffer 
03-10 14:37:27.320 23022 23103 I Unity   : (Filename: .\Runtime/GfxDevice/vulkan/VKTaskExecutor.cpp Line: 1519)
03-10 14:37:27.320 23022 23103 I Unity   : 
03-10 14:37:27.320 23022 23103 I Unity   : [XD_GPU_PROFILER] vkCreateFence 
03-10 14:37:27.320 23022 23103 I Unity   : (Filename: .\Runtime/GfxDevice/vulkan/VKTaskExecutor.cpp Line: 1529)
03-10 14:37:27.320 23022 23103 I Unity   : 
03-10 14:37:27.320 23022 23103 I Unity   : [XD_GPU_PROFILER] vkQueueSubmit 
03-10 14:37:27.320 23022 23103 I Unity   : (Filename: .\Runtime/GfxDevice/vulkan/VKTaskExecutor.cpp Line: 1544)
03-10 14:37:27.320 23022 23103 I Unity   : 
03-10 14:37:27.320 23022 23103 E Unity   : Assertion failed on expression: 'm_ProducerThreadId == CurrentThread::GetID()' 
03-10 14:37:27.320 23022 23103 E Unity   : (Filename: .\Runtime/Threads/ThreadedStreamBuffer.h Line: 341)
03-10 14:37:27.320 23022 23103 E Unity   : 
03-10 14:37:27.320 23022 23103 E Unity   : Assertion failed on expression: 'm_ProducerThreadId == CurrentThread::GetID()' 
03-10 14:37:27.320 23022 23103 E Unity   : (Filename: .\Runtime/Threads/ThreadedStreamBuffer.h Line: 341)
03-10 14:37:27.320 23022 23103 E Unity   : 
03-10 14:37:27.320 23022 23103 E Unity   : Assertion failed on expression: 'm_ProducerThreadId == CurrentThread::GetID()' 
03-10 14:37:27.320 23022 23103 E Unity   : (Filename: .\Runtime/Threads/ThreadedStreamBuffer.h Line: 453)
03-10 14:37:27.320 23022 23103 E Unity   : 
03-10 14:37:27.320 23022 23103 I Unity   : [XD_GPU_PROFILER] vkWaitForFences 1111111111111 
03-10 14:37:27.320 23022 23103 I Unity   : (Filename: .\Runtime/GfxDevice/vulkan/VKTaskExecutor.cpp Line: 1551)
03-10 14:37:27.320 23022 23103 I Unity   : 
03-10 14:37:27.320 23022 23104 I Unity   : [XD_GPU_PROFILER] kTask_AddLeftFence 
03-10 14:37:27.320 23022 23104 I Unity   : (Filename: .\Runtime/GfxDevice/vulkan/VKTaskExecutor.cpp Line: 1615)
03-10 14:37:27.320 23022 23104 I Unity   : 
03-10 14:37:27.320 23022 23103 I Unity   : [XD_GPU_PROFILER] wrong!!! 
03-10 14:37:27.320 23022 23103 I Unity   : (Filename: .\Runtime/GfxDevice/vulkan/VKTaskExecutor.cpp Line: 1554)
03-10 14:37:27.320 23022 23103 I Unity   : 
03-10 14:37:27.321 23022 23103 I Unity   : [XD_GPU_PROFILER] vkWaitForFences 0000000000000 
03-10 14:37:27.321 23022 23103 I Unity   : (Filename: .\Runtime/GfxDevice/vulkan/VKTaskExecutor.cpp Line: 1562)
03-10 14:37:27.321 23022 23103 I Unity   : 
03-10 14:37:27.321 23022 23103 E Unity   : Assertion failed on expression: 'm_ProducerThreadId == CurrentThread::GetID()' 
03-10 14:37:27.321 23022 23103 E Unity   : (Filename: .\Runtime/Threads/ThreadedStreamBuffer.h Line: 341)
03-10 14:37:27.321 23022 23103 E Unity   : 
03-10 14:37:27.321 23022 23103 E Unity   : Assertion failed on expression: 'm_ProducerThreadId == CurrentThread::GetID()' 
03-10 14:37:27.321 23022 23103 E Unity   : (Filename: .\Runtime/Threads/ThreadedStreamBuffer.h Line: 341)
03-10 14:37:27.321 23022 23103 E Unity   : 
03-10 14:37:27.321 23022 23103 E Unity   : Assertion failed on expression: 'm_ProducerThreadId == CurrentThread::GetID()' 
03-10 14:37:27.321 23022 23103 E Unity   : (Filename: .\Runtime/Threads/ThreadedStreamBuffer.h Line: 453)
03-10 14:37:27.321 23022 23103 E Unity   : 
03-10 14:37:27.321 23022 23104 I Unity   : [XD_GPU_PROFILER] kTask_AddRightFence 
03-10 14:37:27.321 23022 23104 I Unity   : (Filename: .\Runtime/GfxDevice/vulkan/VKTaskExecutor.cpp Line: 1633)
03-10 14:37:27.321 23022 23104 I Unity   : 
03-10 14:37:27.322 23022 23103 I Unity   : [XD_GPU_PROFILER] d 
03-10 14:37:27.322 23022 23103 I Unity   : (Filename: .\Runtime/GfxDevice/vulkan/VKTaskExecutor.cpp Line: 1492)
03-10 14:37:27.322 23022 23103 I Unity   : 
03-10 14:37:27.322 23022 23103 I Unity   : [XD_GPU_PROFILER] vkAllocateCommandBuffers 
03-10 14:37:27.322 23022 23103 I Unity   : (Filename: .\Runtime/GfxDevice/vulkan/VKTaskExecutor.cpp Line: 1506)
03-10 14:37:27.322 23022 23103 I Unity   : 
03-10 14:37:27.322 23022 23103 I Unity   : [XD_GPU_PROFILER] vkEndCommandBuffer 
03-10 14:37:27.322 23022 23103 I Unity   : (Filename: .\Runtime/GfxDevice/vulkan/VKTaskExecutor.cpp Line: 1519)
03-10 14:37:27.322 23022 23103 I Unity   : 
03-10 14:37:27.322 23022 23103 I Unity   : [XD_GPU_PROFILER] vkCreateFence 
03-10 14:37:27.322 23022 23103 I Unity   : (Filename: .\Runtime/GfxDevice/vulkan/VKTaskExecutor.cpp Line: 1529)
03-10 14:37:27.322 23022 23103 I Unity   : 
03-10 14:37:27.323 23022 23103 I Unity   : [XD_GPU_PROFILER] vkQueueSubmit 
03-10 14:37:27.323 23022 23103 I Unity   : (Filename: .\Runtime/GfxDevice/vulkan/VKTaskExecutor.cpp Line: 1544)
03-10 14:37:27.323 23022 23103 I Unity   : 
03-10 14:37:27.323 23022 23103 E Unity   : Assertion failed on expression: 'm_ProducerThreadId == CurrentThread::GetID()' 
03-10 14:37:27.323 23022 23103 E Unity   : (Filename: .\Runtime/Threads/ThreadedStreamBuffer.h Line: 341)
03-10 14:37:27.323 23022 23103 E Unity   : 
03-10 14:37:27.323 23022 23103 E Unity   : Assertion failed on expression: 'm_ProducerThreadId == CurrentThread::GetID()' 
03-10 14:37:27.323 23022 23103 E Unity   : (Filename: .\Runtime/Threads/ThreadedStreamBuffer.h Line: 341)
03-10 14:37:27.323 23022 23103 E Unity   : 
03-10 14:37:27.323 23022 23103 E Unity   : Assertion failed on expression: 'm_ProducerThreadId == CurrentThread::GetID()' 
03-10 14:37:27.323 23022 23103 E Unity   : (Filename: .\Runtime/Threads/ThreadedStreamBuffer.h Line: 453)
03-10 14:37:27.323 23022 23103 E Unity   : 
03-10 14:37:27.323 23022 23103 I Unity   : [XD_GPU_PROFILER] vkWaitForFences 1111111111111 
03-10 14:37:27.323 23022 23103 I Unity   : (Filename: .\Runtime/GfxDevice/vulkan/VKTaskExecutor.cpp Line: 1551)
03-10 14:37:27.323 23022 23103 I Unity   : 
03-10 14:37:27.323 23022 23103 I Unity   : [XD_GPU_PROFILER] wrong!!! 
03-10 14:37:27.323 23022 23103 I Unity   : (Filename: .\Runtime/GfxDevice/vulkan/VKTaskExecutor.cpp Line: 1554)
03-10 14:37:27.323 23022 23103 I Unity   : 
03-10 14:37:27.323 23022 23104 I Unity   : [XD_GPU_PROFILER] kTask_AddLeftFence 
03-10 14:37:27.323 23022 23104 I Unity   : (Filename: .\Runtime/GfxDevice/vulkan/VKTaskExecutor.cpp Line: 1615)
03-10 14:37:27.323 23022 23104 I Unity   : 
03-10 14:37:27.324 23022 23103 I Unity   : [XD_GPU_PROFILER] vkWaitForFences 0000000000000 
03-10 14:37:27.324 23022 23103 I Unity   : (Filename: .\Runtime/GfxDevice/vulkan/VKTaskExecutor.cpp Line: 1562)
03-10 14:37:27.324 23022 23103 I Unity   : 
03-10 14:37:27.324 23022 23103 E Unity   : Assertion failed on expression: 'm_ProducerThreadId == CurrentThread::GetID()' 
03-10 14:37:27.324 23022 23103 E Unity   : (Filename: .\Runtime/Threads/ThreadedStreamBuffer.h Line: 341)
03-10 14:37:27.324 23022 23103 E Unity   : 
03-10 14:37:27.324 23022 23103 E Unity   : Assertion failed on expression: 'm_ProducerThreadId == CurrentThread::GetID()' 
03-10 14:37:27.324 23022 23103 E Unity   : (Filename: .\Runtime/Threads/ThreadedStreamBuffer.h Line: 341)
03-10 14:37:27.324 23022 23103 E Unity   : 
03-10 14:37:27.324 23022 23103 E Unity   : Assertion failed on expression: 'm_ProducerThreadId == CurrentThread::GetID()' 
03-10 14:37:27.324 23022 23103 E Unity   : (Filename: .\Runtime/Threads/ThreadedStreamBuffer.h Line: 453)
03-10 14:37:27.324 23022 23103 E Unity   : 
03-10 14:37:27.324 23022 23104 I Unity   : [XD_GPU_PROFILER] kTask_AddRightFence 
03-10 14:37:27.324 23022 23104 I Unity   : (Filename: .\Runtime/GfxDevice/vulkan/VKTaskExecutor.cpp Line: 1633)
03-10 14:37:27.324 23022 23104 I Unity   : 
03-10 14:37:27.325 23022 23103 I Unity   : [XD_GPU_PROFILER] d 
03-10 14:37:27.325 23022 23103 I Unity   : (Filename: .\Runtime/GfxDevice/vulkan/VKTaskExecutor.cpp Line: 1492)
03-10 14:37:27.325 23022 23103 I Unity   : 
03-10 14:37:27.325 23022 23103 I Unity   : [XD_GPU_PROFILER] vkAllocateCommandBuffers 
03-10 14:37:27.325 23022 23103 I Unity   : (Filename: .\Runtime/GfxDevice/vulkan/VKTaskExecutor.cpp Line: 1506)
03-10 14:37:27.325 23022 23103 I Unity   : 
03-10 14:37:27.325 23022 23103 I Unity   : [XD_GPU_PROFILER] vkEndCommandBuffer 
03-10 14:37:27.325 23022 23103 I Unity   : (Filename: .\Runtime/GfxDevice/vulkan/VKTaskExecutor.cpp Line: 1519)
03-10 14:37:27.325 23022 23103 I Unity   : 
03-10 14:37:27.325 23022 23103 I Unity   : [XD_GPU_PROFILER] vkCreateFence 
03-10 14:37:27.325 23022 23103 I Unity   : (Filename: .\Runtime/GfxDevice/vulkan/VKTaskExecutor.cpp Line: 1529)
03-10 14:37:27.325 23022 23103 I Unity   : 
03-10 14:37:27.325 23022 23103 I Unity   : [XD_GPU_PROFILER] vkQueueSubmit 
03-10 14:37:27.325 23022 23103 I Unity   : (Filename: .\Runtime/GfxDevice/vulkan/VKTaskExecutor.cpp Line: 1544)
03-10 14:37:27.325 23022 23103 I Unity   : 
03-10 14:37:27.325 23022 23103 E Unity   : Assertion failed on expression: 'm_ProducerThreadId == CurrentThread::GetID()' 
03-10 14:37:27.325 23022 23103 E Unity   : (Filename: .\Runtime/Threads/ThreadedStreamBuffer.h Line: 341)
03-10 14:37:27.325 23022 23103 E Unity   : 
03-10 14:37:27.325 23022 23103 E Unity   : Assertion failed on expression: 'm_ProducerThreadId == CurrentThread::GetID()' 
03-10 14:37:27.325 23022 23103 E Unity   : (Filename: .\Runtime/Threads/ThreadedStreamBuffer.h Line: 341)
03-10 14:37:27.325 23022 23103 E Unity   : 
03-10 14:37:27.325 23022 23103 E Unity   : Assertion failed on expression: 'm_ProducerThreadId == CurrentThread::GetID()' 
03-10 14:37:27.325 23022 23103 E Unity   : (Filename: .\Runtime/Threads/ThreadedStreamBuffer.h Line: 453)
03-10 14:37:27.325 23022 23103 E Unity   : 
03-10 14:37:27.325 23022 23103 I Unity   : [XD_GPU_PROFILER] vkWaitForFences 1111111111111 
03-10 14:37:27.325 23022 23103 I Unity   : (Filename: .\Runtime/GfxDevice/vulkan/VKTaskExecutor.cpp Line: 1551)
03-10 14:37:27.325 23022 23103 I Unity   : 
03-10 14:37:27.325 23022 23104 I Unity   : [XD_GPU_PROFILER] kTask_AddLeftFence 
03-10 14:37:27.325 23022 23104 I Unity   : (Filename: .\Runtime/GfxDevice/vulkan/VKTaskExecutor.cpp Line: 1615)
03-10 14:37:27.325 23022 23104 I Unity   : 
03-10 14:37:27.325 23022 23103 I Unity   : [XD_GPU_PROFILER] wrong!!! 
03-10 14:37:27.325 23022 23103 I Unity   : (Filename: .\Runtime/GfxDevice/vulkan/VKTaskExecutor.cpp Line: 1554)
03-10 14:37:27.325 23022 23103 I Unity   : 
03-10 14:37:27.326 23022 23103 I Unity   : [XD_GPU_PROFILER] vkWaitForFences 0000000000000 
03-10 14:37:27.326 23022 23103 I Unity   : (Filename: .\Runtime/GfxDevice/vulkan/VKTaskExecutor.cpp Line: 1562)
03-10 14:37:27.326 23022 23103 I Unity   : 
03-10 14:37:27.326 23022 23103 E Unity   : Assertion failed on expression: 'm_ProducerThreadId == CurrentThread::GetID()' 
03-10 14:37:27.326 23022 23103 E Unity   : (Filename: .\Runtime/Threads/ThreadedStreamBuffer.h Line: 341)
03-10 14:37:27.326 23022 23103 E Unity   : 
03-10 14:37:27.326 23022 23103 E Unity   : Assertion failed on expression: 'm_ProducerThreadId == CurrentThread::GetID()' 
03-10 14:37:27.326 23022 23103 E Unity   : (Filename: .\Runtime/Threads/ThreadedStreamBuffer.h Line: 341)
03-10 14:37:27.326 23022 23103 E Unity   : 
03-10 14:37:27.326 23022 23103 E Unity   : Assertion failed on expression: 'm_ProducerThreadId == CurrentThread::GetID()' 
03-10 14:37:27.326 23022 23103 E Unity   : (Filename: .\Runtime/Threads/ThreadedStreamBuffer.h Line: 453)
03-10 14:37:27.326 23022 23103 E Unity   : 
03-10 14:37:27.326 23022 23104 I Unity   : [XD_GPU_PROFILER] kTask_AddRightFence 
03-10 14:37:27.326 23022 23104 I Unity   : (Filename: .\Runtime/GfxDevice/vulkan/VKTaskExecutor.cpp Line: 1633)
03-10 14:37:27.326 23022 23104 I Unity   : 
03-10 14:37:27.327 23022 23103 I Unity   : [XD_GPU_PROFILER] d 
03-10 14:37:27.327 23022 23103 I Unity   : (Filename: .\Runtime/GfxDevice/vulkan/VKTaskExecutor.cpp Line: 1492)
03-10 14:37:27.327 23022 23103 I Unity   : 
03-10 14:37:27.328 23022 23103 I Unity   : [XD_GPU_PROFILER] vkAllocateCommandBuffers 
03-10 14:37:27.328 23022 23103 I Unity   : (Filename: .\Runtime/GfxDevice/vulkan/VKTaskExecutor.cpp Line: 1506)
03-10 14:37:27.328 23022 23103 I Unity   : 
03-10 14:37:27.328 23022 23103 I Unity   : [XD_GPU_PROFILER] vkEndCommandBuffer 
03-10 14:37:27.328 23022 23103 I Unity   : (Filename: .\Runtime/GfxDevice/vulkan/VKTaskExecutor.cpp Line: 1519)
03-10 14:37:27.328 23022 23103 I Unity   : 
03-10 14:37:27.328 23022 23103 I Unity   : [XD_GPU_PROFILER] vkCreateFence 
03-10 14:37:27.328 23022 23103 I Unity   : (Filename: .\Runtime/GfxDevice/vulkan/VKTaskExecutor.cpp Line: 1529)
03-10 14:37:27.328 23022 23103 I Unity   : 
03-10 14:37:27.328 23022 23103 I Unity   : [XD_GPU_PROFILER] vkQueueSubmit 
03-10 14:37:27.328 23022 23103 I Unity   : (Filename: .\Runtime/GfxDevice/vulkan/VKTaskExecutor.cpp Line: 1544)
03-10 14:37:27.328 23022 23103 I Unity   : 
03-10 14:37:27.328 23022 23103 E Unity   : Assertion failed on expression: 'm_ProducerThreadId == CurrentThread::GetID()' 
03-10 14:37:27.328 23022 23103 E Unity   : (Filename: .\Runtime/Threads/ThreadedStreamBuffer.h Line: 341)
03-10 14:37:27.328 23022 23103 E Unity   : 
03-10 14:37:27.328 23022 23103 E Unity   : Assertion failed on expression: 'm_ProducerThreadId == CurrentThread::GetID()' 
03-10 14:37:27.328 23022 23103 E Unity   : (Filename: .\Runtime/Threads/ThreadedStreamBuffer.h Line: 341)
03-10 14:37:27.328 23022 23103 E Unity   : 
03-10 14:37:27.328 23022 23103 E Unity   : Assertion failed on expression: 'm_ProducerThreadId == CurrentThread::GetID()' 
03-10 14:37:27.328 23022 23103 E Unity   : (Filename: .\Runtime/Threads/ThreadedStreamBuffer.h Line: 453)
03-10 14:37:27.328 23022 23103 E Unity   : 
03-10 14:37:27.328 23022 23103 I Unity   : [XD_GPU_PROFILER] vkWaitForFences 1111111111111 
03-10 14:37:27.328 23022 23103 I Unity   : (Filename: .\Runtime/GfxDevice/vulkan/VKTaskExecutor.cpp Line: 1551)
03-10 14:37:27.328 23022 23103 I Unity   : 
03-10 14:37:27.328 23022 23104 I Unity   : [XD_GPU_PROFILER] kTask_AddLeftFence 
03-10 14:37:27.328 23022 23104 I Unity   : (Filename: .\Runtime/GfxDevice/vulkan/VKTaskExecutor.cpp Line: 1615)
03-10 14:37:27.328 23022 23104 I Unity   : 
03-10 14:37:27.328 23022 23103 I Unity   : [XD_GPU_PROFILER] wrong!!! 
03-10 14:37:27.328 23022 23103 I Unity   : (Filename: .\Runtime/GfxDevice/vulkan/VKTaskExecutor.cpp Line: 1554)
03-10 14:37:27.328 23022 23103 I Unity   : 
03-10 14:37:27.335 23022 23103 I Unity   : [XD_GPU_PROFILER] vkWaitForFences 0000000000000 
03-10 14:37:27.335 23022 23103 I Unity   : (Filename: .\Runtime/GfxDevice/vulkan/VKTaskExecutor.cpp Line: 1562)
03-10 14:37:27.335 23022 23103 I Unity   : 
03-10 14:37:27.335 23022 23103 E Unity   : Assertion failed on expression: 'm_ProducerThreadId == CurrentThread::GetID()' 
03-10 14:37:27.335 23022 23103 E Unity   : (Filename: .\Runtime/Threads/ThreadedStreamBuffer.h Line: 341)
03-10 14:37:27.335 23022 23103 E Unity   : 
03-10 14:37:27.335 23022 23103 E Unity   : Assertion failed on expression: 'm_ProducerThreadId == CurrentThread::GetID()' 
03-10 14:37:27.335 23022 23103 E Unity   : (Filename: .\Runtime/Threads/ThreadedStreamBuffer.h Line: 341)
03-10 14:37:27.335 23022 23103 E Unity   : 
03-10 14:37:27.335 23022 23103 E Unity   : Assertion failed on expression: 'm_ProducerThreadId == CurrentThread::GetID()' 
03-10 14:37:27.335 23022 23103 E Unity   : (Filename: .\Runtime/Threads/ThreadedStreamBuffer.h Line: 453)
03-10 14:37:27.335 23022 23103 E Unity   : 
03-10 14:37:27.335 23022 23104 I Unity   : [XD_GPU_PROFILER] kTask_AddRightFence 
03-10 14:37:27.335 23022 23104 I Unity   : (Filename: .\Runtime/GfxDevice/vulkan/VKTaskExecutor.cpp Line: 1633)
03-10 14:37:27.335 23022 23104 I Unity   : 
03-10 14:37:27.336 23022 23103 I Unity   : [XD_GPU_PROFILER] d 
03-10 14:37:27.336 23022 23103 I Unity   : (Filename: .\Runtime/GfxDevice/vulkan/VKTaskExecutor.cpp Line: 1492)
03-10 14:37:27.336 23022 23103 I Unity   : 
03-10 14:37:27.336 23022 23103 I Unity   : [XD_GPU_PROFILER] vkAllocateCommandBuffers 
03-10 14:37:27.336 23022 23103 I Unity   : (Filename: .\Runtime/GfxDevice/vulkan/VKTaskExecutor.cpp Line: 1506)
03-10 14:37:27.336 23022 23103 I Unity   : 
03-10 14:37:27.336 23022 23103 I Unity   : [XD_GPU_PROFILER] vkEndCommandBuffer 
03-10 14:37:27.336 23022 23103 I Unity   : (Filename: .\Runtime/GfxDevice/vulkan/VKTaskExecutor.cpp Line: 1519)
03-10 14:37:27.336 23022 23103 I Unity   : 
03-10 14:37:27.336 23022 23103 I Unity   : [XD_GPU_PROFILER] vkCreateFence 
03-10 14:37:27.336 23022 23103 I Unity   : (Filename: .\Runtime/GfxDevice/vulkan/VKTaskExecutor.cpp Line: 1529)
03-10 14:37:27.336 23022 23103 I Unity   : 
03-10 14:37:27.336 23022 23103 I Unity   : [XD_GPU_PROFILER] vkQueueSubmit 
03-10 14:37:27.336 23022 23103 I Unity   : (Filename: .\Runtime/GfxDevice/vulkan/VKTaskExecutor.cpp Line: 1544)
03-10 14:37:27.336 23022 23103 I Unity   : 
03-10 14:37:27.336 23022 23103 E Unity   : Assertion failed on expression: 'm_ProducerThreadId == CurrentThread::GetID()' 
03-10 14:37:27.336 23022 23103 E Unity   : (Filename: .\Runtime/Threads/ThreadedStreamBuffer.h Line: 341)
03-10 14:37:27.336 23022 23103 E Unity   : 
03-10 14:37:27.336 23022 23103 E Unity   : Assertion failed on expression: 'm_ProducerThreadId == CurrentThread::GetID()' 
03-10 14:37:27.336 23022 23103 E Unity   : (Filename: .\Runtime/Threads/ThreadedStreamBuffer.h Line: 341)
03-10 14:37:27.336 23022 23103 E Unity   : 
03-10 14:37:27.336 23022 23103 E Unity   : Assertion failed on expression: 'm_ProducerThreadId == CurrentThread::GetID()' 
03-10 14:37:27.336 23022 23103 E Unity   : (Filename: .\Runtime/Threads/ThreadedStreamBuffer.h Line: 453)
03-10 14:37:27.336 23022 23103 E Unity   : 
03-10 14:37:27.336 23022 23103 I Unity   : [XD_GPU_PROFILER] vkWaitForFences 1111111111111 
03-10 14:37:27.336 23022 23103 I Unity   : (Filename: .\Runtime/GfxDevice/vulkan/VKTaskExecutor.cpp Line: 1551)
03-10 14:37:27.336 23022 23103 I Unity   : 
03-10 14:37:27.336 23022 23103 I Unity   : [XD_GPU_PROFILER] wrong!!! 
03-10 14:37:27.336 23022 23103 I Unity   : (Filename: .\Runtime/GfxDevice/vulkan/VKTaskExecutor.cpp Line: 1554)
03-10 14:37:27.336 23022 23103 I Unity   : 
03-10 14:37:27.336 23022 23104 I Unity   : [XD_GPU_PROFILER] kTask_AddLeftFence 
03-10 14:37:27.336 23022 23104 I Unity   : (Filename: .\Runtime/GfxDevice/vulkan/VKTaskExecutor.cpp Line: 1615)
03-10 14:37:27.336 23022 23104 I Unity   : 
03-10 14:37:27.337 23022 23103 I Unity   : [XD_GPU_PROFILER] vkWaitForFences 0000000000000 
03-10 14:37:27.337 23022 23103 I Unity   : (Filename: .\Runtime/GfxDevice/vulkan/VKTaskExecutor.cpp Line: 1562)
03-10 14:37:27.337 23022 23103 I Unity   : 
03-10 14:37:27.337 23022 23103 E Unity   : Assertion failed on expression: 'm_ProducerThreadId == CurrentThread::GetID()' 
03-10 14:37:27.337 23022 23103 E Unity   : (Filename: .\Runtime/Threads/ThreadedStreamBuffer.h Line: 341)
03-10 14:37:27.337 23022 23103 E Unity   : 
03-10 14:37:27.337 23022 23103 E Unity   : Assertion failed on expression: 'm_ProducerThreadId == CurrentThread::GetID()' 
03-10 14:37:27.337 23022 23103 E Unity   : (Filename: .\Runtime/Threads/ThreadedStreamBuffer.h Line: 341)
03-10 14:37:27.337 23022 23103 E Unity   : 
03-10 14:37:27.337 23022 23103 E Unity   : Assertion failed on expression: 'm_ProducerThreadId == CurrentThread::GetID()' 
03-10 14:37:27.337 23022 23103 E Unity   : (Filename: .\Runtime/Threads/ThreadedStreamBuffer.h Line: 453)
03-10 14:37:27.337 23022 23103 E Unity   : 
03-10 14:37:27.337 23022 23104 I Unity   : [XD_GPU_PROFILER] kTask_AddRightFence 
03-10 14:37:27.337 23022 23104 I Unity   : (Filename: .\Runtime/GfxDevice/vulkan/VKTaskExecutor.cpp Line: 1633)
03-10 14:37:27.337 23022 23104 I Unity   : 
03-10 14:37:27.339 23022 23103 I Unity   : [XD_GPU_PROFILER] d 
03-10 14:37:27.339 23022 23103 I Unity   : (Filename: .\Runtime/GfxDevice/vulkan/VKTaskExecutor.cpp Line: 1492)
03-10 14:37:27.339 23022 23103 I Unity   : 
03-10 14:37:27.340 23022 23103 I Unity   : [XD_GPU_PROFILER] vkAllocateCommandBuffers 
03-10 14:37:27.340 23022 23103 I Unity   : (Filename: .\Runtime/GfxDevice/vulkan/VKTaskExecutor.cpp Line: 1506)
03-10 14:37:27.340 23022 23103 I Unity   : 
03-10 14:37:27.340 23022 23103 I Unity   : [XD_GPU_PROFILER] vkEndCommandBuffer 
03-10 14:37:27.340 23022 23103 I Unity   : (Filename: .\Runtime/GfxDevice/vulkan/VKTaskExecutor.cpp Line: 1519)
03-10 14:37:27.340 23022 23103 I Unity   : 
03-10 14:37:27.340 23022 23103 I Unity   : [XD_GPU_PROFILER] vkCreateFence 
03-10 14:37:27.340 23022 23103 I Unity   : (Filename: .\Runtime/GfxDevice/vulkan/VKTaskExecutor.cpp Line: 1529)
03-10 14:37:27.340 23022 23103 I Unity   : 
03-10 14:37:27.340 23022 23103 I Unity   : [XD_GPU_PROFILER] vkQueueSubmit 
03-10 14:37:27.340 23022 23103 I Unity   : (Filename: .\Runtime/GfxDevice/vulkan/VKTaskExecutor.cpp Line: 1544)
03-10 14:37:27.340 23022 23103 I Unity   : 
03-10 14:37:27.340 23022 23103 E Unity   : Assertion failed on expression: 'm_ProducerThreadId == CurrentThread::GetID()' 
03-10 14:37:27.340 23022 23103 E Unity   : (Filename: .\Runtime/Threads/ThreadedStreamBuffer.h Line: 341)
03-10 14:37:27.340 23022 23103 E Unity   : 
03-10 14:37:27.340 23022 23103 E Unity   : Assertion failed on expression: 'm_ProducerThreadId == CurrentThread::GetID()' 
03-10 14:37:27.340 23022 23103 E Unity   : (Filename: .\Runtime/Threads/ThreadedStreamBuffer.h Line: 341)
03-10 14:37:27.340 23022 23103 E Unity   : 
03-10 14:37:27.340 23022 23103 E Unity   : Assertion failed on expression: 'm_ProducerThreadId == CurrentThread::GetID()' 
03-10 14:37:27.340 23022 23103 E Unity   : (Filename: .\Runtime/Threads/ThreadedStreamBuffer.h Line: 453)
03-10 14:37:27.340 23022 23103 E Unity   : 
03-10 14:37:27.340 23022 23104 I Unity   : [XD_GPU_PROFILER] kTask_AddLeftFence 
03-10 14:37:27.340 23022 23104 I Unity   : (Filename: .\Runtime/GfxDevice/vulkan/VKTaskExecutor.cpp Line: 1615)
03-10 14:37:27.340 23022 23104 I Unity   : 
03-10 14:37:27.340 23022 23103 I Unity   : [XD_GPU_PROFILER] vkWaitForFences 1111111111111 
03-10 14:37:27.340 23022 23103 I Unity   : (Filename: .\Runtime/GfxDevice/vulkan/VKTaskExecutor.cpp Line: 1551)
03-10 14:37:27.340 23022 23103 I Unity   : 
03-10 14:37:27.340 23022 23103 I Unity   : [XD_GPU_PROFILER] wrong!!! 
03-10 14:37:27.340 23022 23103 I Unity   : (Filename: .\Runtime/GfxDevice/vulkan/VKTaskExecutor.cpp Line: 1554)
03-10 14:37:27.340 23022 23103 I Unity   : 
03-10 14:37:27.340 23022 23103 I Unity   : [XD_GPU_PROFILER] vkWaitForFences 0000000000000 
03-10 14:37:27.340 23022 23103 I Unity   : (Filename: .\Runtime/GfxDevice/vulkan/VKTaskExecutor.cpp Line: 1562)
03-10 14:37:27.340 23022 23103 I Unity   : 
03-10 14:37:27.341 23022 23103 E Unity   : Assertion failed on expression: 'm_ProducerThreadId == CurrentThread::GetID()' 
03-10 14:37:27.341 23022 23103 E Unity   : (Filename: .\Runtime/Threads/ThreadedStreamBuffer.h Line: 341)
03-10 14:37:27.341 23022 23103 E Unity   : 
03-10 14:37:27.341 23022 23103 E Unity   : Assertion failed on expression: 'm_ProducerThreadId == CurrentThread::GetID()' 
03-10 14:37:27.341 23022 23103 E Unity   : (Filename: .\Runtime/Threads/ThreadedStreamBuffer.h Line: 341)
03-10 14:37:27.341 23022 23103 E Unity   : 
03-10 14:37:27.341 23022 23103 E Unity   : Assertion failed on expression: 'm_ProducerThreadId == CurrentThread::GetID()' 
03-10 14:37:27.341 23022 23103 E Unity   : (Filename: .\Runtime/Threads/ThreadedStreamBuffer.h Line: 453)
03-10 14:37:27.341 23022 23103 E Unity   : 
03-10 14:37:27.341 23022 23104 I Unity   : [XD_GPU_PROFILER] kTask_AddRightFence 
03-10 14:37:27.341 23022 23104 I Unity   : (Filename: .\Runtime/GfxDevice/vulkan/VKTaskExecutor.cpp Line: 1633)
03-10 14:37:27.341 23022 23104 I Unity   : 
03-10 14:37:27.341 23022 23103 I Unity   : [XD_GPU_PROFILER] d 
03-10 14:37:27.341 23022 23103 I Unity   : (Filename: .\Runtime/GfxDevice/vulkan/VKTaskExecutor.cpp Line: 1492)
03-10 14:37:27.341 23022 23103 I Unity   : 
03-10 14:37:27.341 23022 23103 I Unity   : [XD_GPU_PROFILER] vkAllocateCommandBuffers 
03-10 14:37:27.341 23022 23103 I Unity   : (Filename: .\Runtime/GfxDevice/vulkan/VKTaskExecutor.cpp Line: 1506)
03-10 14:37:27.341 23022 23103 I Unity   : 
03-10 14:37:27.341 23022 23103 I Unity   : [XD_GPU_PROFILER] vkEndCommandBuffer 
03-10 14:37:27.341 23022 23103 I Unity   : (Filename: .\Runtime/GfxDevice/vulkan/VKTaskExecutor.cpp Line: 1519)
03-10 14:37:27.341 23022 23103 I Unity   : 
03-10 14:37:27.341 23022 23103 I Unity   : [XD_GPU_PROFILER] vkCreateFence 
03-10 14:37:27.341 23022 23103 I Unity   : (Filename: .\Runtime/GfxDevice/vulkan/VKTaskExecutor.cpp Line: 1529)
03-10 14:37:27.341 23022 23103 I Unity   : 
03-10 14:37:27.341 23022 23103 I Unity   : [XD_GPU_PROFILER] vkQueueSubmit 
03-10 14:37:27.341 23022 23103 I Unity   : (Filename: .\Runtime/GfxDevice/vulkan/VKTaskExecutor.cpp Line: 1544)
03-10 14:37:27.341 23022 23103 I Unity   : 
03-10 14:37:27.341 23022 23103 E Unity   : Assertion failed on expression: 'm_ProducerThreadId == CurrentThread::GetID()' 
03-10 14:37:27.341 23022 23103 E Unity   : (Filename: .\Runtime/Threads/ThreadedStreamBuffer.h Line: 341)
03-10 14:37:27.341 23022 23103 E Unity   : 
03-10 14:37:27.342 23022 23103 E Unity   : Assertion failed on expression: 'm_ProducerThreadId == CurrentThread::GetID()' 
03-10 14:37:27.342 23022 23103 E Unity   : (Filename: .\Runtime/Threads/ThreadedStreamBuffer.h Line: 341)
03-10 14:37:27.342 23022 23103 E Unity   : 
03-10 14:37:27.342 23022 23103 E Unity   : Assertion failed on expression: 'm_ProducerThreadId == CurrentThread::GetID()' 
03-10 14:37:27.342 23022 23103 E Unity   : (Filename: .\Runtime/Threads/ThreadedStreamBuffer.h Line: 453)
03-10 14:37:27.342 23022 23103 E Unity   : 
03-10 14:37:27.342 23022 23103 I Unity   : [XD_GPU_PROFILER] vkWaitForFences 1111111111111 
03-10 14:37:27.342 23022 23103 I Unity   : (Filename: .\Runtime/GfxDevice/vulkan/VKTaskExecutor.cpp Line: 1551)
03-10 14:37:27.342 23022 23103 I Unity   : 
03-10 14:37:27.342 23022 23103 I Unity   : [XD_GPU_PROFILER] wrong!!! 
03-10 14:37:27.342 23022 23103 I Unity   : (Filename: .\Runtime/GfxDevice/vulkan/VKTaskExecutor.cpp Line: 1554)
03-10 14:37:27.342 23022 23103 I Unity   : 
03-10 14:37:27.342 23022 23104 I Unity   : [XD_GPU_PROFILER] kTask_AddLeftFence 
03-10 14:37:27.342 23022 23104 I Unity   : (Filename: .\Runtime/GfxDevice/vulkan/VKTaskExecutor.cpp Line: 1615)
03-10 14:37:27.342 23022 23104 I Unity   : 
03-10 14:37:27.342 23022 23103 I Unity   : [XD_GPU_PROFILER] vkWaitForFences 0000000000000 
03-10 14:37:27.342 23022 23103 I Unity   : (Filename: .\Runtime/GfxDevice/vulkan/VKTaskExecutor.cpp Line: 1562)
03-10 14:37:27.342 23022 23103 I Unity   : 
03-10 14:37:27.342 23022 23103 E Unity   : Assertion failed on expression: 'm_ProducerThreadId == CurrentThread::GetID()' 
03-10 14:37:27.342 23022 23103 E Unity   : (Filename: .\Runtime/Threads/ThreadedStreamBuffer.h Line: 341)
03-10 14:37:27.342 23022 23103 E Unity   : 
03-10 14:37:27.342 23022 23103 E Unity   : Assertion failed on expression: 'm_ProducerThreadId == CurrentThread::GetID()' 
03-10 14:37:27.342 23022 23103 E Unity   : (Filename: .\Runtime/Threads/ThreadedStreamBuffer.h Line: 341)
03-10 14:37:27.342 23022 23103 E Unity   : 
03-10 14:37:27.342 23022 23103 E Unity   : Assertion failed on expression: 'm_ProducerThreadId == CurrentThread::GetID()' 
03-10 14:37:27.342 23022 23103 E Unity   : (Filename: .\Runtime/Threads/ThreadedStreamBuffer.h Line: 453)
03-10 14:37:27.342 23022 23103 E Unity   : 
03-10 14:37:27.343 23022 23104 I Unity   : [XD_GPU_PROFILER] kTask_AddRightFence 
03-10 14:37:27.343 23022 23104 I Unity   : (Filename: .\Runtime/GfxDevice/vulkan/VKTaskExecutor.cpp Line: 1633)
03-10 14:37:27.343 23022 23104 I Unity   : 
03-10 14:37:27.343 23022 23103 I Unity   : [XD_GPU_PROFILER] d 
03-10 14:37:27.343 23022 23103 I Unity   : (Filename: .\Runtime/GfxDevice/vulkan/VKTaskExecutor.cpp Line: 1492)
03-10 14:37:27.343 23022 23103 I Unity   : 
03-10 14:37:27.343 23022 23103 I Unity   : [XD_GPU_PROFILER] vkAllocateCommandBuffers 
03-10 14:37:27.343 23022 23103 I Unity   : (Filename: .\Runtime/GfxDevice/vulkan/VKTaskExecutor.cpp Line: 1506)
03-10 14:37:27.343 23022 23103 I Unity   : 
03-10 14:37:27.343 23022 23103 I Unity   : [XD_GPU_PROFILER] vkEndCommandBuffer 
03-10 14:37:27.343 23022 23103 I Unity   : (Filename: .\Runtime/GfxDevice/vulkan/VKTaskExecutor.cpp Line: 1519)
03-10 14:37:27.343 23022 23103 I Unity   : 
03-10 14:37:27.343 23022 23103 I Unity   : [XD_GPU_PROFILER] vkCreateFence 
03-10 14:37:27.343 23022 23103 I Unity   : (Filename: .\Runtime/GfxDevice/vulkan/VKTaskExecutor.cpp Line: 1529)
03-10 14:37:27.343 23022 23103 I Unity   : 
03-10 14:37:27.343 23022 23103 I Unity   : [XD_GPU_PROFILER] vkQueueSubmit 
03-10 14:37:27.343 23022 23103 I Unity   : (Filename: .\Runtime/GfxDevice/vulkan/VKTaskExecutor.cpp Line: 1544)
03-10 14:37:27.343 23022 23103 I Unity   : 
03-10 14:37:27.343 23022 23103 E Unity   : Assertion failed on expression: 'm_ProducerThreadId == CurrentThread::GetID()' 
03-10 14:37:27.343 23022 23103 E Unity   : (Filename: .\Runtime/Threads/ThreadedStreamBuffer.h Line: 341)
03-10 14:37:27.343 23022 23103 E Unity   : 
03-10 14:37:27.343 23022 23103 E Unity   : Assertion failed on expression: 'm_ProducerThreadId == CurrentThread::GetID()' 
03-10 14:37:27.343 23022 23103 E Unity   : (Filename: .\Runtime/Threads/ThreadedStreamBuffer.h Line: 341)
03-10 14:37:27.343 23022 23103 E Unity   : 
03-10 14:37:27.343 23022 23103 E Unity   : Assertion failed on expression: 'm_ProducerThreadId == CurrentThread::GetID()' 
03-10 14:37:27.343 23022 23103 E Unity   : (Filename: .\Runtime/Threads/ThreadedStreamBuffer.h Line: 453)
03-10 14:37:27.343 23022 23103 E Unity   : 
03-10 14:37:27.343 23022 23103 I Unity   : [XD_GPU_PROFILER] vkWaitForFences 1111111111111 
03-10 14:37:27.343 23022 23103 I Unity   : (Filename: .\Runtime/GfxDevice/vulkan/VKTaskExecutor.cpp Line: 1551)
03-10 14:37:27.343 23022 23103 I Unity   : 
03-10 14:37:27.343 23022 23103 I Unity   : [XD_GPU_PROFILER] wrong!!! 
03-10 14:37:27.343 23022 23103 I Unity   : (Filename: .\Runtime/GfxDevice/vulkan/VKTaskExecutor.cpp Line: 1554)
03-10 14:37:27.343 23022 23103 I Unity   : 
03-10 14:37:27.343 23022 23104 I Unity   : [XD_GPU_PROFILER] kTask_AddLeftFence 
03-10 14:37:27.343 23022 23104 I Unity   : (Filename: .\Runtime/GfxDevice/vulkan/VKTaskExecutor.cpp Line: 1615)
03-10 14:37:27.343 23022 23104 I Unity   : 
03-10 14:37:27.352 23022 23103 I Unity   : [XD_GPU_PROFILER] vkWaitForFences 0000000000000 
03-10 14:37:27.352 23022 23103 I Unity   : (Filename: .\Runtime/GfxDevice/vulkan/VKTaskExecutor.cpp Line: 1562)
03-10 14:37:27.352 23022 23103 I Unity   : 
03-10 14:37:27.352 23022 23103 E Unity   : Assertion failed on expression: 'm_ProducerThreadId == CurrentThread::GetID()' 
03-10 14:37:27.352 23022 23103 E Unity   : (Filename: .\Runtime/Threads/ThreadedStreamBuffer.h Line: 341)
03-10 14:37:27.352 23022 23103 E Unity   : 
03-10 14:37:27.352 23022 23103 E Unity   : Assertion failed on expression: 'm_ProducerThreadId == CurrentThread::GetID()' 
03-10 14:37:27.352 23022 23103 E Unity   : (Filename: .\Runtime/Threads/ThreadedStreamBuffer.h Line: 341)
03-10 14:37:27.352 23022 23103 E Unity   : 
03-10 14:37:27.352 23022 23103 E Unity   : Assertion failed on expression: 'm_ProducerThreadId == CurrentThread::GetID()' 
03-10 14:37:27.352 23022 23103 E Unity   : (Filename: .\Runtime/Threads/ThreadedStreamBuffer.h Line: 453)
03-10 14:37:27.352 23022 23103 E Unity   : 
03-10 14:37:27.352 23022 23104 I Unity   : [XD_GPU_PROFILER] kTask_AddRightFence 
03-10 14:37:27.352 23022 23104 I Unity   : (Filename: .\Runtime/GfxDevice/vulkan/VKTaskExecutor.cpp Line: 1633)
03-10 14:37:27.352 23022 23104 I Unity   : 
03-10 14:37:27.353 23022 23103 I Unity   : [XD_GPU_PROFILER] d 
03-10 14:37:27.353 23022 23103 I Unity   : (Filename: .\Runtime/GfxDevice/vulkan/VKTaskExecutor.cpp Line: 1492)
03-10 14:37:27.353 23022 23103 I Unity   : 
03-10 14:37:27.353 23022 23103 I Unity   : [XD_GPU_PROFILER] vkAllocateCommandBuffers 
03-10 14:37:27.353 23022 23103 I Unity   : (Filename: .\Runtime/GfxDevice/vulkan/VKTaskExecutor.cpp Line: 1506)
03-10 14:37:27.353 23022 23103 I Unity   : 
03-10 14:37:27.353 23022 23103 I Unity   : [XD_GPU_PROFILER] vkEndCommandBuffer 
03-10 14:37:27.353 23022 23103 I Unity   : (Filename: .\Runtime/GfxDevice/vulkan/VKTaskExecutor.cpp Line: 1519)
03-10 14:37:27.353 23022 23103 I Unity   : 
03-10 14:37:27.353 23022 23103 I Unity   : [XD_GPU_PROFILER] vkCreateFence 
03-10 14:37:27.353 23022 23103 I Unity   : (Filename: .\Runtime/GfxDevice/vulkan/VKTaskExecutor.cpp Line: 1529)
03-10 14:37:27.353 23022 23103 I Unity   : 
03-10 14:37:27.353 23022 23103 I Unity   : [XD_GPU_PROFILER] vkQueueSubmit 
03-10 14:37:27.353 23022 23103 I Unity   : (Filename: .\Runtime/GfxDevice/vulkan/VKTaskExecutor.cpp Line: 1544)
03-10 14:37:27.353 23022 23103 I Unity   : 
03-10 14:37:27.353 23022 23103 E Unity   : Assertion failed on expression: 'm_ProducerThreadId == CurrentThread::GetID()' 
03-10 14:37:27.353 23022 23103 E Unity   : (Filename: .\Runtime/Threads/ThreadedStreamBuffer.h Line: 341)
03-10 14:37:27.353 23022 23103 E Unity   : 
03-10 14:37:27.353 23022 23103 E Unity   : Assertion failed on expression: 'm_ProducerThreadId == CurrentThread::GetID()' 
03-10 14:37:27.353 23022 23103 E Unity   : (Filename: .\Runtime/Threads/ThreadedStreamBuffer.h Line: 341)
03-10 14:37:27.353 23022 23103 E Unity   : 
03-10 14:37:27.353 23022 23103 E Unity   : Assertion failed on expression: 'm_ProducerThreadId == CurrentThread::GetID()' 
03-10 14:37:27.353 23022 23103 E Unity   : (Filename: .\Runtime/Threads/ThreadedStreamBuffer.h Line: 453)
03-10 14:37:27.353 23022 23103 E Unity   : 
03-10 14:37:27.353 23022 23103 I Unity   : [XD_GPU_PROFILER] vkWaitForFences 1111111111111 
03-10 14:37:27.353 23022 23103 I Unity   : (Filename: .\Runtime/GfxDevice/vulkan/VKTaskExecutor.cpp Line: 1551)
03-10 14:37:27.353 23022 23103 I Unity   : 
03-10 14:37:27.353 23022 23104 I Unity   : [XD_GPU_PROFILER] kTask_AddLeftFence 
03-10 14:37:27.353 23022 23104 I Unity   : (Filename: .\Runtime/GfxDevice/vulkan/VKTaskExecutor.cpp Line: 1615)
03-10 14:37:27.353 23022 23104 I Unity   : 
03-10 14:37:27.353 23022 23103 I Unity   : [XD_GPU_PROFILER] wrong!!! 
03-10 14:37:27.353 23022 23103 I Unity   : (Filename: .\Runtime/GfxDevice/vulkan/VKTaskExecutor.cpp Line: 1554)
03-10 14:37:27.353 23022 23103 I Unity   : 
03-10 14:37:27.353 23022 23103 I Unity   : [XD_GPU_PROFILER] vkWaitForFences 0000000000000 
03-10 14:37:27.353 23022 23103 I Unity   : (Filename: .\Runtime/GfxDevice/vulkan/VKTaskExecutor.cpp Line: 1562)
03-10 14:37:27.353 23022 23103 I Unity   : 
03-10 14:37:27.354 23022 23103 E Unity   : Assertion failed on expression: 'm_ProducerThreadId == CurrentThread::GetID()' 
03-10 14:37:27.354 23022 23103 E Unity   : (Filename: .\Runtime/Threads/ThreadedStreamBuffer.h Line: 341)
03-10 14:37:27.354 23022 23103 E Unity   : 
03-10 14:37:27.354 23022 23103 E Unity   : Assertion failed on expression: 'm_ProducerThreadId == CurrentThread::GetID()' 
03-10 14:37:27.354 23022 23103 E Unity   : (Filename: .\Runtime/Threads/ThreadedStreamBuffer.h Line: 341)
03-10 14:37:27.354 23022 23103 E Unity   : 
03-10 14:37:27.354 23022 23103 E Unity   : Assertion failed on expression: 'm_ProducerThreadId == CurrentThread::GetID()' 
03-10 14:37:27.354 23022 23103 E Unity   : (Filename: .\Runtime/Threads/ThreadedStreamBuffer.h Line: 453)
03-10 14:37:27.354 23022 23103 E Unity   : 
03-10 14:37:27.354 23022 23104 I Unity   : [XD_GPU_PROFILER] kTask_AddRightFence 
03-10 14:37:27.354 23022 23104 I Unity   : (Filename: .\Runtime/GfxDevice/vulkan/VKTaskExecutor.cpp Line: 1633)
03-10 14:37:27.354 23022 23104 I Unity   : 
03-10 14:37:27.354 23022 23103 I Unity   : [XD_GPU_PROFILER] d 
03-10 14:37:27.354 23022 23103 I Unity   : (Filename: .\Runtime/GfxDevice/vulkan/VKTaskExecutor.cpp Line: 1492)
03-10 14:37:27.354 23022 23103 I Unity   : 
03-10 14:37:27.354 23022 23103 I Unity   : [XD_GPU_PROFILER] vkAllocateCommandBuffers 
03-10 14:37:27.354 23022 23103 I Unity   : (Filename: .\Runtime/GfxDevice/vulkan/VKTaskExecutor.cpp Line: 1506)
03-10 14:37:27.354 23022 23103 I Unity   : 
03-10 14:37:27.354 23022 23103 I Unity   : [XD_GPU_PROFILER] vkEndCommandBuffer 
03-10 14:37:27.354 23022 23103 I Unity   : (Filename: .\Runtime/GfxDevice/vulkan/VKTaskExecutor.cpp Line: 1519)
03-10 14:37:27.354 23022 23103 I Unity   : 
03-10 14:37:27.354 23022 23103 I Unity   : [XD_GPU_PROFILER] vkCreateFence 
03-10 14:37:27.354 23022 23103 I Unity   : (Filename: .\Runtime/GfxDevice/vulkan/VKTaskExecutor.cpp Line: 1529)
03-10 14:37:27.354 23022 23103 I Unity   : 
03-10 14:37:27.354 23022 23103 I Unity   : [XD_GPU_PROFILER] vkQueueSubmit 
03-10 14:37:27.354 23022 23103 I Unity   : (Filename: .\Runtime/GfxDevice/vulkan/VKTaskExecutor.cpp Line: 1544)
03-10 14:37:27.354 23022 23103 I Unity   : 
03-10 14:37:27.354 23022 23103 E Unity   : Assertion failed on expression: 'm_ProducerThreadId == CurrentThread::GetID()' 
03-10 14:37:27.354 23022 23103 E Unity   : (Filename: .\Runtime/Threads/ThreadedStreamBuffer.h Line: 341)
03-10 14:37:27.354 23022 23103 E Unity   : 
03-10 14:37:27.354 23022 23103 E Unity   : Assertion failed on expression: 'm_ProducerThreadId == CurrentThread::GetID()' 
03-10 14:37:27.354 23022 23103 E Unity   : (Filename: .\Runtime/Threads/ThreadedStreamBuffer.h Line: 341)
03-10 14:37:27.354 23022 23103 E Unity   : 
03-10 14:37:27.354 23022 23103 E Unity   : Assertion failed on expression: 'm_ProducerThreadId == CurrentThread::GetID()' 
03-10 14:37:27.354 23022 23103 E Unity   : (Filename: .\Runtime/Threads/ThreadedStreamBuffer.h Line: 453)
03-10 14:37:27.354 23022 23103 E Unity   : 
03-10 14:37:27.354 23022 23103 I Unity   : [XD_GPU_PROFILER] vkWaitForFences 1111111111111 
03-10 14:37:27.354 23022 23103 I Unity   : (Filename: .\Runtime/GfxDevice/vulkan/VKTaskExecutor.cpp Line: 1551)
03-10 14:37:27.354 23022 23103 I Unity   : 
03-10 14:37:27.354 23022 23104 I Unity   : [XD_GPU_PROFILER] kTask_AddLeftFence 
03-10 14:37:27.354 23022 23104 I Unity   : (Filename: .\Runtime/GfxDevice/vulkan/VKTaskExecutor.cpp Line: 1615)
03-10 14:37:27.354 23022 23104 I Unity   : 
03-10 14:37:27.354 23022 23103 I Unity   : [XD_GPU_PROFILER] wrong!!! 
03-10 14:37:27.354 23022 23103 I Unity   : (Filename: .\Runtime/GfxDevice/vulkan/VKTaskExecutor.cpp Line: 1554)
03-10 14:37:27.354 23022 23103 I Unity   : 
03-10 14:37:27.355 23022 23103 I Unity   : [XD_GPU_PROFILER] vkWaitForFences 0000000000000 
03-10 14:37:27.355 23022 23103 I Unity   : (Filename: .\Runtime/GfxDevice/vulkan/VKTaskExecutor.cpp Line: 1562)
03-10 14:37:27.355 23022 23103 I Unity   : 
03-10 14:37:27.355 23022 23103 E Unity   : Assertion failed on expression: 'm_ProducerThreadId == CurrentThread::GetID()' 
03-10 14:37:27.355 23022 23103 E Unity   : (Filename: .\Runtime/Threads/ThreadedStreamBuffer.h Line: 341)
03-10 14:37:27.355 23022 23103 E Unity   : 
03-10 14:37:27.355 23022 23103 E Unity   : Assertion failed on expression: 'm_ProducerThreadId == CurrentThread::GetID()' 
03-10 14:37:27.355 23022 23103 E Unity   : (Filename: .\Runtime/Threads/ThreadedStreamBuffer.h Line: 341)
03-10 14:37:27.355 23022 23103 E Unity   : 
03-10 14:37:27.355 23022 23103 E Unity   : Assertion failed on expression: 'm_ProducerThreadId == CurrentThread::GetID()' 
03-10 14:37:27.355 23022 23103 E Unity   : (Filename: .\Runtime/Threads/ThreadedStreamBuffer.h Line: 453)
03-10 14:37:27.355 23022 23103 E Unity   : 
03-10 14:37:27.355 23022 23104 I Unity   : [XD_GPU_PROFILER] kTask_AddRightFence 
03-10 14:37:27.355 23022 23104 I Unity   : (Filename: .\Runtime/GfxDevice/vulkan/VKTaskExecutor.cpp Line: 1633)
03-10 14:37:27.355 23022 23104 I Unity   : 
03-10 14:37:27.356 23022 23103 I Unity   : [XD_GPU_PROFILER] d 
03-10 14:37:27.356 23022 23103 I Unity   : (Filename: .\Runtime/GfxDevice/vulkan/VKTaskExecutor.cpp Line: 1492)
03-10 14:37:27.356 23022 23103 I Unity   : 
03-10 14:37:27.356 23022 23103 I Unity   : [XD_GPU_PROFILER] vkAllocateCommandBuffers 
03-10 14:37:27.356 23022 23103 I Unity   : (Filename: .\Runtime/GfxDevice/vulkan/VKTaskExecutor.cpp Line: 1506)
03-10 14:37:27.356 23022 23103 I Unity   : 
03-10 14:37:27.357 23022 23103 I Unity   : [XD_GPU_PROFILER] vkEndCommandBuffer 
03-10 14:37:27.357 23022 23103 I Unity   : (Filename: .\Runtime/GfxDevice/vulkan/VKTaskExecutor.cpp Line: 1519)
03-10 14:37:27.357 23022 23103 I Unity   : 
03-10 14:37:27.357 23022 23103 I Unity   : [XD_GPU_PROFILER] vkCreateFence 
03-10 14:37:27.357 23022 23103 I Unity   : (Filename: .\Runtime/GfxDevice/vulkan/VKTaskExecutor.cpp Line: 1529)
03-10 14:37:27.357 23022 23103 I Unity   : 
03-10 14:37:27.357 23022 23103 I Unity   : [XD_GPU_PROFILER] vkQueueSubmit 
03-10 14:37:27.357 23022 23103 I Unity   : (Filename: .\Runtime/GfxDevice/vulkan/VKTaskExecutor.cpp Line: 1544)
03-10 14:37:27.357 23022 23103 I Unity   : 
03-10 14:37:27.357 23022 23103 E Unity   : Assertion failed on expression: 'm_ProducerThreadId == CurrentThread::GetID()' 
03-10 14:37:27.357 23022 23103 E Unity   : (Filename: .\Runtime/Threads/ThreadedStreamBuffer.h Line: 341)
03-10 14:37:27.357 23022 23103 E Unity   : 
03-10 14:37:27.357 23022 23103 E Unity   : Assertion failed on expression: 'm_ProducerThreadId == CurrentThread::GetID()' 
03-10 14:37:27.357 23022 23103 E Unity   : (Filename: .\Runtime/Threads/ThreadedStreamBuffer.h Line: 341)
03-10 14:37:27.357 23022 23103 E Unity   : 
03-10 14:37:27.357 23022 23103 E Unity   : Assertion failed on expression: 'm_ProducerThreadId == CurrentThread::GetID()' 
03-10 14:37:27.357 23022 23103 E Unity   : (Filename: .\Runtime/Threads/ThreadedStreamBuffer.h Line: 453)
03-10 14:37:27.357 23022 23103 E Unity   : 
03-10 14:37:27.357 23022 23104 I Unity   : [XD_GPU_PROFILER] kTask_AddLeftFence 
03-10 14:37:27.357 23022 23104 I Unity   : (Filename: .\Runtime/GfxDevice/vulkan/VKTaskExecutor.cpp Line: 1615)
03-10 14:37:27.357 23022 23104 I Unity   : 
03-10 14:37:27.357 23022 23103 I Unity   : [XD_GPU_PROFILER] vkWaitForFences 1111111111111 
03-10 14:37:27.357 23022 23103 I Unity   : (Filename: .\Runtime/GfxDevice/vulkan/VKTaskExecutor.cpp Line: 1551)
03-10 14:37:27.357 23022 23103 I Unity   : 
03-10 14:37:27.357 23022 23103 I Unity   : [XD_GPU_PROFILER] wrong!!! 
03-10 14:37:27.357 23022 23103 I Unity   : (Filename: .\Runtime/GfxDevice/vulkan/VKTaskExecutor.cpp Line: 1554)
03-10 14:37:27.357 23022 23103 I Unity   : 
03-10 14:37:27.357 23022 23103 I Unity   : [XD_GPU_PROFILER] vkWaitForFences 0000000000000 
03-10 14:37:27.357 23022 23103 I Unity   : (Filename: .\Runtime/GfxDevice/vulkan/VKTaskExecutor.cpp Line: 1562)
03-10 14:37:27.357 23022 23103 I Unity   : 
03-10 14:37:27.358 23022 23103 E Unity   : Assertion failed on expression: 'm_ProducerThreadId == CurrentThread::GetID()' 
03-10 14:37:27.358 23022 23103 E Unity   : (Filename: .\Runtime/Threads/ThreadedStreamBuffer.h Line: 341)
03-10 14:37:27.358 23022 23103 E Unity   : 
03-10 14:37:27.358 23022 23103 E Unity   : Assertion failed on expression: 'm_ProducerThreadId == CurrentThread::GetID()' 
03-10 14:37:27.358 23022 23103 E Unity   : (Filename: .\Runtime/Threads/ThreadedStreamBuffer.h Line: 341)
03-10 14:37:27.358 23022 23103 E Unity   : 
03-10 14:37:27.358 23022 23103 E Unity   : Assertion failed on expression: 'm_ProducerThreadId == CurrentThread::GetID()' 
