03-10 14:37:27.487 23022 23103 E Unity   : Assertion failed on expression: 'm_ProducerThreadId == CurrentThread::GetID()' 
03-10 14:37:27.487 23022 23103 E Unity   : (Filename: .\Runtime/Threads/ThreadedStreamBuffer.h Line: 453)
03-10 14:37:27.487 23022 23103 E Unity   : 
03-10 14:37:27.488 23022 23104 I Unity   : [XD_GPU_PROFILER] kTask_AddRightFence 
03-10 14:37:27.488 23022 23104 I Unity   : (Filename: .\Runtime/GfxDevice/vulkan/VKTaskExecutor.cpp Line: 1633)
03-10 14:37:27.488 23022 23104 I Unity   : 
03-10 14:37:27.489 23022 23103 I Unity   : [XD_GPU_PROFILER] d 
03-10 14:37:27.489 23022 23103 I Unity   : (Filename: .\Runtime/GfxDevice/vulkan/VKTaskExecutor.cpp Line: 1492)
03-10 14:37:27.489 23022 23103 I Unity   : 
03-10 14:37:27.490 23022 23103 I Unity   : [XD_GPU_PROFILER] vkAllocateCommandBuffers 
03-10 14:37:27.490 23022 23103 I Unity   : (Filename: .\Runtime/GfxDevice/vulkan/VKTaskExecutor.cpp Line: 1506)
03-10 14:37:27.490 23022 23103 I Unity   : 
03-10 14:37:27.490 23022 23103 I Unity   : [XD_GPU_PROFILER] vkEndCommandBuffer 
03-10 14:37:27.490 23022 23103 I Unity   : (Filename: .\Runtime/GfxDevice/vulkan/VKTaskExecutor.cpp Line: 1519)
03-10 14:37:27.490 23022 23103 I Unity   : 
03-10 14:37:27.490 23022 23103 I Unity   : [XD_GPU_PROFILER] vkCreateFence 
03-10 14:37:27.490 23022 23103 I Unity   : (Filename: .\Runtime/GfxDevice/vulkan/VKTaskExecutor.cpp Line: 1529)
03-10 14:37:27.490 23022 23103 I Unity   : 
03-10 14:37:27.490 23022 23103 I Unity   : [XD_GPU_PROFILER] vkQueueSubmit 
03-10 14:37:27.490 23022 23103 I Unity   : (Filename: .\Runtime/GfxDevice/vulkan/VKTaskExecutor.cpp Line: 1544)
03-10 14:37:27.490 23022 23103 I Unity   : 
03-10 14:37:27.490 23022 23103 E Unity   : Assertion failed on expression: 'm_ProducerThreadId == CurrentThread::GetID()' 
03-10 14:37:27.490 23022 23103 E Unity   : (Filename: .\Runtime/Threads/ThreadedStreamBuffer.h Line: 341)
03-10 14:37:27.490 23022 23103 E Unity   : 
03-10 14:37:27.490 23022 23103 E Unity   : Assertion failed on expression: 'm_ProducerThreadId == CurrentThread::GetID()' 
03-10 14:37:27.490 23022 23103 E Unity   : (Filename: .\Runtime/Threads/ThreadedStreamBuffer.h Line: 341)
03-10 14:37:27.490 23022 23103 E Unity   : 
03-10 14:37:27.490 23022 23103 E Unity   : Assertion failed on expression: 'm_ProducerThreadId == CurrentThread::GetID()' 
03-10 14:37:27.490 23022 23103 E Unity   : (Filename: .\Runtime/Threads/ThreadedStreamBuffer.h Line: 453)
03-10 14:37:27.490 23022 23103 E Unity   : 
03-10 14:37:27.490 23022 23103 I Unity   : [XD_GPU_PROFILER] vkWaitForFences 1111111111111 
03-10 14:37:27.490 23022 23103 I Unity   : (Filename: .\Runtime/GfxDevice/vulkan/VKTaskExecutor.cpp Line: 1551)
03-10 14:37:27.490 23022 23103 I Unity   : 
03-10 14:37:27.490 23022 23103 I Unity   : [XD_GPU_PROFILER] wrong!!! 
03-10 14:37:27.490 23022 23103 I Unity   : (Filename: .\Runtime/GfxDevice/vulkan/VKTaskExecutor.cpp Line: 1554)
03-10 14:37:27.490 23022 23103 I Unity   : 
03-10 14:37:27.490 23022 23104 I Unity   : [XD_GPU_PROFILER] kTask_AddLeftFence 
03-10 14:37:27.490 23022 23104 I Unity   : (Filename: .\Runtime/GfxDevice/vulkan/VKTaskExecutor.cpp Line: 1615)
03-10 14:37:27.490 23022 23104 I Unity   : 
03-10 14:37:27.491 23022 23103 I Unity   : [XD_GPU_PROFILER] vkWaitForFences 0000000000000 
03-10 14:37:27.491 23022 23103 I Unity   : (Filename: .\Runtime/GfxDevice/vulkan/VKTaskExecutor.cpp Line: 1562)
03-10 14:37:27.491 23022 23103 I Unity   : 
03-10 14:37:27.491 23022 23103 E Unity   : Assertion failed on expression: 'm_ProducerThreadId == CurrentThread::GetID()' 
03-10 14:37:27.491 23022 23103 E Unity   : (Filename: .\Runtime/Threads/ThreadedStreamBuffer.h Line: 341)
03-10 14:37:27.491 23022 23103 E Unity   : 
03-10 14:37:27.491 23022 23103 E Unity   : Assertion failed on expression: 'm_ProducerThreadId == CurrentThread::GetID()' 
03-10 14:37:27.491 23022 23103 E Unity   : (Filename: .\Runtime/Threads/ThreadedStreamBuffer.h Line: 341)
03-10 14:37:27.491 23022 23103 E Unity   : 
03-10 14:37:27.491 23022 23103 E Unity   : Assertion failed on expression: 'm_ProducerThreadId == CurrentThread::GetID()' 
03-10 14:37:27.491 23022 23103 E Unity   : (Filename: .\Runtime/Threads/ThreadedStreamBuffer.h Line: 453)
03-10 14:37:27.491 23022 23103 E Unity   : 
03-10 14:37:27.492 23022 23104 I Unity   : [XD_GPU_PROFILER] kTask_AddRightFence 
03-10 14:37:27.492 23022 23104 I Unity   : (Filename: .\Runtime/GfxDevice/vulkan/VKTaskExecutor.cpp Line: 1633)
03-10 14:37:27.492 23022 23104 I Unity   : 
03-10 14:37:27.492 23022 23103 I Unity   : [XD_GPU_PROFILER] d 
03-10 14:37:27.492 23022 23103 I Unity   : (Filename: .\Runtime/GfxDevice/vulkan/VKTaskExecutor.cpp Line: 1492)
03-10 14:37:27.492 23022 23103 I Unity   : 
03-10 14:37:27.492 23022 23103 I Unity   : [XD_GPU_PROFILER] vkAllocateCommandBuffers 
03-10 14:37:27.492 23022 23103 I Unity   : (Filename: .\Runtime/GfxDevice/vulkan/VKTaskExecutor.cpp Line: 1506)
03-10 14:37:27.492 23022 23103 I Unity   : 
03-10 14:37:27.492 23022 23103 I Unity   : [XD_GPU_PROFILER] vkEndCommandBuffer 
03-10 14:37:27.492 23022 23103 I Unity   : (Filename: .\Runtime/GfxDevice/vulkan/VKTaskExecutor.cpp Line: 1519)
03-10 14:37:27.492 23022 23103 I Unity   : 
03-10 14:37:27.492 23022 23103 I Unity   : [XD_GPU_PROFILER] vkCreateFence 
03-10 14:37:27.492 23022 23103 I Unity   : (Filename: .\Runtime/GfxDevice/vulkan/VKTaskExecutor.cpp Line: 1529)
03-10 14:37:27.492 23022 23103 I Unity   : 
03-10 14:37:27.492 23022 23103 I Unity   : [XD_GPU_PROFILER] vkQueueSubmit 
03-10 14:37:27.492 23022 23103 I Unity   : (Filename: .\Runtime/GfxDevice/vulkan/VKTaskExecutor.cpp Line: 1544)
03-10 14:37:27.492 23022 23103 I Unity   : 
03-10 14:37:27.492 23022 23103 E Unity   : Assertion failed on expression: 'm_ProducerThreadId == CurrentThread::GetID()' 
03-10 14:37:27.492 23022 23103 E Unity   : (Filename: .\Runtime/Threads/ThreadedStreamBuffer.h Line: 341)
03-10 14:37:27.492 23022 23103 E Unity   : 
03-10 14:37:27.492 23022 23103 E Unity   : Assertion failed on expression: 'm_ProducerThreadId == CurrentThread::GetID()' 
03-10 14:37:27.492 23022 23103 E Unity   : (Filename: .\Runtime/Threads/ThreadedStreamBuffer.h Line: 341)
03-10 14:37:27.492 23022 23103 E Unity   : 
03-10 14:37:27.493 23022 23103 E Unity   : Assertion failed on expression: 'm_ProducerThreadId == CurrentThread::GetID()' 
03-10 14:37:27.493 23022 23103 E Unity   : (Filename: .\Runtime/Threads/ThreadedStreamBuffer.h Line: 453)
03-10 14:37:27.493 23022 23103 E Unity   : 
03-10 14:37:27.493 23022 23103 I Unity   : [XD_GPU_PROFILER] vkWaitForFences 1111111111111 
03-10 14:37:27.493 23022 23103 I Unity   : (Filename: .\Runtime/GfxDevice/vulkan/VKTaskExecutor.cpp Line: 1551)
03-10 14:37:27.493 23022 23103 I Unity   : 
03-10 14:37:27.493 23022 23104 I Unity   : [XD_GPU_PROFILER] kTask_AddLeftFence 
03-10 14:37:27.493 23022 23104 I Unity   : (Filename: .\Runtime/GfxDevice/vulkan/VKTaskExecutor.cpp Line: 1615)
03-10 14:37:27.493 23022 23104 I Unity   : 
03-10 14:37:27.493 23022 23103 I Unity   : [XD_GPU_PROFILER] wrong!!! 
03-10 14:37:27.493 23022 23103 I Unity   : (Filename: .\Runtime/GfxDevice/vulkan/VKTaskExecutor.cpp Line: 1554)
03-10 14:37:27.493 23022 23103 I Unity   : 
03-10 14:37:27.501 23022 23103 I Unity   : [XD_GPU_PROFILER] vkWaitForFences 0000000000000 
03-10 14:37:27.501 23022 23103 I Unity   : (Filename: .\Runtime/GfxDevice/vulkan/VKTaskExecutor.cpp Line: 1562)
03-10 14:37:27.501 23022 23103 I Unity   : 
03-10 14:37:27.501 23022 23103 E Unity   : Assertion failed on expression: 'm_ProducerThreadId == CurrentThread::GetID()' 
03-10 14:37:27.501 23022 23103 E Unity   : (Filename: .\Runtime/Threads/ThreadedStreamBuffer.h Line: 341)
03-10 14:37:27.501 23022 23103 E Unity   : 
03-10 14:37:27.501 23022 23103 E Unity   : Assertion failed on expression: 'm_ProducerThreadId == CurrentThread::GetID()' 
03-10 14:37:27.501 23022 23103 E Unity   : (Filename: .\Runtime/Threads/ThreadedStreamBuffer.h Line: 341)
03-10 14:37:27.501 23022 23103 E Unity   : 
03-10 14:37:27.501 23022 23103 E Unity   : Assertion failed on expression: 'm_ProducerThreadId == CurrentThread::GetID()' 
03-10 14:37:27.501 23022 23103 E Unity   : (Filename: .\Runtime/Threads/ThreadedStreamBuffer.h Line: 453)
03-10 14:37:27.501 23022 23103 E Unity   : 
03-10 14:37:27.502 23022 23022 I Unity   : onPause
03-10 14:37:27.505 23022 23104 I Unity   : [XD_GPU_PROFILER] kTask_AddRightFence 
03-10 14:37:27.505 23022 23104 I Unity   : (Filename: .\Runtime/GfxDevice/vulkan/VKTaskExecutor.cpp Line: 1633)
03-10 14:37:27.505 23022 23104 I Unity   : 
03-10 14:37:27.507 23022 23103 I Unity   : [XD_GPU_PROFILER] d 
03-10 14:37:27.507 23022 23103 I Unity   : (Filename: .\Runtime/GfxDevice/vulkan/VKTaskExecutor.cpp Line: 1492)
03-10 14:37:27.507 23022 23103 I Unity   : 
03-10 14:37:27.507 23022 23103 I Unity   : [XD_GPU_PROFILER] vkAllocateCommandBuffers 
03-10 14:37:27.507 23022 23103 I Unity   : (Filename: .\Runtime/GfxDevice/vulkan/VKTaskExecutor.cpp Line: 1506)
03-10 14:37:27.507 23022 23103 I Unity   : 
03-10 14:37:27.507 23022 23103 I Unity   : [XD_GPU_PROFILER] vkEndCommandBuffer 
03-10 14:37:27.507 23022 23103 I Unity   : (Filename: .\Runtime/GfxDevice/vulkan/VKTaskExecutor.cpp Line: 1519)
03-10 14:37:27.507 23022 23103 I Unity   : 
03-10 14:37:27.507 23022 23103 I Unity   : [XD_GPU_PROFILER] vkCreateFence 
03-10 14:37:27.507 23022 23103 I Unity   : (Filename: .\Runtime/GfxDevice/vulkan/VKTaskExecutor.cpp Line: 1529)
03-10 14:37:27.507 23022 23103 I Unity   : 
03-10 14:37:27.507 23022 23103 I Unity   : [XD_GPU_PROFILER] vkQueueSubmit 
03-10 14:37:27.507 23022 23103 I Unity   : (Filename: .\Runtime/GfxDevice/vulkan/VKTaskExecutor.cpp Line: 1544)
03-10 14:37:27.507 23022 23103 I Unity   : 
03-10 14:37:27.507 23022 23103 E Unity   : Assertion failed on expression: 'm_ProducerThreadId == CurrentThread::GetID()' 
03-10 14:37:27.507 23022 23103 E Unity   : (Filename: .\Runtime/Threads/ThreadedStreamBuffer.h Line: 341)
03-10 14:37:27.507 23022 23103 E Unity   : 
03-10 14:37:27.507 23022 23103 E Unity   : Assertion failed on expression: 'm_ProducerThreadId == CurrentThread::GetID()' 
03-10 14:37:27.507 23022 23103 E Unity   : (Filename: .\Runtime/Threads/ThreadedStreamBuffer.h Line: 341)
03-10 14:37:27.507 23022 23103 E Unity   : 
03-10 14:37:27.507 23022 23103 E Unity   : Assertion failed on expression: 'm_ProducerThreadId == CurrentThread::GetID()' 
03-10 14:37:27.507 23022 23103 E Unity   : (Filename: .\Runtime/Threads/ThreadedStreamBuffer.h Line: 453)
03-10 14:37:27.507 23022 23103 E Unity   : 
03-10 14:37:27.507 23022 23103 I Unity   : [XD_GPU_PROFILER] vkWaitForFences 1111111111111 
03-10 14:37:27.507 23022 23103 I Unity   : (Filename: .\Runtime/GfxDevice/vulkan/VKTaskExecutor.cpp Line: 1551)
03-10 14:37:27.507 23022 23103 I Unity   : 
03-10 14:37:27.507 23022 23103 I Unity   : [XD_GPU_PROFILER] wrong!!! 
03-10 14:37:27.507 23022 23103 I Unity   : (Filename: .\Runtime/GfxDevice/vulkan/VKTaskExecutor.cpp Line: 1554)
03-10 14:37:27.507 23022 23103 I Unity   : 
03-10 14:37:27.508 23022 23104 I Unity   : [XD_GPU_PROFILER] kTask_AddLeftFence 
03-10 14:37:27.508 23022 23104 I Unity   : (Filename: .\Runtime/GfxDevice/vulkan/VKTaskExecutor.cpp Line: 1615)
03-10 14:37:27.508 23022 23104 I Unity   : 
03-10 14:37:27.510 23022 23103 I Unity   : [XD_GPU_PROFILER] vkWaitForFences 0000000000000 
03-10 14:37:27.510 23022 23103 I Unity   : (Filename: .\Runtime/GfxDevice/vulkan/VKTaskExecutor.cpp Line: 1562)
03-10 14:37:27.510 23022 23103 I Unity   : 
03-10 14:37:27.510 23022 23103 E Unity   : Assertion failed on expression: 'm_ProducerThreadId == CurrentThread::GetID()' 
03-10 14:37:27.510 23022 23103 E Unity   : (Filename: .\Runtime/Threads/ThreadedStreamBuffer.h Line: 341)
03-10 14:37:27.510 23022 23103 E Unity   : 
03-10 14:37:27.510 23022 23103 E Unity   : Assertion failed on expression: 'm_ProducerThreadId == CurrentThread::GetID()' 
03-10 14:37:27.510 23022 23103 E Unity   : (Filename: .\Runtime/Threads/ThreadedStreamBuffer.h Line: 341)
03-10 14:37:27.510 23022 23103 E Unity   : 
03-10 14:37:27.510 23022 23103 E Unity   : Assertion failed on expression: 'm_ProducerThreadId == CurrentThread::GetID()' 
03-10 14:37:27.510 23022 23103 E Unity   : (Filename: .\Runtime/Threads/ThreadedStreamBuffer.h Line: 453)
03-10 14:37:27.510 23022 23103 E Unity   : 
03-10 14:37:27.510 23022 23104 I Unity   : [XD_GPU_PROFILER] kTask_AddRightFence 
03-10 14:37:27.510 23022 23104 I Unity   : (Filename: .\Runtime/GfxDevice/vulkan/VKTaskExecutor.cpp Line: 1633)
03-10 14:37:27.510 23022 23104 I Unity   : 
03-10 14:37:27.511 23022 23055 V Unity   : Java_[...]_nativePause
03-10 14:37:27.512 23022 23103 I Unity   : [XD_GPU_PROFILER] d 
03-10 14:37:27.512 23022 23103 I Unity   : (Filename: .\Runtime/GfxDevice/vulkan/VKTaskExecutor.cpp Line: 1492)
03-10 14:37:27.512 23022 23103 I Unity   : 
03-10 14:37:27.512 23022 23103 I Unity   : [XD_GPU_PROFILER] vkAllocateCommandBuffers 
03-10 14:37:27.512 23022 23103 I Unity   : (Filename: .\Runtime/GfxDevice/vulkan/VKTaskExecutor.cpp Line: 1506)
03-10 14:37:27.512 23022 23103 I Unity   : 
03-10 14:37:27.512 23022 23103 I Unity   : [XD_GPU_PROFILER] vkEndCommandBuffer 
03-10 14:37:27.512 23022 23103 I Unity   : (Filename: .\Runtime/GfxDevice/vulkan/VKTaskExecutor.cpp Line: 1519)
03-10 14:37:27.512 23022 23103 I Unity   : 
03-10 14:37:27.512 23022 23103 I Unity   : [XD_GPU_PROFILER] vkCreateFence 
03-10 14:37:27.512 23022 23103 I Unity   : (Filename: .\Runtime/GfxDevice/vulkan/VKTaskExecutor.cpp Line: 1529)
03-10 14:37:27.512 23022 23103 I Unity   : 
03-10 14:37:27.512 23022 23103 I Unity   : [XD_GPU_PROFILER] vkQueueSubmit 
03-10 14:37:27.512 23022 23103 I Unity   : (Filename: .\Runtime/GfxDevice/vulkan/VKTaskExecutor.cpp Line: 1544)
03-10 14:37:27.512 23022 23103 I Unity   : 
03-10 14:37:27.512 23022 23103 E Unity   : Assertion failed on expression: 'm_ProducerThreadId == CurrentThread::GetID()' 
03-10 14:37:27.512 23022 23103 E Unity   : (Filename: .\Runtime/Threads/ThreadedStreamBuffer.h Line: 341)
03-10 14:37:27.512 23022 23103 E Unity   : 
03-10 14:37:27.512 23022 23103 E Unity   : Assertion failed on expression: 'm_ProducerThreadId == CurrentThread::GetID()' 
03-10 14:37:27.512 23022 23103 E Unity   : (Filename: .\Runtime/Threads/ThreadedStreamBuffer.h Line: 341)
03-10 14:37:27.512 23022 23103 E Unity   : 
03-10 14:37:27.512 23022 23103 E Unity   : Assertion failed on expression: 'm_ProducerThreadId == CurrentThread::GetID()' 
03-10 14:37:27.512 23022 23103 E Unity   : (Filename: .\Runtime/Threads/ThreadedStreamBuffer.h Line: 453)
03-10 14:37:27.512 23022 23103 E Unity   : 
03-10 14:37:27.512 23022 23103 I Unity   : [XD_GPU_PROFILER] vkWaitForFences 1111111111111 
03-10 14:37:27.512 23022 23103 I Unity   : (Filename: .\Runtime/GfxDevice/vulkan/VKTaskExecutor.cpp Line: 1551)
03-10 14:37:27.512 23022 23103 I Unity   : 
03-10 14:37:27.512 23022 23104 I Unity   : [XD_GPU_PROFILER] kTask_AddLeftFence 
03-10 14:37:27.512 23022 23104 I Unity   : (Filename: .\Runtime/GfxDevice/vulkan/VKTaskExecutor.cpp Line: 1615)
03-10 14:37:27.512 23022 23104 I Unity   : 
03-10 14:37:27.512 23022 23103 I Unity   : [XD_GPU_PROFILER] wrong!!! 
03-10 14:37:27.512 23022 23103 I Unity   : (Filename: .\Runtime/GfxDevice/vulkan/VKTaskExecutor.cpp Line: 1554)
03-10 14:37:27.512 23022 23103 I Unity   : 
03-10 14:37:27.518 23022 23103 I Unity   : [XD_GPU_PROFILER] vkWaitForFences 0000000000000 
03-10 14:37:27.518 23022 23103 I Unity   : (Filename: .\Runtime/GfxDevice/vulkan/VKTaskExecutor.cpp Line: 1562)
03-10 14:37:27.518 23022 23103 I Unity   : 
03-10 14:37:27.518 23022 23103 E Unity   : Assertion failed on expression: 'm_ProducerThreadId == CurrentThread::GetID()' 
03-10 14:37:27.518 23022 23103 E Unity   : (Filename: .\Runtime/Threads/ThreadedStreamBuffer.h Line: 341)
03-10 14:37:27.518 23022 23103 E Unity   : 
03-10 14:37:27.518 23022 23103 E Unity   : Assertion failed on expression: 'm_ProducerThreadId == CurrentThread::GetID()' 
03-10 14:37:27.518 23022 23103 E Unity   : (Filename: .\Runtime/Threads/ThreadedStreamBuffer.h Line: 341)
03-10 14:37:27.518 23022 23103 E Unity   : 
03-10 14:37:27.518 23022 23103 E Unity   : Assertion failed on expression: 'm_ProducerThreadId == CurrentThread::GetID()' 
03-10 14:37:27.518 23022 23103 E Unity   : (Filename: .\Runtime/Threads/ThreadedStreamBuffer.h Line: 453)
03-10 14:37:27.518 23022 23103 E Unity   : 
03-10 14:37:27.518 23022 23055 D Unity   : Vulkan PSO: Pipeline cache has not changed skipping save handle[c307f890]
03-10 14:37:27.523 23022 23104 I Unity   : [XD_GPU_PROFILER] kTask_AddRightFence 
03-10 14:37:27.523 23022 23104 I Unity   : (Filename: .\Runtime/GfxDevice/vulkan/VKTaskExecutor.cpp Line: 1633)
03-10 14:37:27.523 23022 23104 I Unity   : 
03-10 14:37:27.531 23022 23055 D Unity   : Sensor :        Accelerometer ( 1) ; 0.000010 / 0.00s ; accelerometer-icm20690 / invensense 
03-10 14:37:27.536 23022 23022 I Unity   : windowFocusChanged: false
03-10 14:37:27.536 23022 23055 V Unity   : Java_[...]_nativeFocusChanged(false)
03-10 14:37:28.101 23022 23055 V Unity   : Java_[...]_nativeRecreateGfxState
03-10 14:37:28.101 23022 23055 D Unity   : SetWindow 0 0x0
