03-10 14:37:27.358 23022 23103 E Unity   : (Filename: .\Runtime/Threads/ThreadedStreamBuffer.h Line: 453)
03-10 14:37:27.358 23022 23103 E Unity   : 
03-10 14:37:27.358 23022 23104 I Unity   : [XD_GPU_PROFILER] kTask_AddRightFence 
03-10 14:37:27.358 23022 23104 I Unity   : (Filename: .\Runtime/GfxDevice/vulkan/VKTaskExecutor.cpp Line: 1633)
03-10 14:37:27.358 23022 23104 I Unity   : 
03-10 14:37:27.358 23022 23103 I Unity   : [XD_GPU_PROFILER] d 
03-10 14:37:27.358 23022 23103 I Unity   : (Filename: .\Runtime/GfxDevice/vulkan/VKTaskExecutor.cpp Line: 1492)
03-10 14:37:27.358 23022 23103 I Unity   : 
03-10 14:37:27.358 23022 23103 I Unity   : [XD_GPU_PROFILER] vkAllocateCommandBuffers 
03-10 14:37:27.358 23022 23103 I Unity   : (Filename: .\Runtime/GfxDevice/vulkan/VKTaskExecutor.cpp Line: 1506)
03-10 14:37:27.358 23022 23103 I Unity   : 
03-10 14:37:27.358 23022 23103 I Unity   : [XD_GPU_PROFILER] vkEndCommandBuffer 
03-10 14:37:27.358 23022 23103 I Unity   : (Filename: .\Runtime/GfxDevice/vulkan/VKTaskExecutor.cpp Line: 1519)
03-10 14:37:27.358 23022 23103 I Unity   : 
03-10 14:37:27.358 23022 23103 I Unity   : [XD_GPU_PROFILER] vkCreateFence 
03-10 14:37:27.358 23022 23103 I Unity   : (Filename: .\Runtime/GfxDevice/vulkan/VKTaskExecutor.cpp Line: 1529)
03-10 14:37:27.358 23022 23103 I Unity   : 
03-10 14:37:27.359 23022 23103 I Unity   : [XD_GPU_PROFILER] vkQueueSubmit 
03-10 14:37:27.359 23022 23103 I Unity   : (Filename: .\Runtime/GfxDevice/vulkan/VKTaskExecutor.cpp Line: 1544)
03-10 14:37:27.359 23022 23103 I Unity   : 
03-10 14:37:27.359 23022 23103 E Unity   : Assertion failed on expression: 'm_ProducerThreadId == CurrentThread::GetID()' 
03-10 14:37:27.359 23022 23103 E Unity   : (Filename: .\Runtime/Threads/ThreadedStreamBuffer.h Line: 341)
03-10 14:37:27.359 23022 23103 E Unity   : 
03-10 14:37:27.359 23022 23103 E Unity   : Assertion failed on expression: 'm_ProducerThreadId == CurrentThread::GetID()' 
03-10 14:37:27.359 23022 23103 E Unity   : (Filename: .\Runtime/Threads/ThreadedStreamBuffer.h Line: 341)
03-10 14:37:27.359 23022 23103 E Unity   : 
03-10 14:37:27.359 23022 23103 E Unity   : Assertion failed on expression: 'm_ProducerThreadId == CurrentThread::GetID()' 
03-10 14:37:27.359 23022 23103 E Unity   : (Filename: .\Runtime/Threads/ThreadedStreamBuffer.h Line: 453)
03-10 14:37:27.359 23022 23103 E Unity   : 
03-10 14:37:27.359 23022 23103 I Unity   : [XD_GPU_PROFILER] vkWaitForFences 1111111111111 
03-10 14:37:27.359 23022 23103 I Unity   : (Filename: .\Runtime/GfxDevice/vulkan/VKTaskExecutor.cpp Line: 1551)
03-10 14:37:27.359 23022 23103 I Unity   : 
03-10 14:37:27.359 23022 23103 I Unity   : [XD_GPU_PROFILER] wrong!!! 
03-10 14:37:27.359 23022 23103 I Unity   : (Filename: .\Runtime/GfxDevice/vulkan/VKTaskExecutor.cpp Line: 1554)
03-10 14:37:27.359 23022 23103 I Unity   : 
03-10 14:37:27.359 23022 23104 I Unity   : [XD_GPU_PROFILER] kTask_AddLeftFence 
03-10 14:37:27.359 23022 23104 I Unity   : (Filename: .\Runtime/GfxDevice/vulkan/VKTaskExecutor.cpp Line: 1615)
03-10 14:37:27.359 23022 23104 I Unity   : 
03-10 14:37:27.359 23022 23103 I Unity   : [XD_GPU_PROFILER] vkWaitForFences 0000000000000 
03-10 14:37:27.359 23022 23103 I Unity   : (Filename: .\Runtime/GfxDevice/vulkan/VKTaskExecutor.cpp Line: 1562)
03-10 14:37:27.359 23022 23103 I Unity   : 
03-10 14:37:27.359 23022 23103 E Unity   : Assertion failed on expression: 'm_ProducerThreadId == CurrentThread::GetID()' 
03-10 14:37:27.359 23022 23103 E Unity   : (Filename: .\Runtime/Threads/ThreadedStreamBuffer.h Line: 341)
03-10 14:37:27.359 23022 23103 E Unity   : 
03-10 14:37:27.359 23022 23103 E Unity   : Assertion failed on expression: 'm_ProducerThreadId == CurrentThread::GetID()' 
03-10 14:37:27.359 23022 23103 E Unity   : (Filename: .\Runtime/Threads/ThreadedStreamBuffer.h Line: 341)
03-10 14:37:27.359 23022 23103 E Unity   : 
03-10 14:37:27.359 23022 23103 E Unity   : Assertion failed on expression: 'm_ProducerThreadId == CurrentThread::GetID()' 
03-10 14:37:27.359 23022 23103 E Unity   : (Filename: .\Runtime/Threads/ThreadedStreamBuffer.h Line: 453)
03-10 14:37:27.359 23022 23103 E Unity   : 
03-10 14:37:27.360 23022 23104 I Unity   : [XD_GPU_PROFILER] kTask_AddRightFence 
03-10 14:37:27.360 23022 23104 I Unity   : (Filename: .\Runtime/GfxDevice/vulkan/VKTaskExecutor.cpp Line: 1633)
03-10 14:37:27.360 23022 23104 I Unity   : 
03-10 14:37:27.360 23022 23103 I Unity   : [XD_GPU_PROFILER] d 
03-10 14:37:27.360 23022 23103 I Unity   : (Filename: .\Runtime/GfxDevice/vulkan/VKTaskExecutor.cpp Line: 1492)
03-10 14:37:27.360 23022 23103 I Unity   : 
03-10 14:37:27.361 23022 23103 I Unity   : [XD_GPU_PROFILER] vkAllocateCommandBuffers 
03-10 14:37:27.361 23022 23103 I Unity   : (Filename: .\Runtime/GfxDevice/vulkan/VKTaskExecutor.cpp Line: 1506)
03-10 14:37:27.361 23022 23103 I Unity   : 
03-10 14:37:27.361 23022 23103 I Unity   : [XD_GPU_PROFILER] vkEndCommandBuffer 
03-10 14:37:27.361 23022 23103 I Unity   : (Filename: .\Runtime/GfxDevice/vulkan/VKTaskExecutor.cpp Line: 1519)
03-10 14:37:27.361 23022 23103 I Unity   : 
03-10 14:37:27.361 23022 23103 I Unity   : [XD_GPU_PROFILER] vkCreateFence 
03-10 14:37:27.361 23022 23103 I Unity   : (Filename: .\Runtime/GfxDevice/vulkan/VKTaskExecutor.cpp Line: 1529)
03-10 14:37:27.361 23022 23103 I Unity   : 
03-10 14:37:27.361 23022 23103 I Unity   : [XD_GPU_PROFILER] vkQueueSubmit 
03-10 14:37:27.361 23022 23103 I Unity   : (Filename: .\Runtime/GfxDevice/vulkan/VKTaskExecutor.cpp Line: 1544)
03-10 14:37:27.361 23022 23103 I Unity   : 
03-10 14:37:27.361 23022 23103 E Unity   : Assertion failed on expression: 'm_ProducerThreadId == CurrentThread::GetID()' 
03-10 14:37:27.361 23022 23103 E Unity   : (Filename: .\Runtime/Threads/ThreadedStreamBuffer.h Line: 341)
03-10 14:37:27.361 23022 23103 E Unity   : 
03-10 14:37:27.361 23022 23103 E Unity   : Assertion failed on expression: 'm_ProducerThreadId == CurrentThread::GetID()' 
03-10 14:37:27.361 23022 23103 E Unity   : (Filename: .\Runtime/Threads/ThreadedStreamBuffer.h Line: 341)
03-10 14:37:27.361 23022 23103 E Unity   : 
03-10 14:37:27.361 23022 23103 E Unity   : Assertion failed on expression: 'm_ProducerThreadId == CurrentThread::GetID()' 
03-10 14:37:27.361 23022 23103 E Unity   : (Filename: .\Runtime/Threads/ThreadedStreamBuffer.h Line: 453)
03-10 14:37:27.361 23022 23103 E Unity   : 
03-10 14:37:27.361 23022 23103 I Unity   : [XD_GPU_PROFILER] vkWaitForFences 1111111111111 
03-10 14:37:27.361 23022 23103 I Unity   : (Filename: .\Runtime/GfxDevice/vulkan/VKTaskExecutor.cpp Line: 1551)
03-10 14:37:27.361 23022 23103 I Unity   : 
03-10 14:37:27.361 23022 23104 I Unity   : [XD_GPU_PROFILER] kTask_AddLeftFence 
03-10 14:37:27.361 23022 23104 I Unity   : (Filename: .\Runtime/GfxDevice/vulkan/VKTaskExecutor.cpp Line: 1615)
03-10 14:37:27.361 23022 23104 I Unity   : 
03-10 14:37:27.361 23022 23103 I Unity   : [XD_GPU_PROFILER] wrong!!! 
03-10 14:37:27.361 23022 23103 I Unity   : (Filename: .\Runtime/GfxDevice/vulkan/VKTaskExecutor.cpp Line: 1554)
03-10 14:37:27.361 23022 23103 I Unity   : 
03-10 14:37:27.369 23022 23103 I Unity   : [XD_GPU_PROFILER] vkWaitForFences 0000000000000 
03-10 14:37:27.369 23022 23103 I Unity   : (Filename: .\Runtime/GfxDevice/vulkan/VKTaskExecutor.cpp Line: 1562)
03-10 14:37:27.369 23022 23103 I Unity   : 
03-10 14:37:27.369 23022 23103 E Unity   : Assertion failed on expression: 'm_ProducerThreadId == CurrentThread::GetID()' 
03-10 14:37:27.369 23022 23103 E Unity   : (Filename: .\Runtime/Threads/ThreadedStreamBuffer.h Line: 341)
03-10 14:37:27.369 23022 23103 E Unity   : 
03-10 14:37:27.369 23022 23103 E Unity   : Assertion failed on expression: 'm_ProducerThreadId == CurrentThread::GetID()' 
03-10 14:37:27.369 23022 23103 E Unity   : (Filename: .\Runtime/Threads/ThreadedStreamBuffer.h Line: 341)
03-10 14:37:27.369 23022 23103 E Unity   : 
03-10 14:37:27.369 23022 23103 E Unity   : Assertion failed on expression: 'm_ProducerThreadId == CurrentThread::GetID()' 
03-10 14:37:27.369 23022 23103 E Unity   : (Filename: .\Runtime/Threads/ThreadedStreamBuffer.h Line: 453)
03-10 14:37:27.369 23022 23103 E Unity   : 
03-10 14:37:27.369 23022 23104 I Unity   : [XD_GPU_PROFILER] kTask_AddRightFence 
03-10 14:37:27.369 23022 23104 I Unity   : (Filename: .\Runtime/GfxDevice/vulkan/VKTaskExecutor.cpp Line: 1633)
03-10 14:37:27.369 23022 23104 I Unity   : 
03-10 14:37:27.370 23022 23103 I Unity   : [XD_GPU_PROFILER] d 
03-10 14:37:27.370 23022 23103 I Unity   : (Filename: .\Runtime/GfxDevice/vulkan/VKTaskExecutor.cpp Line: 1492)
03-10 14:37:27.370 23022 23103 I Unity   : 
03-10 14:37:27.370 23022 23103 I Unity   : [XD_GPU_PROFILER] vkAllocateCommandBuffers 
03-10 14:37:27.370 23022 23103 I Unity   : (Filename: .\Runtime/GfxDevice/vulkan/VKTaskExecutor.cpp Line: 1506)
03-10 14:37:27.370 23022 23103 I Unity   : 
03-10 14:37:27.370 23022 23103 I Unity   : [XD_GPU_PROFILER] vkEndCommandBuffer 
03-10 14:37:27.370 23022 23103 I Unity   : (Filename: .\Runtime/GfxDevice/vulkan/VKTaskExecutor.cpp Line: 1519)
03-10 14:37:27.370 23022 23103 I Unity   : 
03-10 14:37:27.370 23022 23103 I Unity   : [XD_GPU_PROFILER] vkCreateFence 
03-10 14:37:27.370 23022 23103 I Unity   : (Filename: .\Runtime/GfxDevice/vulkan/VKTaskExecutor.cpp Line: 1529)
03-10 14:37:27.370 23022 23103 I Unity   : 
03-10 14:37:27.370 23022 23103 I Unity   : [XD_GPU_PROFILER] vkQueueSubmit 
03-10 14:37:27.370 23022 23103 I Unity   : (Filename: .\Runtime/GfxDevice/vulkan/VKTaskExecutor.cpp Line: 1544)
03-10 14:37:27.370 23022 23103 I Unity   : 
03-10 14:37:27.370 23022 23103 E Unity   : Assertion failed on expression: 'm_ProducerThreadId == CurrentThread::GetID()' 
03-10 14:37:27.370 23022 23103 E Unity   : (Filename: .\Runtime/Threads/ThreadedStreamBuffer.h Line: 341)
03-10 14:37:27.370 23022 23103 E Unity   : 
03-10 14:37:27.370 23022 23103 E Unity   : Assertion failed on expression: 'm_ProducerThreadId == CurrentThread::GetID()' 
03-10 14:37:27.370 23022 23103 E Unity   : (Filename: .\Runtime/Threads/ThreadedStreamBuffer.h Line: 341)
03-10 14:37:27.370 23022 23103 E Unity   : 
03-10 14:37:27.370 23022 23103 E Unity   : Assertion failed on expression: 'm_ProducerThreadId == CurrentThread::GetID()' 
03-10 14:37:27.370 23022 23103 E Unity   : (Filename: .\Runtime/Threads/ThreadedStreamBuffer.h Line: 453)
03-10 14:37:27.370 23022 23103 E Unity   : 
03-10 14:37:27.370 23022 23103 I Unity   : [XD_GPU_PROFILER] vkWaitForFences 1111111111111 
03-10 14:37:27.370 23022 23103 I Unity   : (Filename: .\Runtime/GfxDevice/vulkan/VKTaskExecutor.cpp Line: 1551)
03-10 14:37:27.370 23022 23103 I Unity   : 
03-10 14:37:27.370 23022 23103 I Unity   : [XD_GPU_PROFILER] wrong!!! 
03-10 14:37:27.370 23022 23103 I Unity   : (Filename: .\Runtime/GfxDevice/vulkan/VKTaskExecutor.cpp Line: 1554)
03-10 14:37:27.370 23022 23103 I Unity   : 
03-10 14:37:27.370 23022 23104 I Unity   : [XD_GPU_PROFILER] kTask_AddLeftFence 
03-10 14:37:27.370 23022 23104 I Unity   : (Filename: .\Runtime/GfxDevice/vulkan/VKTaskExecutor.cpp Line: 1615)
03-10 14:37:27.370 23022 23104 I Unity   : 
03-10 14:37:27.371 23022 23103 I Unity   : [XD_GPU_PROFILER] vkWaitForFences 0000000000000 
03-10 14:37:27.371 23022 23103 I Unity   : (Filename: .\Runtime/GfxDevice/vulkan/VKTaskExecutor.cpp Line: 1562)
03-10 14:37:27.371 23022 23103 I Unity   : 
03-10 14:37:27.371 23022 23103 E Unity   : Assertion failed on expression: 'm_ProducerThreadId == CurrentThread::GetID()' 
03-10 14:37:27.371 23022 23103 E Unity   : (Filename: .\Runtime/Threads/ThreadedStreamBuffer.h Line: 341)
03-10 14:37:27.371 23022 23103 E Unity   : 
03-10 14:37:27.371 23022 23103 E Unity   : Assertion failed on expression: 'm_ProducerThreadId == CurrentThread::GetID()' 
03-10 14:37:27.371 23022 23103 E Unity   : (Filename: .\Runtime/Threads/ThreadedStreamBuffer.h Line: 341)
03-10 14:37:27.371 23022 23103 E Unity   : 
03-10 14:37:27.371 23022 23103 E Unity   : Assertion failed on expression: 'm_ProducerThreadId == CurrentThread::GetID()' 
03-10 14:37:27.371 23022 23103 E Unity   : (Filename: .\Runtime/Threads/ThreadedStreamBuffer.h Line: 453)
03-10 14:37:27.371 23022 23103 E Unity   : 
03-10 14:37:27.371 23022 23104 I Unity   : [XD_GPU_PROFILER] kTask_AddRightFence 
03-10 14:37:27.371 23022 23104 I Unity   : (Filename: .\Runtime/GfxDevice/vulkan/VKTaskExecutor.cpp Line: 1633)
03-10 14:37:27.371 23022 23104 I Unity   : 
03-10 14:37:27.372 23022 23103 I Unity   : [XD_GPU_PROFILER] d 
03-10 14:37:27.372 23022 23103 I Unity   : (Filename: .\Runtime/GfxDevice/vulkan/VKTaskExecutor.cpp Line: 1492)
03-10 14:37:27.372 23022 23103 I Unity   : 
03-10 14:37:27.372 23022 23103 I Unity   : [XD_GPU_PROFILER] vkAllocateCommandBuffers 
03-10 14:37:27.372 23022 23103 I Unity   : (Filename: .\Runtime/GfxDevice/vulkan/VKTaskExecutor.cpp Line: 1506)
03-10 14:37:27.372 23022 23103 I Unity   : 
03-10 14:37:27.372 23022 23103 I Unity   : [XD_GPU_PROFILER] vkEndCommandBuffer 
03-10 14:37:27.372 23022 23103 I Unity   : (Filename: .\Runtime/GfxDevice/vulkan/VKTaskExecutor.cpp Line: 1519)
03-10 14:37:27.372 23022 23103 I Unity   : 
03-10 14:37:27.372 23022 23103 I Unity   : [XD_GPU_PROFILER] vkCreateFence 
03-10 14:37:27.372 23022 23103 I Unity   : (Filename: .\Runtime/GfxDevice/vulkan/VKTaskExecutor.cpp Line: 1529)
03-10 14:37:27.372 23022 23103 I Unity   : 
03-10 14:37:27.372 23022 23103 I Unity   : [XD_GPU_PROFILER] vkQueueSubmit 
03-10 14:37:27.372 23022 23103 I Unity   : (Filename: .\Runtime/GfxDevice/vulkan/VKTaskExecutor.cpp Line: 1544)
03-10 14:37:27.372 23022 23103 I Unity   : 
03-10 14:37:27.372 23022 23103 E Unity   : Assertion failed on expression: 'm_ProducerThreadId == CurrentThread::GetID()' 
03-10 14:37:27.372 23022 23103 E Unity   : (Filename: .\Runtime/Threads/ThreadedStreamBuffer.h Line: 341)
03-10 14:37:27.372 23022 23103 E Unity   : 
03-10 14:37:27.372 23022 23103 E Unity   : Assertion failed on expression: 'm_ProducerThreadId == CurrentThread::GetID()' 
03-10 14:37:27.372 23022 23103 E Unity   : (Filename: .\Runtime/Threads/ThreadedStreamBuffer.h Line: 341)
03-10 14:37:27.372 23022 23103 E Unity   : 
03-10 14:37:27.372 23022 23103 E Unity   : Assertion failed on expression: 'm_ProducerThreadId == CurrentThread::GetID()' 
03-10 14:37:27.372 23022 23103 E Unity   : (Filename: .\Runtime/Threads/ThreadedStreamBuffer.h Line: 453)
03-10 14:37:27.372 23022 23103 E Unity   : 
03-10 14:37:27.372 23022 23103 I Unity   : [XD_GPU_PROFILER] vkWaitForFences 1111111111111 
03-10 14:37:27.372 23022 23103 I Unity   : (Filename: .\Runtime/GfxDevice/vulkan/VKTaskExecutor.cpp Line: 1551)
03-10 14:37:27.372 23022 23103 I Unity   : 
03-10 14:37:27.372 23022 23103 I Unity   : [XD_GPU_PROFILER] wrong!!! 
03-10 14:37:27.372 23022 23103 I Unity   : (Filename: .\Runtime/GfxDevice/vulkan/VKTaskExecutor.cpp Line: 1554)
03-10 14:37:27.372 23022 23103 I Unity   : 
03-10 14:37:27.372 23022 23104 I Unity   : [XD_GPU_PROFILER] kTask_AddLeftFence 
03-10 14:37:27.372 23022 23104 I Unity   : (Filename: .\Runtime/GfxDevice/vulkan/VKTaskExecutor.cpp Line: 1615)
03-10 14:37:27.372 23022 23104 I Unity   : 
03-10 14:37:27.373 23022 23103 I Unity   : [XD_GPU_PROFILER] vkWaitForFences 0000000000000 
03-10 14:37:27.373 23022 23103 I Unity   : (Filename: .\Runtime/GfxDevice/vulkan/VKTaskExecutor.cpp Line: 1562)
03-10 14:37:27.373 23022 23103 I Unity   : 
03-10 14:37:27.373 23022 23103 E Unity   : Assertion failed on expression: 'm_ProducerThreadId == CurrentThread::GetID()' 
03-10 14:37:27.373 23022 23103 E Unity   : (Filename: .\Runtime/Threads/ThreadedStreamBuffer.h Line: 341)
03-10 14:37:27.373 23022 23103 E Unity   : 
03-10 14:37:27.373 23022 23103 E Unity   : Assertion failed on expression: 'm_ProducerThreadId == CurrentThread::GetID()' 
03-10 14:37:27.373 23022 23103 E Unity   : (Filename: .\Runtime/Threads/ThreadedStreamBuffer.h Line: 341)
03-10 14:37:27.373 23022 23103 E Unity   : 
03-10 14:37:27.373 23022 23103 E Unity   : Assertion failed on expression: 'm_ProducerThreadId == CurrentThread::GetID()' 
03-10 14:37:27.373 23022 23103 E Unity   : (Filename: .\Runtime/Threads/ThreadedStreamBuffer.h Line: 453)
03-10 14:37:27.373 23022 23103 E Unity   : 
03-10 14:37:27.373 23022 23104 I Unity   : [XD_GPU_PROFILER] kTask_AddRightFence 
03-10 14:37:27.373 23022 23104 I Unity   : (Filename: .\Runtime/GfxDevice/vulkan/VKTaskExecutor.cpp Line: 1633)
03-10 14:37:27.373 23022 23104 I Unity   : 
03-10 14:37:27.374 23022 23103 I Unity   : [XD_GPU_PROFILER] d 
03-10 14:37:27.374 23022 23103 I Unity   : (Filename: .\Runtime/GfxDevice/vulkan/VKTaskExecutor.cpp Line: 1492)
03-10 14:37:27.374 23022 23103 I Unity   : 
03-10 14:37:27.375 23022 23103 I Unity   : [XD_GPU_PROFILER] vkAllocateCommandBuffers 
03-10 14:37:27.375 23022 23103 I Unity   : (Filename: .\Runtime/GfxDevice/vulkan/VKTaskExecutor.cpp Line: 1506)
03-10 14:37:27.375 23022 23103 I Unity   : 
03-10 14:37:27.375 23022 23103 I Unity   : [XD_GPU_PROFILER] vkEndCommandBuffer 
03-10 14:37:27.375 23022 23103 I Unity   : (Filename: .\Runtime/GfxDevice/vulkan/VKTaskExecutor.cpp Line: 1519)
03-10 14:37:27.375 23022 23103 I Unity   : 
03-10 14:37:27.375 23022 23103 I Unity   : [XD_GPU_PROFILER] vkCreateFence 
03-10 14:37:27.375 23022 23103 I Unity   : (Filename: .\Runtime/GfxDevice/vulkan/VKTaskExecutor.cpp Line: 1529)
03-10 14:37:27.375 23022 23103 I Unity   : 
03-10 14:37:27.375 23022 23103 I Unity   : [XD_GPU_PROFILER] vkQueueSubmit 
03-10 14:37:27.375 23022 23103 I Unity   : (Filename: .\Runtime/GfxDevice/vulkan/VKTaskExecutor.cpp Line: 1544)
03-10 14:37:27.375 23022 23103 I Unity   : 
03-10 14:37:27.375 23022 23103 E Unity   : Assertion failed on expression: 'm_ProducerThreadId == CurrentThread::GetID()' 
03-10 14:37:27.375 23022 23103 E Unity   : (Filename: .\Runtime/Threads/ThreadedStreamBuffer.h Line: 341)
03-10 14:37:27.375 23022 23103 E Unity   : 
03-10 14:37:27.375 23022 23103 E Unity   : Assertion failed on expression: 'm_ProducerThreadId == CurrentThread::GetID()' 
03-10 14:37:27.375 23022 23103 E Unity   : (Filename: .\Runtime/Threads/ThreadedStreamBuffer.h Line: 341)
03-10 14:37:27.375 23022 23103 E Unity   : 
03-10 14:37:27.375 23022 23103 E Unity   : Assertion failed on expression: 'm_ProducerThreadId == CurrentThread::GetID()' 
03-10 14:37:27.375 23022 23103 E Unity   : (Filename: .\Runtime/Threads/ThreadedStreamBuffer.h Line: 453)
03-10 14:37:27.375 23022 23103 E Unity   : 
03-10 14:37:27.375 23022 23103 I Unity   : [XD_GPU_PROFILER] vkWaitForFences 1111111111111 
03-10 14:37:27.375 23022 23103 I Unity   : (Filename: .\Runtime/GfxDevice/vulkan/VKTaskExecutor.cpp Line: 1551)
03-10 14:37:27.375 23022 23103 I Unity   : 
03-10 14:37:27.375 23022 23103 I Unity   : [XD_GPU_PROFILER] wrong!!! 
03-10 14:37:27.375 23022 23103 I Unity   : (Filename: .\Runtime/GfxDevice/vulkan/VKTaskExecutor.cpp Line: 1554)
03-10 14:37:27.375 23022 23103 I Unity   : 
03-10 14:37:27.375 23022 23104 I Unity   : [XD_GPU_PROFILER] kTask_AddLeftFence 
03-10 14:37:27.375 23022 23104 I Unity   : (Filename: .\Runtime/GfxDevice/vulkan/VKTaskExecutor.cpp Line: 1615)
03-10 14:37:27.375 23022 23104 I Unity   : 
03-10 14:37:27.376 23022 23103 I Unity   : [XD_GPU_PROFILER] vkWaitForFences 0000000000000 
03-10 14:37:27.376 23022 23103 I Unity   : (Filename: .\Runtime/GfxDevice/vulkan/VKTaskExecutor.cpp Line: 1562)
03-10 14:37:27.376 23022 23103 I Unity   : 
03-10 14:37:27.376 23022 23103 E Unity   : Assertion failed on expression: 'm_ProducerThreadId == CurrentThread::GetID()' 
03-10 14:37:27.376 23022 23103 E Unity   : (Filename: .\Runtime/Threads/ThreadedStreamBuffer.h Line: 341)
03-10 14:37:27.376 23022 23103 E Unity   : 
03-10 14:37:27.376 23022 23103 E Unity   : Assertion failed on expression: 'm_ProducerThreadId == CurrentThread::GetID()' 
03-10 14:37:27.376 23022 23103 E Unity   : (Filename: .\Runtime/Threads/ThreadedStreamBuffer.h Line: 341)
03-10 14:37:27.376 23022 23103 E Unity   : 
03-10 14:37:27.376 23022 23103 E Unity   : Assertion failed on expression: 'm_ProducerThreadId == CurrentThread::GetID()' 
03-10 14:37:27.376 23022 23103 E Unity   : (Filename: .\Runtime/Threads/ThreadedStreamBuffer.h Line: 453)
03-10 14:37:27.376 23022 23103 E Unity   : 
03-10 14:37:27.376 23022 23104 I Unity   : [XD_GPU_PROFILER] kTask_AddRightFence 
03-10 14:37:27.376 23022 23104 I Unity   : (Filename: .\Runtime/GfxDevice/vulkan/VKTaskExecutor.cpp Line: 1633)
03-10 14:37:27.376 23022 23104 I Unity   : 
03-10 14:37:27.377 23022 23103 I Unity   : [XD_GPU_PROFILER] d 
03-10 14:37:27.377 23022 23103 I Unity   : (Filename: .\Runtime/GfxDevice/vulkan/VKTaskExecutor.cpp Line: 1492)
03-10 14:37:27.377 23022 23103 I Unity   : 
03-10 14:37:27.377 23022 23103 I Unity   : [XD_GPU_PROFILER] vkAllocateCommandBuffers 
03-10 14:37:27.377 23022 23103 I Unity   : (Filename: .\Runtime/GfxDevice/vulkan/VKTaskExecutor.cpp Line: 1506)
03-10 14:37:27.377 23022 23103 I Unity   : 
03-10 14:37:27.377 23022 23103 I Unity   : [XD_GPU_PROFILER] vkEndCommandBuffer 
03-10 14:37:27.377 23022 23103 I Unity   : (Filename: .\Runtime/GfxDevice/vulkan/VKTaskExecutor.cpp Line: 1519)
03-10 14:37:27.377 23022 23103 I Unity   : 
03-10 14:37:27.377 23022 23103 I Unity   : [XD_GPU_PROFILER] vkCreateFence 
03-10 14:37:27.377 23022 23103 I Unity   : (Filename: .\Runtime/GfxDevice/vulkan/VKTaskExecutor.cpp Line: 1529)
03-10 14:37:27.377 23022 23103 I Unity   : 
03-10 14:37:27.377 23022 23103 I Unity   : [XD_GPU_PROFILER] vkQueueSubmit 
03-10 14:37:27.377 23022 23103 I Unity   : (Filename: .\Runtime/GfxDevice/vulkan/VKTaskExecutor.cpp Line: 1544)
03-10 14:37:27.377 23022 23103 I Unity   : 
03-10 14:37:27.377 23022 23103 E Unity   : Assertion failed on expression: 'm_ProducerThreadId == CurrentThread::GetID()' 
03-10 14:37:27.377 23022 23103 E Unity   : (Filename: .\Runtime/Threads/ThreadedStreamBuffer.h Line: 341)
03-10 14:37:27.377 23022 23103 E Unity   : 
03-10 14:37:27.377 23022 23103 E Unity   : Assertion failed on expression: 'm_ProducerThreadId == CurrentThread::GetID()' 
03-10 14:37:27.377 23022 23103 E Unity   : (Filename: .\Runtime/Threads/ThreadedStreamBuffer.h Line: 341)
03-10 14:37:27.377 23022 23103 E Unity   : 
03-10 14:37:27.377 23022 23103 E Unity   : Assertion failed on expression: 'm_ProducerThreadId == CurrentThread::GetID()' 
03-10 14:37:27.377 23022 23103 E Unity   : (Filename: .\Runtime/Threads/ThreadedStreamBuffer.h Line: 453)
03-10 14:37:27.377 23022 23103 E Unity   : 
03-10 14:37:27.377 23022 23103 I Unity   : [XD_GPU_PROFILER] vkWaitForFences 1111111111111 
03-10 14:37:27.377 23022 23103 I Unity   : (Filename: .\Runtime/GfxDevice/vulkan/VKTaskExecutor.cpp Line: 1551)
03-10 14:37:27.377 23022 23103 I Unity   : 
03-10 14:37:27.377 23022 23104 I Unity   : [XD_GPU_PROFILER] kTask_AddLeftFence 
03-10 14:37:27.377 23022 23104 I Unity   : (Filename: .\Runtime/GfxDevice/vulkan/VKTaskExecutor.cpp Line: 1615)
03-10 14:37:27.377 23022 23104 I Unity   : 
03-10 14:37:27.377 23022 23103 I Unity   : [XD_GPU_PROFILER] wrong!!! 
03-10 14:37:27.377 23022 23103 I Unity   : (Filename: .\Runtime/GfxDevice/vulkan/VKTaskExecutor.cpp Line: 1554)
03-10 14:37:27.377 23022 23103 I Unity   : 
03-10 14:37:27.386 23022 23103 I Unity   : [XD_GPU_PROFILER] vkWaitForFences 0000000000000 
03-10 14:37:27.386 23022 23103 I Unity   : (Filename: .\Runtime/GfxDevice/vulkan/VKTaskExecutor.cpp Line: 1562)
03-10 14:37:27.386 23022 23103 I Unity   : 
03-10 14:37:27.386 23022 23103 E Unity   : Assertion failed on expression: 'm_ProducerThreadId == CurrentThread::GetID()' 
03-10 14:37:27.386 23022 23103 E Unity   : (Filename: .\Runtime/Threads/ThreadedStreamBuffer.h Line: 341)
03-10 14:37:27.386 23022 23103 E Unity   : 
03-10 14:37:27.386 23022 23103 E Unity   : Assertion failed on expression: 'm_ProducerThreadId == CurrentThread::GetID()' 
03-10 14:37:27.386 23022 23103 E Unity   : (Filename: .\Runtime/Threads/ThreadedStreamBuffer.h Line: 341)
03-10 14:37:27.386 23022 23103 E Unity   : 
03-10 14:37:27.386 23022 23103 E Unity   : Assertion failed on expression: 'm_ProducerThreadId == CurrentThread::GetID()' 
03-10 14:37:27.386 23022 23103 E Unity   : (Filename: .\Runtime/Threads/ThreadedStreamBuffer.h Line: 453)
03-10 14:37:27.386 23022 23103 E Unity   : 
03-10 14:37:27.386 23022 23104 I Unity   : [XD_GPU_PROFILER] kTask_AddRightFence 
03-10 14:37:27.386 23022 23104 I Unity   : (Filename: .\Runtime/GfxDevice/vulkan/VKTaskExecutor.cpp Line: 1633)
03-10 14:37:27.386 23022 23104 I Unity   : 
03-10 14:37:27.403 23022 23103 I Unity   : [XD_GPU_PROFILER] d 
03-10 14:37:27.403 23022 23103 I Unity   : (Filename: .\Runtime/GfxDevice/vulkan/VKTaskExecutor.cpp Line: 1492)
03-10 14:37:27.403 23022 23103 I Unity   : 
03-10 14:37:27.403 23022 23103 I Unity   : [XD_GPU_PROFILER] vkAllocateCommandBuffers 
03-10 14:37:27.403 23022 23103 I Unity   : (Filename: .\Runtime/GfxDevice/vulkan/VKTaskExecutor.cpp Line: 1506)
03-10 14:37:27.403 23022 23103 I Unity   : 
03-10 14:37:27.403 23022 23103 I Unity   : [XD_GPU_PROFILER] vkEndCommandBuffer 
03-10 14:37:27.403 23022 23103 I Unity   : (Filename: .\Runtime/GfxDevice/vulkan/VKTaskExecutor.cpp Line: 1519)
03-10 14:37:27.403 23022 23103 I Unity   : 
03-10 14:37:27.403 23022 23103 I Unity   : [XD_GPU_PROFILER] vkCreateFence 
03-10 14:37:27.403 23022 23103 I Unity   : (Filename: .\Runtime/GfxDevice/vulkan/VKTaskExecutor.cpp Line: 1529)
03-10 14:37:27.403 23022 23103 I Unity   : 
03-10 14:37:27.403 23022 23103 I Unity   : [XD_GPU_PROFILER] vkQueueSubmit 
03-10 14:37:27.403 23022 23103 I Unity   : (Filename: .\Runtime/GfxDevice/vulkan/VKTaskExecutor.cpp Line: 1544)
03-10 14:37:27.403 23022 23103 I Unity   : 
03-10 14:37:27.403 23022 23103 E Unity   : Assertion failed on expression: 'm_ProducerThreadId == CurrentThread::GetID()' 
03-10 14:37:27.403 23022 23103 E Unity   : (Filename: .\Runtime/Threads/ThreadedStreamBuffer.h Line: 341)
03-10 14:37:27.403 23022 23103 E Unity   : 
03-10 14:37:27.403 23022 23103 E Unity   : Assertion failed on expression: 'm_ProducerThreadId == CurrentThread::GetID()' 
03-10 14:37:27.403 23022 23103 E Unity   : (Filename: .\Runtime/Threads/ThreadedStreamBuffer.h Line: 341)
03-10 14:37:27.403 23022 23103 E Unity   : 
03-10 14:37:27.403 23022 23103 E Unity   : Assertion failed on expression: 'm_ProducerThreadId == CurrentThread::GetID()' 
03-10 14:37:27.403 23022 23103 E Unity   : (Filename: .\Runtime/Threads/ThreadedStreamBuffer.h Line: 453)
03-10 14:37:27.403 23022 23103 E Unity   : 
03-10 14:37:27.403 23022 23103 I Unity   : [XD_GPU_PROFILER] vkWaitForFences 1111111111111 
03-10 14:37:27.403 23022 23103 I Unity   : (Filename: .\Runtime/GfxDevice/vulkan/VKTaskExecutor.cpp Line: 1551)
03-10 14:37:27.403 23022 23103 I Unity   : 
03-10 14:37:27.403 23022 23103 I Unity   : [XD_GPU_PROFILER] wrong!!! 
03-10 14:37:27.403 23022 23103 I Unity   : (Filename: .\Runtime/GfxDevice/vulkan/VKTaskExecutor.cpp Line: 1554)
03-10 14:37:27.403 23022 23103 I Unity   : 
03-10 14:37:27.403 23022 23104 I Unity   : [XD_GPU_PROFILER] kTask_AddLeftFence 
03-10 14:37:27.403 23022 23104 I Unity   : (Filename: .\Runtime/GfxDevice/vulkan/VKTaskExecutor.cpp Line: 1615)
03-10 14:37:27.403 23022 23104 I Unity   : 
03-10 14:37:27.404 23022 23103 I Unity   : [XD_GPU_PROFILER] vkWaitForFences 0000000000000 
03-10 14:37:27.404 23022 23103 I Unity   : (Filename: .\Runtime/GfxDevice/vulkan/VKTaskExecutor.cpp Line: 1562)
03-10 14:37:27.404 23022 23103 I Unity   : 
03-10 14:37:27.404 23022 23103 E Unity   : Assertion failed on expression: 'm_ProducerThreadId == CurrentThread::GetID()' 
03-10 14:37:27.404 23022 23103 E Unity   : (Filename: .\Runtime/Threads/ThreadedStreamBuffer.h Line: 341)
03-10 14:37:27.404 23022 23103 E Unity   : 
03-10 14:37:27.404 23022 23103 E Unity   : Assertion failed on expression: 'm_ProducerThreadId == CurrentThread::GetID()' 
03-10 14:37:27.404 23022 23103 E Unity   : (Filename: .\Runtime/Threads/ThreadedStreamBuffer.h Line: 341)
03-10 14:37:27.404 23022 23103 E Unity   : 
03-10 14:37:27.404 23022 23103 E Unity   : Assertion failed on expression: 'm_ProducerThreadId == CurrentThread::GetID()' 
03-10 14:37:27.404 23022 23103 E Unity   : (Filename: .\Runtime/Threads/ThreadedStreamBuffer.h Line: 453)
03-10 14:37:27.404 23022 23103 E Unity   : 
03-10 14:37:27.404 23022 23104 I Unity   : [XD_GPU_PROFILER] kTask_AddRightFence 
03-10 14:37:27.404 23022 23104 I Unity   : (Filename: .\Runtime/GfxDevice/vulkan/VKTaskExecutor.cpp Line: 1633)
03-10 14:37:27.404 23022 23104 I Unity   : 
03-10 14:37:27.405 23022 23103 I Unity   : [XD_GPU_PROFILER] d 
03-10 14:37:27.405 23022 23103 I Unity   : (Filename: .\Runtime/GfxDevice/vulkan/VKTaskExecutor.cpp Line: 1492)
03-10 14:37:27.405 23022 23103 I Unity   : 
03-10 14:37:27.405 23022 23103 I Unity   : [XD_GPU_PROFILER] vkAllocateCommandBuffers 
03-10 14:37:27.405 23022 23103 I Unity   : (Filename: .\Runtime/GfxDevice/vulkan/VKTaskExecutor.cpp Line: 1506)
03-10 14:37:27.405 23022 23103 I Unity   : 
03-10 14:37:27.405 23022 23103 I Unity   : [XD_GPU_PROFILER] vkEndCommandBuffer 
03-10 14:37:27.405 23022 23103 I Unity   : (Filename: .\Runtime/GfxDevice/vulkan/VKTaskExecutor.cpp Line: 1519)
03-10 14:37:27.405 23022 23103 I Unity   : 
03-10 14:37:27.405 23022 23103 I Unity   : [XD_GPU_PROFILER] vkCreateFence 
03-10 14:37:27.405 23022 23103 I Unity   : (Filename: .\Runtime/GfxDevice/vulkan/VKTaskExecutor.cpp Line: 1529)
03-10 14:37:27.405 23022 23103 I Unity   : 
03-10 14:37:27.405 23022 23103 I Unity   : [XD_GPU_PROFILER] vkQueueSubmit 
03-10 14:37:27.405 23022 23103 I Unity   : (Filename: .\Runtime/GfxDevice/vulkan/VKTaskExecutor.cpp Line: 1544)
03-10 14:37:27.405 23022 23103 I Unity   : 
03-10 14:37:27.405 23022 23103 E Unity   : Assertion failed on expression: 'm_ProducerThreadId == CurrentThread::GetID()' 
03-10 14:37:27.405 23022 23103 E Unity   : (Filename: .\Runtime/Threads/ThreadedStreamBuffer.h Line: 341)
03-10 14:37:27.405 23022 23103 E Unity   : 
03-10 14:37:27.405 23022 23103 E Unity   : Assertion failed on expression: 'm_ProducerThreadId == CurrentThread::GetID()' 
03-10 14:37:27.405 23022 23103 E Unity   : (Filename: .\Runtime/Threads/ThreadedStreamBuffer.h Line: 341)
03-10 14:37:27.405 23022 23103 E Unity   : 
03-10 14:37:27.405 23022 23103 E Unity   : Assertion failed on expression: 'm_ProducerThreadId == CurrentThread::GetID()' 
03-10 14:37:27.405 23022 23103 E Unity   : (Filename: .\Runtime/Threads/ThreadedStreamBuffer.h Line: 453)
03-10 14:37:27.405 23022 23103 E Unity   : 
03-10 14:37:27.405 23022 23103 I Unity   : [XD_GPU_PROFILER] vkWaitForFences 1111111111111 
03-10 14:37:27.405 23022 23103 I Unity   : (Filename: .\Runtime/GfxDevice/vulkan/VKTaskExecutor.cpp Line: 1551)
03-10 14:37:27.405 23022 23103 I Unity   : 
03-10 14:37:27.405 23022 23104 I Unity   : [XD_GPU_PROFILER] kTask_AddLeftFence 
03-10 14:37:27.405 23022 23104 I Unity   : (Filename: .\Runtime/GfxDevice/vulkan/VKTaskExecutor.cpp Line: 1615)
03-10 14:37:27.405 23022 23104 I Unity   : 
03-10 14:37:27.405 23022 23103 I Unity   : [XD_GPU_PROFILER] wrong!!! 
03-10 14:37:27.405 23022 23103 I Unity   : (Filename: .\Runtime/GfxDevice/vulkan/VKTaskExecutor.cpp Line: 1554)
03-10 14:37:27.405 23022 23103 I Unity   : 
03-10 14:37:27.406 23022 23103 I Unity   : [XD_GPU_PROFILER] vkWaitForFences 0000000000000 
03-10 14:37:27.406 23022 23103 I Unity   : (Filename: .\Runtime/GfxDevice/vulkan/VKTaskExecutor.cpp Line: 1562)
03-10 14:37:27.406 23022 23103 I Unity   : 
03-10 14:37:27.406 23022 23103 E Unity   : Assertion failed on expression: 'm_ProducerThreadId == CurrentThread::GetID()' 
03-10 14:37:27.406 23022 23103 E Unity   : (Filename: .\Runtime/Threads/ThreadedStreamBuffer.h Line: 341)
03-10 14:37:27.406 23022 23103 E Unity   : 
03-10 14:37:27.406 23022 23103 E Unity   : Assertion failed on expression: 'm_ProducerThreadId == CurrentThread::GetID()' 
03-10 14:37:27.406 23022 23103 E Unity   : (Filename: .\Runtime/Threads/ThreadedStreamBuffer.h Line: 341)
03-10 14:37:27.406 23022 23103 E Unity   : 
03-10 14:37:27.406 23022 23103 E Unity   : Assertion failed on expression: 'm_ProducerThreadId == CurrentThread::GetID()' 
03-10 14:37:27.406 23022 23103 E Unity   : (Filename: .\Runtime/Threads/ThreadedStreamBuffer.h Line: 453)
03-10 14:37:27.406 23022 23103 E Unity   : 
03-10 14:37:27.407 23022 23104 I Unity   : [XD_GPU_PROFILER] kTask_AddRightFence 
03-10 14:37:27.407 23022 23104 I Unity   : (Filename: .\Runtime/GfxDevice/vulkan/VKTaskExecutor.cpp Line: 1633)
03-10 14:37:27.407 23022 23104 I Unity   : 
03-10 14:37:27.408 23022 23103 I Unity   : [XD_GPU_PROFILER] d 
03-10 14:37:27.408 23022 23103 I Unity   : (Filename: .\Runtime/GfxDevice/vulkan/VKTaskExecutor.cpp Line: 1492)
03-10 14:37:27.408 23022 23103 I Unity   : 
03-10 14:37:27.409 23022 23103 I Unity   : [XD_GPU_PROFILER] vkAllocateCommandBuffers 
03-10 14:37:27.409 23022 23103 I Unity   : (Filename: .\Runtime/GfxDevice/vulkan/VKTaskExecutor.cpp Line: 1506)
03-10 14:37:27.409 23022 23103 I Unity   : 
03-10 14:37:27.409 23022 23103 I Unity   : [XD_GPU_PROFILER] vkEndCommandBuffer 
03-10 14:37:27.409 23022 23103 I Unity   : (Filename: .\Runtime/GfxDevice/vulkan/VKTaskExecutor.cpp Line: 1519)
03-10 14:37:27.409 23022 23103 I Unity   : 
03-10 14:37:27.409 23022 23103 I Unity   : [XD_GPU_PROFILER] vkCreateFence 
03-10 14:37:27.409 23022 23103 I Unity   : (Filename: .\Runtime/GfxDevice/vulkan/VKTaskExecutor.cpp Line: 1529)
03-10 14:37:27.409 23022 23103 I Unity   : 
03-10 14:37:27.409 23022 23103 I Unity   : [XD_GPU_PROFILER] vkQueueSubmit 
03-10 14:37:27.409 23022 23103 I Unity   : (Filename: .\Runtime/GfxDevice/vulkan/VKTaskExecutor.cpp Line: 1544)
03-10 14:37:27.409 23022 23103 I Unity   : 
03-10 14:37:27.409 23022 23103 E Unity   : Assertion failed on expression: 'm_ProducerThreadId == CurrentThread::GetID()' 
03-10 14:37:27.409 23022 23103 E Unity   : (Filename: .\Runtime/Threads/ThreadedStreamBuffer.h Line: 341)
03-10 14:37:27.409 23022 23103 E Unity   : 
03-10 14:37:27.409 23022 23103 E Unity   : Assertion failed on expression: 'm_ProducerThreadId == CurrentThread::GetID()' 
03-10 14:37:27.409 23022 23103 E Unity   : (Filename: .\Runtime/Threads/ThreadedStreamBuffer.h Line: 341)
03-10 14:37:27.409 23022 23103 E Unity   : 
03-10 14:37:27.409 23022 23103 E Unity   : Assertion failed on expression: 'm_ProducerThreadId == CurrentThread::GetID()' 
03-10 14:37:27.409 23022 23103 E Unity   : (Filename: .\Runtime/Threads/ThreadedStreamBuffer.h Line: 453)
03-10 14:37:27.409 23022 23103 E Unity   : 
03-10 14:37:27.409 23022 23103 I Unity   : [XD_GPU_PROFILER] vkWaitForFences 1111111111111 
03-10 14:37:27.409 23022 23103 I Unity   : (Filename: .\Runtime/GfxDevice/vulkan/VKTaskExecutor.cpp Line: 1551)
03-10 14:37:27.409 23022 23103 I Unity   : 
03-10 14:37:27.409 23022 23103 I Unity   : [XD_GPU_PROFILER] wrong!!! 
03-10 14:37:27.409 23022 23103 I Unity   : (Filename: .\Runtime/GfxDevice/vulkan/VKTaskExecutor.cpp Line: 1554)
03-10 14:37:27.409 23022 23103 I Unity   : 
03-10 14:37:27.409 23022 23104 I Unity   : [XD_GPU_PROFILER] kTask_AddLeftFence 
03-10 14:37:27.409 23022 23104 I Unity   : (Filename: .\Runtime/GfxDevice/vulkan/VKTaskExecutor.cpp Line: 1615)
03-10 14:37:27.409 23022 23104 I Unity   : 
03-10 14:37:27.409 23022 23103 I Unity   : [XD_GPU_PROFILER] vkWaitForFences 0000000000000 
03-10 14:37:27.409 23022 23103 I Unity   : (Filename: .\Runtime/GfxDevice/vulkan/VKTaskExecutor.cpp Line: 1562)
03-10 14:37:27.409 23022 23103 I Unity   : 
03-10 14:37:27.409 23022 23103 E Unity   : Assertion failed on expression: 'm_ProducerThreadId == CurrentThread::GetID()' 
03-10 14:37:27.409 23022 23103 E Unity   : (Filename: .\Runtime/Threads/ThreadedStreamBuffer.h Line: 341)
03-10 14:37:27.409 23022 23103 E Unity   : 
03-10 14:37:27.409 23022 23103 E Unity   : Assertion failed on expression: 'm_ProducerThreadId == CurrentThread::GetID()' 
03-10 14:37:27.409 23022 23103 E Unity   : (Filename: .\Runtime/Threads/ThreadedStreamBuffer.h Line: 341)
03-10 14:37:27.409 23022 23103 E Unity   : 
03-10 14:37:27.409 23022 23103 E Unity   : Assertion failed on expression: 'm_ProducerThreadId == CurrentThread::GetID()' 
03-10 14:37:27.409 23022 23103 E Unity   : (Filename: .\Runtime/Threads/ThreadedStreamBuffer.h Line: 453)
03-10 14:37:27.409 23022 23103 E Unity   : 
03-10 14:37:27.409 23022 23104 I Unity   : [XD_GPU_PROFILER] kTask_AddRightFence 
03-10 14:37:27.409 23022 23104 I Unity   : (Filename: .\Runtime/GfxDevice/vulkan/VKTaskExecutor.cpp Line: 1633)
03-10 14:37:27.409 23022 23104 I Unity   : 
03-10 14:37:27.410 23022 23103 I Unity   : [XD_GPU_PROFILER] d 
03-10 14:37:27.410 23022 23103 I Unity   : (Filename: .\Runtime/GfxDevice/vulkan/VKTaskExecutor.cpp Line: 1492)
03-10 14:37:27.410 23022 23103 I Unity   : 
03-10 14:37:27.410 23022 23103 I Unity   : [XD_GPU_PROFILER] vkAllocateCommandBuffers 
03-10 14:37:27.410 23022 23103 I Unity   : (Filename: .\Runtime/GfxDevice/vulkan/VKTaskExecutor.cpp Line: 1506)
03-10 14:37:27.410 23022 23103 I Unity   : 
03-10 14:37:27.410 23022 23103 I Unity   : [XD_GPU_PROFILER] vkEndCommandBuffer 
03-10 14:37:27.410 23022 23103 I Unity   : (Filename: .\Runtime/GfxDevice/vulkan/VKTaskExecutor.cpp Line: 1519)
03-10 14:37:27.410 23022 23103 I Unity   : 
03-10 14:37:27.410 23022 23103 I Unity   : [XD_GPU_PROFILER] vkCreateFence 
03-10 14:37:27.410 23022 23103 I Unity   : (Filename: .\Runtime/GfxDevice/vulkan/VKTaskExecutor.cpp Line: 1529)
03-10 14:37:27.410 23022 23103 I Unity   : 
03-10 14:37:27.410 23022 23103 I Unity   : [XD_GPU_PROFILER] vkQueueSubmit 
03-10 14:37:27.410 23022 23103 I Unity   : (Filename: .\Runtime/GfxDevice/vulkan/VKTaskExecutor.cpp Line: 1544)
03-10 14:37:27.410 23022 23103 I Unity   : 
03-10 14:37:27.410 23022 23103 E Unity   : Assertion failed on expression: 'm_ProducerThreadId == CurrentThread::GetID()' 
03-10 14:37:27.410 23022 23103 E Unity   : (Filename: .\Runtime/Threads/ThreadedStreamBuffer.h Line: 341)
03-10 14:37:27.410 23022 23103 E Unity   : 
03-10 14:37:27.410 23022 23103 E Unity   : Assertion failed on expression: 'm_ProducerThreadId == CurrentThread::GetID()' 
03-10 14:37:27.410 23022 23103 E Unity   : (Filename: .\Runtime/Threads/ThreadedStreamBuffer.h Line: 341)
03-10 14:37:27.410 23022 23103 E Unity   : 
03-10 14:37:27.410 23022 23103 E Unity   : Assertion failed on expression: 'm_ProducerThreadId == CurrentThread::GetID()' 
03-10 14:37:27.410 23022 23103 E Unity   : (Filename: .\Runtime/Threads/ThreadedStreamBuffer.h Line: 453)
03-10 14:37:27.410 23022 23103 E Unity   : 
03-10 14:37:27.410 23022 23103 I Unity   : [XD_GPU_PROFILER] vkWaitForFences 1111111111111 
03-10 14:37:27.410 23022 23103 I Unity   : (Filename: .\Runtime/GfxDevice/vulkan/VKTaskExecutor.cpp Line: 1551)
03-10 14:37:27.410 23022 23103 I Unity   : 
03-10 14:37:27.410 23022 23103 I Unity   : [XD_GPU_PROFILER] wrong!!! 
03-10 14:37:27.410 23022 23103 I Unity   : (Filename: .\Runtime/GfxDevice/vulkan/VKTaskExecutor.cpp Line: 1554)
03-10 14:37:27.410 23022 23103 I Unity   : 
03-10 14:37:27.410 23022 23104 I Unity   : [XD_GPU_PROFILER] kTask_AddLeftFence 
03-10 14:37:27.410 23022 23104 I Unity   : (Filename: .\Runtime/GfxDevice/vulkan/VKTaskExecutor.cpp Line: 1615)
03-10 14:37:27.410 23022 23104 I Unity   : 
03-10 14:37:27.418 23022 23103 I Unity   : [XD_GPU_PROFILER] vkWaitForFences 0000000000000 
03-10 14:37:27.418 23022 23103 I Unity   : (Filename: .\Runtime/GfxDevice/vulkan/VKTaskExecutor.cpp Line: 1562)
03-10 14:37:27.418 23022 23103 I Unity   : 
03-10 14:37:27.418 23022 23103 E Unity   : Assertion failed on expression: 'm_ProducerThreadId == CurrentThread::GetID()' 
03-10 14:37:27.418 23022 23103 E Unity   : (Filename: .\Runtime/Threads/ThreadedStreamBuffer.h Line: 341)
03-10 14:37:27.418 23022 23103 E Unity   : 
03-10 14:37:27.418 23022 23103 E Unity   : Assertion failed on expression: 'm_ProducerThreadId == CurrentThread::GetID()' 
03-10 14:37:27.418 23022 23103 E Unity   : (Filename: .\Runtime/Threads/ThreadedStreamBuffer.h Line: 341)
03-10 14:37:27.418 23022 23103 E Unity   : 
03-10 14:37:27.418 23022 23103 E Unity   : Assertion failed on expression: 'm_ProducerThreadId == CurrentThread::GetID()' 
03-10 14:37:27.418 23022 23103 E Unity   : (Filename: .\Runtime/Threads/ThreadedStreamBuffer.h Line: 453)
03-10 14:37:27.418 23022 23103 E Unity   : 
03-10 14:37:27.418 23022 23104 I Unity   : [XD_GPU_PROFILER] kTask_AddRightFence 
03-10 14:37:27.418 23022 23104 I Unity   : (Filename: .\Runtime/GfxDevice/vulkan/VKTaskExecutor.cpp Line: 1633)
03-10 14:37:27.418 23022 23104 I Unity   : 
03-10 14:37:27.419 23022 23103 I Unity   : [XD_GPU_PROFILER] d 
03-10 14:37:27.419 23022 23103 I Unity   : (Filename: .\Runtime/GfxDevice/vulkan/VKTaskExecutor.cpp Line: 1492)
03-10 14:37:27.419 23022 23103 I Unity   : 
03-10 14:37:27.419 23022 23103 I Unity   : [XD_GPU_PROFILER] vkAllocateCommandBuffers 
03-10 14:37:27.419 23022 23103 I Unity   : (Filename: .\Runtime/GfxDevice/vulkan/VKTaskExecutor.cpp Line: 1506)
03-10 14:37:27.419 23022 23103 I Unity   : 
03-10 14:37:27.419 23022 23103 I Unity   : [XD_GPU_PROFILER] vkEndCommandBuffer 
03-10 14:37:27.419 23022 23103 I Unity   : (Filename: .\Runtime/GfxDevice/vulkan/VKTaskExecutor.cpp Line: 1519)
03-10 14:37:27.419 23022 23103 I Unity   : 
03-10 14:37:27.419 23022 23103 I Unity   : [XD_GPU_PROFILER] vkCreateFence 
03-10 14:37:27.419 23022 23103 I Unity   : (Filename: .\Runtime/GfxDevice/vulkan/VKTaskExecutor.cpp Line: 1529)
03-10 14:37:27.419 23022 23103 I Unity   : 
03-10 14:37:27.419 23022 23103 I Unity   : [XD_GPU_PROFILER] vkQueueSubmit 
03-10 14:37:27.419 23022 23103 I Unity   : (Filename: .\Runtime/GfxDevice/vulkan/VKTaskExecutor.cpp Line: 1544)
03-10 14:37:27.419 23022 23103 I Unity   : 
03-10 14:37:27.419 23022 23103 E Unity   : Assertion failed on expression: 'm_ProducerThreadId == CurrentThread::GetID()' 
03-10 14:37:27.419 23022 23103 E Unity   : (Filename: .\Runtime/Threads/ThreadedStreamBuffer.h Line: 341)
03-10 14:37:27.419 23022 23103 E Unity   : 
03-10 14:37:27.419 23022 23103 E Unity   : Assertion failed on expression: 'm_ProducerThreadId == CurrentThread::GetID()' 
03-10 14:37:27.419 23022 23103 E Unity   : (Filename: .\Runtime/Threads/ThreadedStreamBuffer.h Line: 341)
03-10 14:37:27.419 23022 23103 E Unity   : 
03-10 14:37:27.419 23022 23103 E Unity   : Assertion failed on expression: 'm_ProducerThreadId == CurrentThread::GetID()' 
03-10 14:37:27.419 23022 23103 E Unity   : (Filename: .\Runtime/Threads/ThreadedStreamBuffer.h Line: 453)
03-10 14:37:27.419 23022 23103 E Unity   : 
03-10 14:37:27.419 23022 23103 I Unity   : [XD_GPU_PROFILER] vkWaitForFences 1111111111111 
03-10 14:37:27.419 23022 23103 I Unity   : (Filename: .\Runtime/GfxDevice/vulkan/VKTaskExecutor.cpp Line: 1551)
03-10 14:37:27.419 23022 23103 I Unity   : 
03-10 14:37:27.419 23022 23103 I Unity   : [XD_GPU_PROFILER] wrong!!! 
03-10 14:37:27.419 23022 23103 I Unity   : (Filename: .\Runtime/GfxDevice/vulkan/VKTaskExecutor.cpp Line: 1554)
03-10 14:37:27.419 23022 23103 I Unity   : 
03-10 14:37:27.419 23022 23104 I Unity   : [XD_GPU_PROFILER] kTask_AddLeftFence 
03-10 14:37:27.419 23022 23104 I Unity   : (Filename: .\Runtime/GfxDevice/vulkan/VKTaskExecutor.cpp Line: 1615)
03-10 14:37:27.419 23022 23104 I Unity   : 
03-10 14:37:27.420 23022 23103 I Unity   : [XD_GPU_PROFILER] vkWaitForFences 0000000000000 
03-10 14:37:27.420 23022 23103 I Unity   : (Filename: .\Runtime/GfxDevice/vulkan/VKTaskExecutor.cpp Line: 1562)
03-10 14:37:27.420 23022 23103 I Unity   : 
03-10 14:37:27.420 23022 23103 E Unity   : Assertion failed on expression: 'm_ProducerThreadId == CurrentThread::GetID()' 
03-10 14:37:27.420 23022 23103 E Unity   : (Filename: .\Runtime/Threads/ThreadedStreamBuffer.h Line: 341)
03-10 14:37:27.420 23022 23103 E Unity   : 
03-10 14:37:27.420 23022 23103 E Unity   : Assertion failed on expression: 'm_ProducerThreadId == CurrentThread::GetID()' 
03-10 14:37:27.420 23022 23103 E Unity   : (Filename: .\Runtime/Threads/ThreadedStreamBuffer.h Line: 341)
03-10 14:37:27.420 23022 23103 E Unity   : 
03-10 14:37:27.420 23022 23103 E Unity   : Assertion failed on expression: 'm_ProducerThreadId == CurrentThread::GetID()' 
03-10 14:37:27.420 23022 23103 E Unity   : (Filename: .\Runtime/Threads/ThreadedStreamBuffer.h Line: 453)
03-10 14:37:27.420 23022 23103 E Unity   : 
03-10 14:37:27.420 23022 23104 I Unity   : [XD_GPU_PROFILER] kTask_AddRightFence 
03-10 14:37:27.420 23022 23104 I Unity   : (Filename: .\Runtime/GfxDevice/vulkan/VKTaskExecutor.cpp Line: 1633)
03-10 14:37:27.420 23022 23104 I Unity   : 
03-10 14:37:27.421 23022 23103 I Unity   : [XD_GPU_PROFILER] d 
03-10 14:37:27.421 23022 23103 I Unity   : (Filename: .\Runtime/GfxDevice/vulkan/VKTaskExecutor.cpp Line: 1492)
03-10 14:37:27.421 23022 23103 I Unity   : 
03-10 14:37:27.421 23022 23103 I Unity   : [XD_GPU_PROFILER] vkAllocateCommandBuffers 
03-10 14:37:27.421 23022 23103 I Unity   : (Filename: .\Runtime/GfxDevice/vulkan/VKTaskExecutor.cpp Line: 1506)
03-10 14:37:27.421 23022 23103 I Unity   : 
03-10 14:37:27.421 23022 23103 I Unity   : [XD_GPU_PROFILER] vkEndCommandBuffer 
03-10 14:37:27.421 23022 23103 I Unity   : (Filename: .\Runtime/GfxDevice/vulkan/VKTaskExecutor.cpp Line: 1519)
03-10 14:37:27.421 23022 23103 I Unity   : 
03-10 14:37:27.421 23022 23103 I Unity   : [XD_GPU_PROFILER] vkCreateFence 
03-10 14:37:27.421 23022 23103 I Unity   : (Filename: .\Runtime/GfxDevice/vulkan/VKTaskExecutor.cpp Line: 1529)
03-10 14:37:27.421 23022 23103 I Unity   : 
03-10 14:37:27.421 23022 23103 I Unity   : [XD_GPU_PROFILER] vkQueueSubmit 
03-10 14:37:27.421 23022 23103 I Unity   : (Filename: .\Runtime/GfxDevice/vulkan/VKTaskExecutor.cpp Line: 1544)
03-10 14:37:27.421 23022 23103 I Unity   : 
03-10 14:37:27.421 23022 23103 E Unity   : Assertion failed on expression: 'm_ProducerThreadId == CurrentThread::GetID()' 
03-10 14:37:27.421 23022 23103 E Unity   : (Filename: .\Runtime/Threads/ThreadedStreamBuffer.h Line: 341)
03-10 14:37:27.421 23022 23103 E Unity   : 
03-10 14:37:27.421 23022 23103 E Unity   : Assertion failed on expression: 'm_ProducerThreadId == CurrentThread::GetID()' 
03-10 14:37:27.421 23022 23103 E Unity   : (Filename: .\Runtime/Threads/ThreadedStreamBuffer.h Line: 341)
03-10 14:37:27.421 23022 23103 E Unity   : 
03-10 14:37:27.421 23022 23103 E Unity   : Assertion failed on expression: 'm_ProducerThreadId == CurrentThread::GetID()' 
03-10 14:37:27.421 23022 23103 E Unity   : (Filename: .\Runtime/Threads/ThreadedStreamBuffer.h Line: 453)
03-10 14:37:27.421 23022 23103 E Unity   : 
03-10 14:37:27.421 23022 23103 I Unity   : [XD_GPU_PROFILER] vkWaitForFences 1111111111111 
03-10 14:37:27.421 23022 23103 I Unity   : (Filename: .\Runtime/GfxDevice/vulkan/VKTaskExecutor.cpp Line: 1551)
03-10 14:37:27.421 23022 23103 I Unity   : 
03-10 14:37:27.421 23022 23104 I Unity   : [XD_GPU_PROFILER] kTask_AddLeftFence 
03-10 14:37:27.421 23022 23104 I Unity   : (Filename: .\Runtime/GfxDevice/vulkan/VKTaskExecutor.cpp Line: 1615)
03-10 14:37:27.421 23022 23104 I Unity   : 
03-10 14:37:27.421 23022 23103 I Unity   : [XD_GPU_PROFILER] wrong!!! 
03-10 14:37:27.421 23022 23103 I Unity   : (Filename: .\Runtime/GfxDevice/vulkan/VKTaskExecutor.cpp Line: 1554)
03-10 14:37:27.421 23022 23103 I Unity   : 
03-10 14:37:27.421 23022 23103 I Unity   : [XD_GPU_PROFILER] vkWaitForFences 0000000000000 
03-10 14:37:27.421 23022 23103 I Unity   : (Filename: .\Runtime/GfxDevice/vulkan/VKTaskExecutor.cpp Line: 1562)
03-10 14:37:27.421 23022 23103 I Unity   : 
03-10 14:37:27.421 23022 23103 E Unity   : Assertion failed on expression: 'm_ProducerThreadId == CurrentThread::GetID()' 
03-10 14:37:27.421 23022 23103 E Unity   : (Filename: .\Runtime/Threads/ThreadedStreamBuffer.h Line: 341)
03-10 14:37:27.421 23022 23103 E Unity   : 
03-10 14:37:27.421 23022 23103 E Unity   : Assertion failed on expression: 'm_ProducerThreadId == CurrentThread::GetID()' 
03-10 14:37:27.421 23022 23103 E Unity   : (Filename: .\Runtime/Threads/ThreadedStreamBuffer.h Line: 341)
03-10 14:37:27.421 23022 23103 E Unity   : 
03-10 14:37:27.422 23022 23103 E Unity   : Assertion failed on expression: 'm_ProducerThreadId == CurrentThread::GetID()' 
03-10 14:37:27.422 23022 23103 E Unity   : (Filename: .\Runtime/Threads/ThreadedStreamBuffer.h Line: 453)
03-10 14:37:27.422 23022 23103 E Unity   : 
03-10 14:37:27.422 23022 23104 I Unity   : [XD_GPU_PROFILER] kTask_AddRightFence 
03-10 14:37:27.422 23022 23104 I Unity   : (Filename: .\Runtime/GfxDevice/vulkan/VKTaskExecutor.cpp Line: 1633)
03-10 14:37:27.422 23022 23104 I Unity   : 
03-10 14:37:27.422 23022 23103 I Unity   : [XD_GPU_PROFILER] d 
03-10 14:37:27.422 23022 23103 I Unity   : (Filename: .\Runtime/GfxDevice/vulkan/VKTaskExecutor.cpp Line: 1492)
03-10 14:37:27.422 23022 23103 I Unity   : 
03-10 14:37:27.422 23022 23103 I Unity   : [XD_GPU_PROFILER] vkAllocateCommandBuffers 
03-10 14:37:27.422 23022 23103 I Unity   : (Filename: .\Runtime/GfxDevice/vulkan/VKTaskExecutor.cpp Line: 1506)
03-10 14:37:27.422 23022 23103 I Unity   : 
03-10 14:37:27.422 23022 23103 I Unity   : [XD_GPU_PROFILER] vkEndCommandBuffer 
03-10 14:37:27.422 23022 23103 I Unity   : (Filename: .\Runtime/GfxDevice/vulkan/VKTaskExecutor.cpp Line: 1519)
03-10 14:37:27.422 23022 23103 I Unity   : 
03-10 14:37:27.422 23022 23103 I Unity   : [XD_GPU_PROFILER] vkCreateFence 
03-10 14:37:27.422 23022 23103 I Unity   : (Filename: .\Runtime/GfxDevice/vulkan/VKTaskExecutor.cpp Line: 1529)
03-10 14:37:27.422 23022 23103 I Unity   : 
03-10 14:37:27.422 23022 23103 I Unity   : [XD_GPU_PROFILER] vkQueueSubmit 
03-10 14:37:27.422 23022 23103 I Unity   : (Filename: .\Runtime/GfxDevice/vulkan/VKTaskExecutor.cpp Line: 1544)
03-10 14:37:27.422 23022 23103 I Unity   : 
03-10 14:37:27.422 23022 23103 E Unity   : Assertion failed on expression: 'm_ProducerThreadId == CurrentThread::GetID()' 
03-10 14:37:27.422 23022 23103 E Unity   : (Filename: .\Runtime/Threads/ThreadedStreamBuffer.h Line: 341)
03-10 14:37:27.422 23022 23103 E Unity   : 
03-10 14:37:27.422 23022 23103 E Unity   : Assertion failed on expression: 'm_ProducerThreadId == CurrentThread::GetID()' 
