03-10 14:37:27.422 23022 23103 E Unity   : (Filename: .\Runtime/Threads/ThreadedStreamBuffer.h Line: 341)
03-10 14:37:27.422 23022 23103 E Unity   : 
03-10 14:37:27.422 23022 23103 E Unity   : Assertion failed on expression: 'm_ProducerThreadId == CurrentThread::GetID()' 
03-10 14:37:27.422 23022 23103 E Unity   : (Filename: .\Runtime/Threads/ThreadedStreamBuffer.h Line: 453)
03-10 14:37:27.422 23022 23103 E Unity   : 
03-10 14:37:27.422 23022 23103 I Unity   : [XD_GPU_PROFILER] vkWaitForFences 1111111111111 
03-10 14:37:27.422 23022 23103 I Unity   : (Filename: .\Runtime/GfxDevice/vulkan/VKTaskExecutor.cpp Line: 1551)
03-10 14:37:27.422 23022 23103 I Unity   : 
03-10 14:37:27.422 23022 23103 I Unity   : [XD_GPU_PROFILER] wrong!!! 
03-10 14:37:27.422 23022 23103 I Unity   : (Filename: .\Runtime/GfxDevice/vulkan/VKTaskExecutor.cpp Line: 1554)
03-10 14:37:27.422 23022 23103 I Unity   : 
03-10 14:37:27.423 23022 23104 I Unity   : [XD_GPU_PROFILER] kTask_AddLeftFence 
03-10 14:37:27.423 23022 23104 I Unity   : (Filename: .\Runtime/GfxDevice/vulkan/VKTaskExecutor.cpp Line: 1615)
03-10 14:37:27.423 23022 23104 I Unity   : 
03-10 14:37:27.423 23022 23103 I Unity   : [XD_GPU_PROFILER] vkWaitForFences 0000000000000 
03-10 14:37:27.423 23022 23103 I Unity   : (Filename: .\Runtime/GfxDevice/vulkan/VKTaskExecutor.cpp Line: 1562)
03-10 14:37:27.423 23022 23103 I Unity   : 
03-10 14:37:27.423 23022 23103 E Unity   : Assertion failed on expression: 'm_ProducerThreadId == CurrentThread::GetID()' 
03-10 14:37:27.423 23022 23103 E Unity   : (Filename: .\Runtime/Threads/ThreadedStreamBuffer.h Line: 341)
03-10 14:37:27.423 23022 23103 E Unity   : 
03-10 14:37:27.423 23022 23103 E Unity   : Assertion failed on expression: 'm_ProducerThreadId == CurrentThread::GetID()' 
03-10 14:37:27.423 23022 23103 E Unity   : (Filename: .\Runtime/Threads/ThreadedStreamBuffer.h Line: 341)
03-10 14:37:27.423 23022 23103 E Unity   : 
03-10 14:37:27.423 23022 23103 E Unity   : Assertion failed on expression: 'm_ProducerThreadId == CurrentThread::GetID()' 
03-10 14:37:27.423 23022 23103 E Unity   : (Filename: .\Runtime/Threads/ThreadedStreamBuffer.h Line: 453)
03-10 14:37:27.423 23022 23103 E Unity   : 
03-10 14:37:27.424 23022 23104 I Unity   : [XD_GPU_PROFILER] kTask_AddRightFence 
03-10 14:37:27.424 23022 23104 I Unity   : (Filename: .\Runtime/GfxDevice/vulkan/VKTaskExecutor.cpp Line: 1633)
03-10 14:37:27.424 23022 23104 I Unity   : 
03-10 14:37:27.425 23022 23103 I Unity   : [XD_GPU_PROFILER] d 
03-10 14:37:27.425 23022 23103 I Unity   : (Filename: .\Runtime/GfxDevice/vulkan/VKTaskExecutor.cpp Line: 1492)
03-10 14:37:27.425 23022 23103 I Unity   : 
03-10 14:37:27.425 23022 23103 I Unity   : [XD_GPU_PROFILER] vkAllocateCommandBuffers 
03-10 14:37:27.425 23022 23103 I Unity   : (Filename: .\Runtime/GfxDevice/vulkan/VKTaskExecutor.cpp Line: 1506)
03-10 14:37:27.425 23022 23103 I Unity   : 
03-10 14:37:27.425 23022 23103 I Unity   : [XD_GPU_PROFILER] vkEndCommandBuffer 
03-10 14:37:27.425 23022 23103 I Unity   : (Filename: .\Runtime/GfxDevice/vulkan/VKTaskExecutor.cpp Line: 1519)
03-10 14:37:27.425 23022 23103 I Unity   : 
03-10 14:37:27.425 23022 23103 I Unity   : [XD_GPU_PROFILER] vkCreateFence 
03-10 14:37:27.425 23022 23103 I Unity   : (Filename: .\Runtime/GfxDevice/vulkan/VKTaskExecutor.cpp Line: 1529)
03-10 14:37:27.425 23022 23103 I Unity   : 
03-10 14:37:27.425 23022 23103 I Unity   : [XD_GPU_PROFILER] vkQueueSubmit 
03-10 14:37:27.425 23022 23103 I Unity   : (Filename: .\Runtime/GfxDevice/vulkan/VKTaskExecutor.cpp Line: 1544)
03-10 14:37:27.425 23022 23103 I Unity   : 
03-10 14:37:27.425 23022 23103 E Unity   : Assertion failed on expression: 'm_ProducerThreadId == CurrentThread::GetID()' 
03-10 14:37:27.425 23022 23103 E Unity   : (Filename: .\Runtime/Threads/ThreadedStreamBuffer.h Line: 341)
03-10 14:37:27.425 23022 23103 E Unity   : 
03-10 14:37:27.425 23022 23103 E Unity   : Assertion failed on expression: 'm_ProducerThreadId == CurrentThread::GetID()' 
03-10 14:37:27.425 23022 23103 E Unity   : (Filename: .\Runtime/Threads/ThreadedStreamBuffer.h Line: 341)
03-10 14:37:27.425 23022 23103 E Unity   : 
03-10 14:37:27.425 23022 23103 E Unity   : Assertion failed on expression: 'm_ProducerThreadId == CurrentThread::GetID()' 
03-10 14:37:27.425 23022 23103 E Unity   : (Filename: .\Runtime/Threads/ThreadedStreamBuffer.h Line: 453)
03-10 14:37:27.425 23022 23103 E Unity   : 
03-10 14:37:27.425 23022 23103 I Unity   : [XD_GPU_PROFILER] vkWaitForFences 1111111111111 
03-10 14:37:27.425 23022 23103 I Unity   : (Filename: .\Runtime/GfxDevice/vulkan/VKTaskExecutor.cpp Line: 1551)
03-10 14:37:27.425 23022 23103 I Unity   : 
03-10 14:37:27.425 23022 23103 I Unity   : [XD_GPU_PROFILER] wrong!!! 
03-10 14:37:27.425 23022 23103 I Unity   : (Filename: .\Runtime/GfxDevice/vulkan/VKTaskExecutor.cpp Line: 1554)
03-10 14:37:27.425 23022 23103 I Unity   : 
03-10 14:37:27.425 23022 23104 I Unity   : [XD_GPU_PROFILER] kTask_AddLeftFence 
03-10 14:37:27.425 23022 23104 I Unity   : (Filename: .\Runtime/GfxDevice/vulkan/VKTaskExecutor.cpp Line: 1615)
03-10 14:37:27.425 23022 23104 I Unity   : 
03-10 14:37:27.434 23022 23103 I Unity   : [XD_GPU_PROFILER] vkWaitForFences 0000000000000 
03-10 14:37:27.434 23022 23103 I Unity   : (Filename: .\Runtime/GfxDevice/vulkan/VKTaskExecutor.cpp Line: 1562)
03-10 14:37:27.434 23022 23103 I Unity   : 
03-10 14:37:27.434 23022 23103 E Unity   : Assertion failed on expression: 'm_ProducerThreadId == CurrentThread::GetID()' 
03-10 14:37:27.434 23022 23103 E Unity   : (Filename: .\Runtime/Threads/ThreadedStreamBuffer.h Line: 341)
03-10 14:37:27.434 23022 23103 E Unity   : 
03-10 14:37:27.434 23022 23103 E Unity   : Assertion failed on expression: 'm_ProducerThreadId == CurrentThread::GetID()' 
03-10 14:37:27.434 23022 23103 E Unity   : (Filename: .\Runtime/Threads/ThreadedStreamBuffer.h Line: 341)
03-10 14:37:27.434 23022 23103 E Unity   : 
03-10 14:37:27.434 23022 23103 E Unity   : Assertion failed on expression: 'm_ProducerThreadId == CurrentThread::GetID()' 
03-10 14:37:27.434 23022 23103 E Unity   : (Filename: .\Runtime/Threads/ThreadedStreamBuffer.h Line: 453)
03-10 14:37:27.434 23022 23103 E Unity   : 
03-10 14:37:27.435 23022 23104 I Unity   : [XD_GPU_PROFILER] kTask_AddRightFence 
03-10 14:37:27.435 23022 23104 I Unity   : (Filename: .\Runtime/GfxDevice/vulkan/VKTaskExecutor.cpp Line: 1633)
03-10 14:37:27.435 23022 23104 I Unity   : 
03-10 14:37:27.438 23022 23103 I Unity   : [XD_GPU_PROFILER] d 
03-10 14:37:27.438 23022 23103 I Unity   : (Filename: .\Runtime/GfxDevice/vulkan/VKTaskExecutor.cpp Line: 1492)
03-10 14:37:27.438 23022 23103 I Unity   : 
03-10 14:37:27.438 23022 23103 I Unity   : [XD_GPU_PROFILER] vkAllocateCommandBuffers 
03-10 14:37:27.438 23022 23103 I Unity   : (Filename: .\Runtime/GfxDevice/vulkan/VKTaskExecutor.cpp Line: 1506)
03-10 14:37:27.438 23022 23103 I Unity   : 
03-10 14:37:27.438 23022 23103 I Unity   : [XD_GPU_PROFILER] vkEndCommandBuffer 
03-10 14:37:27.438 23022 23103 I Unity   : (Filename: .\Runtime/GfxDevice/vulkan/VKTaskExecutor.cpp Line: 1519)
03-10 14:37:27.438 23022 23103 I Unity   : 
03-10 14:37:27.438 23022 23103 I Unity   : [XD_GPU_PROFILER] vkCreateFence 
03-10 14:37:27.438 23022 23103 I Unity   : (Filename: .\Runtime/GfxDevice/vulkan/VKTaskExecutor.cpp Line: 1529)
03-10 14:37:27.438 23022 23103 I Unity   : 
03-10 14:37:27.438 23022 23103 I Unity   : [XD_GPU_PROFILER] vkQueueSubmit 
03-10 14:37:27.438 23022 23103 I Unity   : (Filename: .\Runtime/GfxDevice/vulkan/VKTaskExecutor.cpp Line: 1544)
03-10 14:37:27.438 23022 23103 I Unity   : 
03-10 14:37:27.438 23022 23103 E Unity   : Assertion failed on expression: 'm_ProducerThreadId == CurrentThread::GetID()' 
03-10 14:37:27.438 23022 23103 E Unity   : (Filename: .\Runtime/Threads/ThreadedStreamBuffer.h Line: 341)
03-10 14:37:27.438 23022 23103 E Unity   : 
03-10 14:37:27.438 23022 23103 E Unity   : Assertion failed on expression: 'm_ProducerThreadId == CurrentThread::GetID()' 
03-10 14:37:27.438 23022 23103 E Unity   : (Filename: .\Runtime/Threads/ThreadedStreamBuffer.h Line: 341)
03-10 14:37:27.438 23022 23103 E Unity   : 
03-10 14:37:27.438 23022 23103 E Unity   : Assertion failed on expression: 'm_ProducerThreadId == CurrentThread::GetID()' 
03-10 14:37:27.438 23022 23103 E Unity   : (Filename: .\Runtime/Threads/ThreadedStreamBuffer.h Line: 453)
03-10 14:37:27.438 23022 23103 E Unity   : 
03-10 14:37:27.438 23022 23103 I Unity   : [XD_GPU_PROFILER] vkWaitForFences 1111111111111 
03-10 14:37:27.438 23022 23103 I Unity   : (Filename: .\Runtime/GfxDevice/vulkan/VKTaskExecutor.cpp Line: 1551)
03-10 14:37:27.438 23022 23103 I Unity   : 
03-10 14:37:27.438 23022 23103 I Unity   : [XD_GPU_PROFILER] wrong!!! 
03-10 14:37:27.438 23022 23103 I Unity   : (Filename: .\Runtime/GfxDevice/vulkan/VKTaskExecutor.cpp Line: 1554)
03-10 14:37:27.438 23022 23103 I Unity   : 
03-10 14:37:27.438 23022 23104 I Unity   : [XD_GPU_PROFILER] kTask_AddLeftFence 
03-10 14:37:27.438 23022 23104 I Unity   : (Filename: .\Runtime/GfxDevice/vulkan/VKTaskExecutor.cpp Line: 1615)
03-10 14:37:27.438 23022 23104 I Unity   : 
03-10 14:37:27.440 23022 23103 I Unity   : [XD_GPU_PROFILER] vkWaitForFences 0000000000000 
03-10 14:37:27.440 23022 23103 I Unity   : (Filename: .\Runtime/GfxDevice/vulkan/VKTaskExecutor.cpp Line: 1562)
03-10 14:37:27.440 23022 23103 I Unity   : 
03-10 14:37:27.440 23022 23103 E Unity   : Assertion failed on expression: 'm_ProducerThreadId == CurrentThread::GetID()' 
03-10 14:37:27.440 23022 23103 E Unity   : (Filename: .\Runtime/Threads/ThreadedStreamBuffer.h Line: 341)
03-10 14:37:27.440 23022 23103 E Unity   : 
03-10 14:37:27.440 23022 23103 E Unity   : Assertion failed on expression: 'm_ProducerThreadId == CurrentThread::GetID()' 
03-10 14:37:27.440 23022 23103 E Unity   : (Filename: .\Runtime/Threads/ThreadedStreamBuffer.h Line: 341)
03-10 14:37:27.440 23022 23103 E Unity   : 
03-10 14:37:27.440 23022 23103 E Unity   : Assertion failed on expression: 'm_ProducerThreadId == CurrentThread::GetID()' 
03-10 14:37:27.440 23022 23103 E Unity   : (Filename: .\Runtime/Threads/ThreadedStreamBuffer.h Line: 453)
03-10 14:37:27.440 23022 23103 E Unity   : 
03-10 14:37:27.440 23022 23104 I Unity   : [XD_GPU_PROFILER] kTask_AddRightFence 
03-10 14:37:27.440 23022 23104 I Unity   : (Filename: .\Runtime/GfxDevice/vulkan/VKTaskExecutor.cpp Line: 1633)
03-10 14:37:27.440 23022 23104 I Unity   : 
03-10 14:37:27.442 23022 23103 I Unity   : [XD_GPU_PROFILER] d 
03-10 14:37:27.442 23022 23103 I Unity   : (Filename: .\Runtime/GfxDevice/vulkan/VKTaskExecutor.cpp Line: 1492)
03-10 14:37:27.442 23022 23103 I Unity   : 
03-10 14:37:27.442 23022 23103 I Unity   : [XD_GPU_PROFILER] vkAllocateCommandBuffers 
03-10 14:37:27.442 23022 23103 I Unity   : (Filename: .\Runtime/GfxDevice/vulkan/VKTaskExecutor.cpp Line: 1506)
03-10 14:37:27.442 23022 23103 I Unity   : 
03-10 14:37:27.442 23022 23103 I Unity   : [XD_GPU_PROFILER] vkEndCommandBuffer 
03-10 14:37:27.442 23022 23103 I Unity   : (Filename: .\Runtime/GfxDevice/vulkan/VKTaskExecutor.cpp Line: 1519)
03-10 14:37:27.442 23022 23103 I Unity   : 
03-10 14:37:27.442 23022 23103 I Unity   : [XD_GPU_PROFILER] vkCreateFence 
03-10 14:37:27.442 23022 23103 I Unity   : (Filename: .\Runtime/GfxDevice/vulkan/VKTaskExecutor.cpp Line: 1529)
03-10 14:37:27.442 23022 23103 I Unity   : 
03-10 14:37:27.442 23022 23103 I Unity   : [XD_GPU_PROFILER] vkQueueSubmit 
03-10 14:37:27.442 23022 23103 I Unity   : (Filename: .\Runtime/GfxDevice/vulkan/VKTaskExecutor.cpp Line: 1544)
03-10 14:37:27.442 23022 23103 I Unity   : 
03-10 14:37:27.442 23022 23103 E Unity   : Assertion failed on expression: 'm_ProducerThreadId == CurrentThread::GetID()' 
03-10 14:37:27.442 23022 23103 E Unity   : (Filename: .\Runtime/Threads/ThreadedStreamBuffer.h Line: 341)
03-10 14:37:27.442 23022 23103 E Unity   : 
03-10 14:37:27.442 23022 23103 E Unity   : Assertion failed on expression: 'm_ProducerThreadId == CurrentThread::GetID()' 
03-10 14:37:27.442 23022 23103 E Unity   : (Filename: .\Runtime/Threads/ThreadedStreamBuffer.h Line: 341)
03-10 14:37:27.442 23022 23103 E Unity   : 
03-10 14:37:27.442 23022 23103 E Unity   : Assertion failed on expression: 'm_ProducerThreadId == CurrentThread::GetID()' 
03-10 14:37:27.442 23022 23103 E Unity   : (Filename: .\Runtime/Threads/ThreadedStreamBuffer.h Line: 453)
03-10 14:37:27.442 23022 23103 E Unity   : 
03-10 14:37:27.442 23022 23103 I Unity   : [XD_GPU_PROFILER] vkWaitForFences 1111111111111 
03-10 14:37:27.442 23022 23103 I Unity   : (Filename: .\Runtime/GfxDevice/vulkan/VKTaskExecutor.cpp Line: 1551)
03-10 14:37:27.442 23022 23103 I Unity   : 
03-10 14:37:27.442 23022 23104 I Unity   : [XD_GPU_PROFILER] kTask_AddLeftFence 
03-10 14:37:27.442 23022 23104 I Unity   : (Filename: .\Runtime/GfxDevice/vulkan/VKTaskExecutor.cpp Line: 1615)
03-10 14:37:27.442 23022 23104 I Unity   : 
03-10 14:37:27.442 23022 23103 I Unity   : [XD_GPU_PROFILER] wrong!!! 
03-10 14:37:27.442 23022 23103 I Unity   : (Filename: .\Runtime/GfxDevice/vulkan/VKTaskExecutor.cpp Line: 1554)
03-10 14:37:27.442 23022 23103 I Unity   : 
03-10 14:37:27.451 23022 23103 I Unity   : [XD_GPU_PROFILER] vkWaitForFences 0000000000000 
03-10 14:37:27.451 23022 23103 I Unity   : (Filename: .\Runtime/GfxDevice/vulkan/VKTaskExecutor.cpp Line: 1562)
03-10 14:37:27.451 23022 23103 I Unity   : 
03-10 14:37:27.451 23022 23103 E Unity   : Assertion failed on expression: 'm_ProducerThreadId == CurrentThread::GetID()' 
03-10 14:37:27.451 23022 23103 E Unity   : (Filename: .\Runtime/Threads/ThreadedStreamBuffer.h Line: 341)
03-10 14:37:27.451 23022 23103 E Unity   : 
03-10 14:37:27.451 23022 23103 E Unity   : Assertion failed on expression: 'm_ProducerThreadId == CurrentThread::GetID()' 
03-10 14:37:27.451 23022 23103 E Unity   : (Filename: .\Runtime/Threads/ThreadedStreamBuffer.h Line: 341)
03-10 14:37:27.451 23022 23103 E Unity   : 
03-10 14:37:27.451 23022 23103 E Unity   : Assertion failed on expression: 'm_ProducerThreadId == CurrentThread::GetID()' 
03-10 14:37:27.451 23022 23103 E Unity   : (Filename: .\Runtime/Threads/ThreadedStreamBuffer.h Line: 453)
03-10 14:37:27.451 23022 23103 E Unity   : 
03-10 14:37:27.451 23022 23104 I Unity   : [XD_GPU_PROFILER] kTask_AddRightFence 
03-10 14:37:27.451 23022 23104 I Unity   : (Filename: .\Runtime/GfxDevice/vulkan/VKTaskExecutor.cpp Line: 1633)
03-10 14:37:27.451 23022 23104 I Unity   : 
03-10 14:37:27.452 23022 23103 I Unity   : [XD_GPU_PROFILER] d 
03-10 14:37:27.452 23022 23103 I Unity   : (Filename: .\Runtime/GfxDevice/vulkan/VKTaskExecutor.cpp Line: 1492)
03-10 14:37:27.452 23022 23103 I Unity   : 
03-10 14:37:27.453 23022 23103 I Unity   : [XD_GPU_PROFILER] vkAllocateCommandBuffers 
03-10 14:37:27.453 23022 23103 I Unity   : (Filename: .\Runtime/GfxDevice/vulkan/VKTaskExecutor.cpp Line: 1506)
03-10 14:37:27.453 23022 23103 I Unity   : 
03-10 14:37:27.453 23022 23103 I Unity   : [XD_GPU_PROFILER] vkEndCommandBuffer 
03-10 14:37:27.453 23022 23103 I Unity   : (Filename: .\Runtime/GfxDevice/vulkan/VKTaskExecutor.cpp Line: 1519)
03-10 14:37:27.453 23022 23103 I Unity   : 
03-10 14:37:27.453 23022 23103 I Unity   : [XD_GPU_PROFILER] vkCreateFence 
03-10 14:37:27.453 23022 23103 I Unity   : (Filename: .\Runtime/GfxDevice/vulkan/VKTaskExecutor.cpp Line: 1529)
03-10 14:37:27.453 23022 23103 I Unity   : 
03-10 14:37:27.453 23022 23103 I Unity   : [XD_GPU_PROFILER] vkQueueSubmit 
03-10 14:37:27.453 23022 23103 I Unity   : (Filename: .\Runtime/GfxDevice/vulkan/VKTaskExecutor.cpp Line: 1544)
03-10 14:37:27.453 23022 23103 I Unity   : 
03-10 14:37:27.453 23022 23103 E Unity   : Assertion failed on expression: 'm_ProducerThreadId == CurrentThread::GetID()' 
03-10 14:37:27.453 23022 23103 E Unity   : (Filename: .\Runtime/Threads/ThreadedStreamBuffer.h Line: 341)
03-10 14:37:27.453 23022 23103 E Unity   : 
03-10 14:37:27.453 23022 23103 E Unity   : Assertion failed on expression: 'm_ProducerThreadId == CurrentThread::GetID()' 
03-10 14:37:27.453 23022 23103 E Unity   : (Filename: .\Runtime/Threads/ThreadedStreamBuffer.h Line: 341)
03-10 14:37:27.453 23022 23103 E Unity   : 
03-10 14:37:27.453 23022 23103 E Unity   : Assertion failed on expression: 'm_ProducerThreadId == CurrentThread::GetID()' 
03-10 14:37:27.453 23022 23103 E Unity   : (Filename: .\Runtime/Threads/ThreadedStreamBuffer.h Line: 453)
03-10 14:37:27.453 23022 23103 E Unity   : 
03-10 14:37:27.453 23022 23103 I Unity   : [XD_GPU_PROFILER] vkWaitForFences 1111111111111 
03-10 14:37:27.453 23022 23103 I Unity   : (Filename: .\Runtime/GfxDevice/vulkan/VKTaskExecutor.cpp Line: 1551)
03-10 14:37:27.453 23022 23103 I Unity   : 
03-10 14:37:27.453 23022 23103 I Unity   : [XD_GPU_PROFILER] wrong!!! 
03-10 14:37:27.453 23022 23103 I Unity   : (Filename: .\Runtime/GfxDevice/vulkan/VKTaskExecutor.cpp Line: 1554)
03-10 14:37:27.453 23022 23103 I Unity   : 
03-10 14:37:27.453 23022 23104 I Unity   : [XD_GPU_PROFILER] kTask_AddLeftFence 
03-10 14:37:27.453 23022 23104 I Unity   : (Filename: .\Runtime/GfxDevice/vulkan/VKTaskExecutor.cpp Line: 1615)
03-10 14:37:27.453 23022 23104 I Unity   : 
03-10 14:37:27.453 23022 23103 I Unity   : [XD_GPU_PROFILER] vkWaitForFences 0000000000000 
03-10 14:37:27.453 23022 23103 I Unity   : (Filename: .\Runtime/GfxDevice/vulkan/VKTaskExecutor.cpp Line: 1562)
03-10 14:37:27.453 23022 23103 I Unity   : 
03-10 14:37:27.453 23022 23103 E Unity   : Assertion failed on expression: 'm_ProducerThreadId == CurrentThread::GetID()' 
03-10 14:37:27.453 23022 23103 E Unity   : (Filename: .\Runtime/Threads/ThreadedStreamBuffer.h Line: 341)
03-10 14:37:27.453 23022 23103 E Unity   : 
03-10 14:37:27.453 23022 23103 E Unity   : Assertion failed on expression: 'm_ProducerThreadId == CurrentThread::GetID()' 
03-10 14:37:27.453 23022 23103 E Unity   : (Filename: .\Runtime/Threads/ThreadedStreamBuffer.h Line: 341)
03-10 14:37:27.453 23022 23103 E Unity   : 
03-10 14:37:27.453 23022 23103 E Unity   : Assertion failed on expression: 'm_ProducerThreadId == CurrentThread::GetID()' 
03-10 14:37:27.453 23022 23103 E Unity   : (Filename: .\Runtime/Threads/ThreadedStreamBuffer.h Line: 453)
03-10 14:37:27.453 23022 23103 E Unity   : 
03-10 14:37:27.453 23022 23104 I Unity   : [XD_GPU_PROFILER] kTask_AddRightFence 
03-10 14:37:27.453 23022 23104 I Unity   : (Filename: .\Runtime/GfxDevice/vulkan/VKTaskExecutor.cpp Line: 1633)
03-10 14:37:27.453 23022 23104 I Unity   : 
03-10 14:37:27.454 23022 23103 I Unity   : [XD_GPU_PROFILER] d 
03-10 14:37:27.454 23022 23103 I Unity   : (Filename: .\Runtime/GfxDevice/vulkan/VKTaskExecutor.cpp Line: 1492)
03-10 14:37:27.454 23022 23103 I Unity   : 
03-10 14:37:27.454 23022 23103 I Unity   : [XD_GPU_PROFILER] vkAllocateCommandBuffers 
03-10 14:37:27.454 23022 23103 I Unity   : (Filename: .\Runtime/GfxDevice/vulkan/VKTaskExecutor.cpp Line: 1506)
03-10 14:37:27.454 23022 23103 I Unity   : 
03-10 14:37:27.454 23022 23103 I Unity   : [XD_GPU_PROFILER] vkEndCommandBuffer 
03-10 14:37:27.454 23022 23103 I Unity   : (Filename: .\Runtime/GfxDevice/vulkan/VKTaskExecutor.cpp Line: 1519)
03-10 14:37:27.454 23022 23103 I Unity   : 
03-10 14:37:27.454 23022 23103 I Unity   : [XD_GPU_PROFILER] vkCreateFence 
03-10 14:37:27.454 23022 23103 I Unity   : (Filename: .\Runtime/GfxDevice/vulkan/VKTaskExecutor.cpp Line: 1529)
03-10 14:37:27.454 23022 23103 I Unity   : 
03-10 14:37:27.454 23022 23103 I Unity   : [XD_GPU_PROFILER] vkQueueSubmit 
03-10 14:37:27.454 23022 23103 I Unity   : (Filename: .\Runtime/GfxDevice/vulkan/VKTaskExecutor.cpp Line: 1544)
03-10 14:37:27.454 23022 23103 I Unity   : 
03-10 14:37:27.454 23022 23103 E Unity   : Assertion failed on expression: 'm_ProducerThreadId == CurrentThread::GetID()' 
03-10 14:37:27.454 23022 23103 E Unity   : (Filename: .\Runtime/Threads/ThreadedStreamBuffer.h Line: 341)
03-10 14:37:27.454 23022 23103 E Unity   : 
03-10 14:37:27.454 23022 23103 E Unity   : Assertion failed on expression: 'm_ProducerThreadId == CurrentThread::GetID()' 
03-10 14:37:27.454 23022 23103 E Unity   : (Filename: .\Runtime/Threads/ThreadedStreamBuffer.h Line: 341)
03-10 14:37:27.454 23022 23103 E Unity   : 
03-10 14:37:27.454 23022 23103 E Unity   : Assertion failed on expression: 'm_ProducerThreadId == CurrentThread::GetID()' 
03-10 14:37:27.454 23022 23103 E Unity   : (Filename: .\Runtime/Threads/ThreadedStreamBuffer.h Line: 453)
03-10 14:37:27.454 23022 23103 E Unity   : 
03-10 14:37:27.454 23022 23103 I Unity   : [XD_GPU_PROFILER] vkWaitForFences 1111111111111 
03-10 14:37:27.454 23022 23103 I Unity   : (Filename: .\Runtime/GfxDevice/vulkan/VKTaskExecutor.cpp Line: 1551)
03-10 14:37:27.454 23022 23103 I Unity   : 
03-10 14:37:27.454 23022 23104 I Unity   : [XD_GPU_PROFILER] kTask_AddLeftFence 
03-10 14:37:27.454 23022 23104 I Unity   : (Filename: .\Runtime/GfxDevice/vulkan/VKTaskExecutor.cpp Line: 1615)
03-10 14:37:27.454 23022 23104 I Unity   : 
03-10 14:37:27.454 23022 23103 I Unity   : [XD_GPU_PROFILER] wrong!!! 
03-10 14:37:27.454 23022 23103 I Unity   : (Filename: .\Runtime/GfxDevice/vulkan/VKTaskExecutor.cpp Line: 1554)
03-10 14:37:27.454 23022 23103 I Unity   : 
03-10 14:37:27.454 23022 23103 I Unity   : [XD_GPU_PROFILER] vkWaitForFences 0000000000000 
03-10 14:37:27.454 23022 23103 I Unity   : (Filename: .\Runtime/GfxDevice/vulkan/VKTaskExecutor.cpp Line: 1562)
03-10 14:37:27.454 23022 23103 I Unity   : 
03-10 14:37:27.454 23022 23103 E Unity   : Assertion failed on expression: 'm_ProducerThreadId == CurrentThread::GetID()' 
03-10 14:37:27.454 23022 23103 E Unity   : (Filename: .\Runtime/Threads/ThreadedStreamBuffer.h Line: 341)
03-10 14:37:27.454 23022 23103 E Unity   : 
03-10 14:37:27.454 23022 23103 E Unity   : Assertion failed on expression: 'm_ProducerThreadId == CurrentThread::GetID()' 
03-10 14:37:27.454 23022 23103 E Unity   : (Filename: .\Runtime/Threads/ThreadedStreamBuffer.h Line: 341)
03-10 14:37:27.454 23022 23103 E Unity   : 
03-10 14:37:27.454 23022 23103 E Unity   : Assertion failed on expression: 'm_ProducerThreadId == CurrentThread::GetID()' 
03-10 14:37:27.454 23022 23103 E Unity   : (Filename: .\Runtime/Threads/ThreadedStreamBuffer.h Line: 453)
03-10 14:37:27.454 23022 23103 E Unity   : 
03-10 14:37:27.454 23022 23104 I Unity   : [XD_GPU_PROFILER] kTask_AddRightFence 
03-10 14:37:27.454 23022 23104 I Unity   : (Filename: .\Runtime/GfxDevice/vulkan/VKTaskExecutor.cpp Line: 1633)
03-10 14:37:27.454 23022 23104 I Unity   : 
03-10 14:37:27.455 23022 23103 I Unity   : [XD_GPU_PROFILER] d 
03-10 14:37:27.455 23022 23103 I Unity   : (Filename: .\Runtime/GfxDevice/vulkan/VKTaskExecutor.cpp Line: 1492)
03-10 14:37:27.455 23022 23103 I Unity   : 
03-10 14:37:27.455 23022 23103 I Unity   : [XD_GPU_PROFILER] vkAllocateCommandBuffers 
03-10 14:37:27.455 23022 23103 I Unity   : (Filename: .\Runtime/GfxDevice/vulkan/VKTaskExecutor.cpp Line: 1506)
03-10 14:37:27.455 23022 23103 I Unity   : 
03-10 14:37:27.455 23022 23103 I Unity   : [XD_GPU_PROFILER] vkEndCommandBuffer 
03-10 14:37:27.455 23022 23103 I Unity   : (Filename: .\Runtime/GfxDevice/vulkan/VKTaskExecutor.cpp Line: 1519)
03-10 14:37:27.455 23022 23103 I Unity   : 
03-10 14:37:27.455 23022 23103 I Unity   : [XD_GPU_PROFILER] vkCreateFence 
03-10 14:37:27.455 23022 23103 I Unity   : (Filename: .\Runtime/GfxDevice/vulkan/VKTaskExecutor.cpp Line: 1529)
03-10 14:37:27.455 23022 23103 I Unity   : 
03-10 14:37:27.455 23022 23103 I Unity   : [XD_GPU_PROFILER] vkQueueSubmit 
03-10 14:37:27.455 23022 23103 I Unity   : (Filename: .\Runtime/GfxDevice/vulkan/VKTaskExecutor.cpp Line: 1544)
03-10 14:37:27.455 23022 23103 I Unity   : 
03-10 14:37:27.455 23022 23103 E Unity   : Assertion failed on expression: 'm_ProducerThreadId == CurrentThread::GetID()' 
03-10 14:37:27.455 23022 23103 E Unity   : (Filename: .\Runtime/Threads/ThreadedStreamBuffer.h Line: 341)
03-10 14:37:27.455 23022 23103 E Unity   : 
03-10 14:37:27.455 23022 23103 E Unity   : Assertion failed on expression: 'm_ProducerThreadId == CurrentThread::GetID()' 
03-10 14:37:27.455 23022 23103 E Unity   : (Filename: .\Runtime/Threads/ThreadedStreamBuffer.h Line: 341)
03-10 14:37:27.455 23022 23103 E Unity   : 
03-10 14:37:27.455 23022 23103 E Unity   : Assertion failed on expression: 'm_ProducerThreadId == CurrentThread::GetID()' 
03-10 14:37:27.455 23022 23103 E Unity   : (Filename: .\Runtime/Threads/ThreadedStreamBuffer.h Line: 453)
03-10 14:37:27.455 23022 23103 E Unity   : 
03-10 14:37:27.455 23022 23103 I Unity   : [XD_GPU_PROFILER] vkWaitForFences 1111111111111 
03-10 14:37:27.455 23022 23103 I Unity   : (Filename: .\Runtime/GfxDevice/vulkan/VKTaskExecutor.cpp Line: 1551)
03-10 14:37:27.455 23022 23103 I Unity   : 
03-10 14:37:27.455 23022 23104 I Unity   : [XD_GPU_PROFILER] kTask_AddLeftFence 
03-10 14:37:27.455 23022 23104 I Unity   : (Filename: .\Runtime/GfxDevice/vulkan/VKTaskExecutor.cpp Line: 1615)
03-10 14:37:27.455 23022 23104 I Unity   : 
03-10 14:37:27.455 23022 23103 I Unity   : [XD_GPU_PROFILER] wrong!!! 
03-10 14:37:27.455 23022 23103 I Unity   : (Filename: .\Runtime/GfxDevice/vulkan/VKTaskExecutor.cpp Line: 1554)
03-10 14:37:27.455 23022 23103 I Unity   : 
03-10 14:37:27.456 23022 23103 I Unity   : [XD_GPU_PROFILER] vkWaitForFences 0000000000000 
03-10 14:37:27.456 23022 23103 I Unity   : (Filename: .\Runtime/GfxDevice/vulkan/VKTaskExecutor.cpp Line: 1562)
03-10 14:37:27.456 23022 23103 I Unity   : 
03-10 14:37:27.456 23022 23103 E Unity   : Assertion failed on expression: 'm_ProducerThreadId == CurrentThread::GetID()' 
03-10 14:37:27.456 23022 23103 E Unity   : (Filename: .\Runtime/Threads/ThreadedStreamBuffer.h Line: 341)
03-10 14:37:27.456 23022 23103 E Unity   : 
03-10 14:37:27.456 23022 23103 E Unity   : Assertion failed on expression: 'm_ProducerThreadId == CurrentThread::GetID()' 
03-10 14:37:27.456 23022 23103 E Unity   : (Filename: .\Runtime/Threads/ThreadedStreamBuffer.h Line: 341)
03-10 14:37:27.456 23022 23103 E Unity   : 
03-10 14:37:27.456 23022 23103 E Unity   : Assertion failed on expression: 'm_ProducerThreadId == CurrentThread::GetID()' 
03-10 14:37:27.456 23022 23103 E Unity   : (Filename: .\Runtime/Threads/ThreadedStreamBuffer.h Line: 453)
03-10 14:37:27.456 23022 23103 E Unity   : 
03-10 14:37:27.456 23022 23104 I Unity   : [XD_GPU_PROFILER] kTask_AddRightFence 
03-10 14:37:27.456 23022 23104 I Unity   : (Filename: .\Runtime/GfxDevice/vulkan/VKTaskExecutor.cpp Line: 1633)
03-10 14:37:27.456 23022 23104 I Unity   : 
03-10 14:37:27.465 23022 23103 I Unity   : [XD_GPU_PROFILER] d 
03-10 14:37:27.465 23022 23103 I Unity   : (Filename: .\Runtime/GfxDevice/vulkan/VKTaskExecutor.cpp Line: 1492)
03-10 14:37:27.465 23022 23103 I Unity   : 
03-10 14:37:27.465 23022 23103 I Unity   : [XD_GPU_PROFILER] vkAllocateCommandBuffers 
03-10 14:37:27.465 23022 23103 I Unity   : (Filename: .\Runtime/GfxDevice/vulkan/VKTaskExecutor.cpp Line: 1506)
03-10 14:37:27.465 23022 23103 I Unity   : 
03-10 14:37:27.465 23022 23103 I Unity   : [XD_GPU_PROFILER] vkEndCommandBuffer 
03-10 14:37:27.465 23022 23103 I Unity   : (Filename: .\Runtime/GfxDevice/vulkan/VKTaskExecutor.cpp Line: 1519)
03-10 14:37:27.465 23022 23103 I Unity   : 
03-10 14:37:27.465 23022 23103 I Unity   : [XD_GPU_PROFILER] vkCreateFence 
03-10 14:37:27.465 23022 23103 I Unity   : (Filename: .\Runtime/GfxDevice/vulkan/VKTaskExecutor.cpp Line: 1529)
03-10 14:37:27.465 23022 23103 I Unity   : 
03-10 14:37:27.465 23022 23103 I Unity   : [XD_GPU_PROFILER] vkQueueSubmit 
03-10 14:37:27.465 23022 23103 I Unity   : (Filename: .\Runtime/GfxDevice/vulkan/VKTaskExecutor.cpp Line: 1544)
03-10 14:37:27.465 23022 23103 I Unity   : 
03-10 14:37:27.465 23022 23103 E Unity   : Assertion failed on expression: 'm_ProducerThreadId == CurrentThread::GetID()' 
03-10 14:37:27.465 23022 23103 E Unity   : (Filename: .\Runtime/Threads/ThreadedStreamBuffer.h Line: 341)
03-10 14:37:27.465 23022 23103 E Unity   : 
03-10 14:37:27.465 23022 23103 E Unity   : Assertion failed on expression: 'm_ProducerThreadId == CurrentThread::GetID()' 
03-10 14:37:27.465 23022 23103 E Unity   : (Filename: .\Runtime/Threads/ThreadedStreamBuffer.h Line: 341)
03-10 14:37:27.465 23022 23103 E Unity   : 
03-10 14:37:27.465 23022 23103 E Unity   : Assertion failed on expression: 'm_ProducerThreadId == CurrentThread::GetID()' 
03-10 14:37:27.465 23022 23103 E Unity   : (Filename: .\Runtime/Threads/ThreadedStreamBuffer.h Line: 453)
03-10 14:37:27.465 23022 23103 E Unity   : 
03-10 14:37:27.465 23022 23103 I Unity   : [XD_GPU_PROFILER] vkWaitForFences 1111111111111 
03-10 14:37:27.465 23022 23103 I Unity   : (Filename: .\Runtime/GfxDevice/vulkan/VKTaskExecutor.cpp Line: 1551)
03-10 14:37:27.465 23022 23103 I Unity   : 
03-10 14:37:27.465 23022 23104 I Unity   : [XD_GPU_PROFILER] kTask_AddLeftFence 
03-10 14:37:27.465 23022 23104 I Unity   : (Filename: .\Runtime/GfxDevice/vulkan/VKTaskExecutor.cpp Line: 1615)
03-10 14:37:27.465 23022 23104 I Unity   : 
03-10 14:37:27.465 23022 23103 I Unity   : [XD_GPU_PROFILER] wrong!!! 
03-10 14:37:27.465 23022 23103 I Unity   : (Filename: .\Runtime/GfxDevice/vulkan/VKTaskExecutor.cpp Line: 1554)
03-10 14:37:27.465 23022 23103 I Unity   : 
03-10 14:37:27.466 23022 23103 I Unity   : [XD_GPU_PROFILER] vkWaitForFences 0000000000000 
03-10 14:37:27.466 23022 23103 I Unity   : (Filename: .\Runtime/GfxDevice/vulkan/VKTaskExecutor.cpp Line: 1562)
03-10 14:37:27.466 23022 23103 I Unity   : 
03-10 14:37:27.466 23022 23103 E Unity   : Assertion failed on expression: 'm_ProducerThreadId == CurrentThread::GetID()' 
03-10 14:37:27.466 23022 23103 E Unity   : (Filename: .\Runtime/Threads/ThreadedStreamBuffer.h Line: 341)
03-10 14:37:27.466 23022 23103 E Unity   : 
03-10 14:37:27.466 23022 23103 E Unity   : Assertion failed on expression: 'm_ProducerThreadId == CurrentThread::GetID()' 
03-10 14:37:27.466 23022 23103 E Unity   : (Filename: .\Runtime/Threads/ThreadedStreamBuffer.h Line: 341)
03-10 14:37:27.466 23022 23103 E Unity   : 
03-10 14:37:27.466 23022 23103 E Unity   : Assertion failed on expression: 'm_ProducerThreadId == CurrentThread::GetID()' 
03-10 14:37:27.466 23022 23103 E Unity   : (Filename: .\Runtime/Threads/ThreadedStreamBuffer.h Line: 453)
03-10 14:37:27.466 23022 23103 E Unity   : 
03-10 14:37:27.467 23022 23104 I Unity   : [XD_GPU_PROFILER] kTask_AddRightFence 
03-10 14:37:27.467 23022 23104 I Unity   : (Filename: .\Runtime/GfxDevice/vulkan/VKTaskExecutor.cpp Line: 1633)
03-10 14:37:27.467 23022 23104 I Unity   : 
03-10 14:37:27.468 23022 23103 I Unity   : [XD_GPU_PROFILER] d 
03-10 14:37:27.468 23022 23103 I Unity   : (Filename: .\Runtime/GfxDevice/vulkan/VKTaskExecutor.cpp Line: 1492)
03-10 14:37:27.468 23022 23103 I Unity   : 
03-10 14:37:27.468 23022 23103 I Unity   : [XD_GPU_PROFILER] vkAllocateCommandBuffers 
03-10 14:37:27.468 23022 23103 I Unity   : (Filename: .\Runtime/GfxDevice/vulkan/VKTaskExecutor.cpp Line: 1506)
03-10 14:37:27.468 23022 23103 I Unity   : 
03-10 14:37:27.468 23022 23103 I Unity   : [XD_GPU_PROFILER] vkEndCommandBuffer 
03-10 14:37:27.468 23022 23103 I Unity   : (Filename: .\Runtime/GfxDevice/vulkan/VKTaskExecutor.cpp Line: 1519)
03-10 14:37:27.468 23022 23103 I Unity   : 
03-10 14:37:27.468 23022 23103 I Unity   : [XD_GPU_PROFILER] vkCreateFence 
03-10 14:37:27.468 23022 23103 I Unity   : (Filename: .\Runtime/GfxDevice/vulkan/VKTaskExecutor.cpp Line: 1529)
03-10 14:37:27.468 23022 23103 I Unity   : 
03-10 14:37:27.468 23022 23103 I Unity   : [XD_GPU_PROFILER] vkQueueSubmit 
03-10 14:37:27.468 23022 23103 I Unity   : (Filename: .\Runtime/GfxDevice/vulkan/VKTaskExecutor.cpp Line: 1544)
03-10 14:37:27.468 23022 23103 I Unity   : 
03-10 14:37:27.468 23022 23103 E Unity   : Assertion failed on expression: 'm_ProducerThreadId == CurrentThread::GetID()' 
03-10 14:37:27.468 23022 23103 E Unity   : (Filename: .\Runtime/Threads/ThreadedStreamBuffer.h Line: 341)
03-10 14:37:27.468 23022 23103 E Unity   : 
03-10 14:37:27.468 23022 23103 E Unity   : Assertion failed on expression: 'm_ProducerThreadId == CurrentThread::GetID()' 
03-10 14:37:27.468 23022 23103 E Unity   : (Filename: .\Runtime/Threads/ThreadedStreamBuffer.h Line: 341)
03-10 14:37:27.468 23022 23103 E Unity   : 
03-10 14:37:27.468 23022 23103 E Unity   : Assertion failed on expression: 'm_ProducerThreadId == CurrentThread::GetID()' 
03-10 14:37:27.468 23022 23103 E Unity   : (Filename: .\Runtime/Threads/ThreadedStreamBuffer.h Line: 453)
03-10 14:37:27.468 23022 23103 E Unity   : 
03-10 14:37:27.468 23022 23103 I Unity   : [XD_GPU_PROFILER] vkWaitForFences 1111111111111 
03-10 14:37:27.468 23022 23103 I Unity   : (Filename: .\Runtime/GfxDevice/vulkan/VKTaskExecutor.cpp Line: 1551)
03-10 14:37:27.468 23022 23103 I Unity   : 
03-10 14:37:27.468 23022 23103 I Unity   : [XD_GPU_PROFILER] wrong!!! 
03-10 14:37:27.468 23022 23103 I Unity   : (Filename: .\Runtime/GfxDevice/vulkan/VKTaskExecutor.cpp Line: 1554)
03-10 14:37:27.468 23022 23103 I Unity   : 
03-10 14:37:27.468 23022 23104 I Unity   : [XD_GPU_PROFILER] kTask_AddLeftFence 
03-10 14:37:27.468 23022 23104 I Unity   : (Filename: .\Runtime/GfxDevice/vulkan/VKTaskExecutor.cpp Line: 1615)
03-10 14:37:27.468 23022 23104 I Unity   : 
03-10 14:37:27.472 23022 23103 I Unity   : [XD_GPU_PROFILER] vkWaitForFences 0000000000000 
03-10 14:37:27.472 23022 23103 I Unity   : (Filename: .\Runtime/GfxDevice/vulkan/VKTaskExecutor.cpp Line: 1562)
03-10 14:37:27.472 23022 23103 I Unity   : 
03-10 14:37:27.472 23022 23103 E Unity   : Assertion failed on expression: 'm_ProducerThreadId == CurrentThread::GetID()' 
03-10 14:37:27.472 23022 23103 E Unity   : (Filename: .\Runtime/Threads/ThreadedStreamBuffer.h Line: 341)
03-10 14:37:27.472 23022 23103 E Unity   : 
03-10 14:37:27.472 23022 23103 E Unity   : Assertion failed on expression: 'm_ProducerThreadId == CurrentThread::GetID()' 
03-10 14:37:27.472 23022 23103 E Unity   : (Filename: .\Runtime/Threads/ThreadedStreamBuffer.h Line: 341)
03-10 14:37:27.472 23022 23103 E Unity   : 
03-10 14:37:27.472 23022 23103 E Unity   : Assertion failed on expression: 'm_ProducerThreadId == CurrentThread::GetID()' 
03-10 14:37:27.472 23022 23103 E Unity   : (Filename: .\Runtime/Threads/ThreadedStreamBuffer.h Line: 453)
03-10 14:37:27.472 23022 23103 E Unity   : 
03-10 14:37:27.472 23022 23104 I Unity   : [XD_GPU_PROFILER] kTask_AddRightFence 
03-10 14:37:27.472 23022 23104 I Unity   : (Filename: .\Runtime/GfxDevice/vulkan/VKTaskExecutor.cpp Line: 1633)
03-10 14:37:27.472 23022 23104 I Unity   : 
03-10 14:37:27.473 23022 23103 I Unity   : [XD_GPU_PROFILER] d 
03-10 14:37:27.473 23022 23103 I Unity   : (Filename: .\Runtime/GfxDevice/vulkan/VKTaskExecutor.cpp Line: 1492)
03-10 14:37:27.473 23022 23103 I Unity   : 
03-10 14:37:27.473 23022 23103 I Unity   : [XD_GPU_PROFILER] vkAllocateCommandBuffers 
03-10 14:37:27.473 23022 23103 I Unity   : (Filename: .\Runtime/GfxDevice/vulkan/VKTaskExecutor.cpp Line: 1506)
03-10 14:37:27.473 23022 23103 I Unity   : 
03-10 14:37:27.473 23022 23103 I Unity   : [XD_GPU_PROFILER] vkEndCommandBuffer 
03-10 14:37:27.473 23022 23103 I Unity   : (Filename: .\Runtime/GfxDevice/vulkan/VKTaskExecutor.cpp Line: 1519)
03-10 14:37:27.473 23022 23103 I Unity   : 
03-10 14:37:27.473 23022 23103 I Unity   : [XD_GPU_PROFILER] vkCreateFence 
03-10 14:37:27.473 23022 23103 I Unity   : (Filename: .\Runtime/GfxDevice/vulkan/VKTaskExecutor.cpp Line: 1529)
03-10 14:37:27.473 23022 23103 I Unity   : 
03-10 14:37:27.473 23022 23103 I Unity   : [XD_GPU_PROFILER] vkQueueSubmit 
03-10 14:37:27.473 23022 23103 I Unity   : (Filename: .\Runtime/GfxDevice/vulkan/VKTaskExecutor.cpp Line: 1544)
03-10 14:37:27.473 23022 23103 I Unity   : 
03-10 14:37:27.473 23022 23103 E Unity   : Assertion failed on expression: 'm_ProducerThreadId == CurrentThread::GetID()' 
03-10 14:37:27.473 23022 23103 E Unity   : (Filename: .\Runtime/Threads/ThreadedStreamBuffer.h Line: 341)
03-10 14:37:27.473 23022 23103 E Unity   : 
03-10 14:37:27.473 23022 23103 E Unity   : Assertion failed on expression: 'm_ProducerThreadId == CurrentThread::GetID()' 
03-10 14:37:27.473 23022 23103 E Unity   : (Filename: .\Runtime/Threads/ThreadedStreamBuffer.h Line: 341)
03-10 14:37:27.473 23022 23103 E Unity   : 
03-10 14:37:27.474 23022 23103 E Unity   : Assertion failed on expression: 'm_ProducerThreadId == CurrentThread::GetID()' 
03-10 14:37:27.474 23022 23103 E Unity   : (Filename: .\Runtime/Threads/ThreadedStreamBuffer.h Line: 453)
03-10 14:37:27.474 23022 23103 E Unity   : 
03-10 14:37:27.474 23022 23103 I Unity   : [XD_GPU_PROFILER] vkWaitForFences 1111111111111 
03-10 14:37:27.474 23022 23103 I Unity   : (Filename: .\Runtime/GfxDevice/vulkan/VKTaskExecutor.cpp Line: 1551)
03-10 14:37:27.474 23022 23103 I Unity   : 
03-10 14:37:27.474 23022 23103 I Unity   : [XD_GPU_PROFILER] wrong!!! 
03-10 14:37:27.474 23022 23103 I Unity   : (Filename: .\Runtime/GfxDevice/vulkan/VKTaskExecutor.cpp Line: 1554)
03-10 14:37:27.474 23022 23103 I Unity   : 
03-10 14:37:27.474 23022 23104 I Unity   : [XD_GPU_PROFILER] kTask_AddLeftFence 
03-10 14:37:27.474 23022 23104 I Unity   : (Filename: .\Runtime/GfxDevice/vulkan/VKTaskExecutor.cpp Line: 1615)
03-10 14:37:27.474 23022 23104 I Unity   : 
03-10 14:37:27.475 23022 23103 I Unity   : [XD_GPU_PROFILER] vkWaitForFences 0000000000000 
03-10 14:37:27.475 23022 23103 I Unity   : (Filename: .\Runtime/GfxDevice/vulkan/VKTaskExecutor.cpp Line: 1562)
03-10 14:37:27.475 23022 23103 I Unity   : 
03-10 14:37:27.475 23022 23103 E Unity   : Assertion failed on expression: 'm_ProducerThreadId == CurrentThread::GetID()' 
03-10 14:37:27.475 23022 23103 E Unity   : (Filename: .\Runtime/Threads/ThreadedStreamBuffer.h Line: 341)
03-10 14:37:27.475 23022 23103 E Unity   : 
03-10 14:37:27.475 23022 23103 E Unity   : Assertion failed on expression: 'm_ProducerThreadId == CurrentThread::GetID()' 
03-10 14:37:27.475 23022 23103 E Unity   : (Filename: .\Runtime/Threads/ThreadedStreamBuffer.h Line: 341)
03-10 14:37:27.475 23022 23103 E Unity   : 
03-10 14:37:27.475 23022 23103 E Unity   : Assertion failed on expression: 'm_ProducerThreadId == CurrentThread::GetID()' 
03-10 14:37:27.475 23022 23103 E Unity   : (Filename: .\Runtime/Threads/ThreadedStreamBuffer.h Line: 453)
03-10 14:37:27.475 23022 23103 E Unity   : 
03-10 14:37:27.475 23022 23104 I Unity   : [XD_GPU_PROFILER] kTask_AddRightFence 
03-10 14:37:27.475 23022 23104 I Unity   : (Filename: .\Runtime/GfxDevice/vulkan/VKTaskExecutor.cpp Line: 1633)
03-10 14:37:27.475 23022 23104 I Unity   : 
03-10 14:37:27.476 23022 23103 I Unity   : [XD_GPU_PROFILER] d 
03-10 14:37:27.476 23022 23103 I Unity   : (Filename: .\Runtime/GfxDevice/vulkan/VKTaskExecutor.cpp Line: 1492)
03-10 14:37:27.476 23022 23103 I Unity   : 
03-10 14:37:27.476 23022 23103 I Unity   : [XD_GPU_PROFILER] vkAllocateCommandBuffers 
03-10 14:37:27.476 23022 23103 I Unity   : (Filename: .\Runtime/GfxDevice/vulkan/VKTaskExecutor.cpp Line: 1506)
03-10 14:37:27.476 23022 23103 I Unity   : 
03-10 14:37:27.476 23022 23103 I Unity   : [XD_GPU_PROFILER] vkEndCommandBuffer 
03-10 14:37:27.476 23022 23103 I Unity   : (Filename: .\Runtime/GfxDevice/vulkan/VKTaskExecutor.cpp Line: 1519)
03-10 14:37:27.476 23022 23103 I Unity   : 
03-10 14:37:27.476 23022 23103 I Unity   : [XD_GPU_PROFILER] vkCreateFence 
03-10 14:37:27.476 23022 23103 I Unity   : (Filename: .\Runtime/GfxDevice/vulkan/VKTaskExecutor.cpp Line: 1529)
03-10 14:37:27.476 23022 23103 I Unity   : 
03-10 14:37:27.476 23022 23103 I Unity   : [XD_GPU_PROFILER] vkQueueSubmit 
03-10 14:37:27.476 23022 23103 I Unity   : (Filename: .\Runtime/GfxDevice/vulkan/VKTaskExecutor.cpp Line: 1544)
03-10 14:37:27.476 23022 23103 I Unity   : 
03-10 14:37:27.476 23022 23103 E Unity   : Assertion failed on expression: 'm_ProducerThreadId == CurrentThread::GetID()' 
03-10 14:37:27.476 23022 23103 E Unity   : (Filename: .\Runtime/Threads/ThreadedStreamBuffer.h Line: 341)
03-10 14:37:27.476 23022 23103 E Unity   : 
03-10 14:37:27.476 23022 23103 E Unity   : Assertion failed on expression: 'm_ProducerThreadId == CurrentThread::GetID()' 
03-10 14:37:27.476 23022 23103 E Unity   : (Filename: .\Runtime/Threads/ThreadedStreamBuffer.h Line: 341)
03-10 14:37:27.476 23022 23103 E Unity   : 
03-10 14:37:27.476 23022 23103 E Unity   : Assertion failed on expression: 'm_ProducerThreadId == CurrentThread::GetID()' 
03-10 14:37:27.476 23022 23103 E Unity   : (Filename: .\Runtime/Threads/ThreadedStreamBuffer.h Line: 453)
03-10 14:37:27.476 23022 23103 E Unity   : 
03-10 14:37:27.476 23022 23103 I Unity   : [XD_GPU_PROFILER] vkWaitForFences 1111111111111 
03-10 14:37:27.476 23022 23103 I Unity   : (Filename: .\Runtime/GfxDevice/vulkan/VKTaskExecutor.cpp Line: 1551)
03-10 14:37:27.476 23022 23103 I Unity   : 
03-10 14:37:27.476 23022 23104 I Unity   : [XD_GPU_PROFILER] kTask_AddLeftFence 
03-10 14:37:27.476 23022 23104 I Unity   : (Filename: .\Runtime/GfxDevice/vulkan/VKTaskExecutor.cpp Line: 1615)
03-10 14:37:27.476 23022 23104 I Unity   : 
03-10 14:37:27.476 23022 23103 I Unity   : [XD_GPU_PROFILER] wrong!!! 
03-10 14:37:27.476 23022 23103 I Unity   : (Filename: .\Runtime/GfxDevice/vulkan/VKTaskExecutor.cpp Line: 1554)
03-10 14:37:27.476 23022 23103 I Unity   : 
03-10 14:37:27.484 23022 23103 I Unity   : [XD_GPU_PROFILER] vkWaitForFences 0000000000000 
03-10 14:37:27.484 23022 23103 I Unity   : (Filename: .\Runtime/GfxDevice/vulkan/VKTaskExecutor.cpp Line: 1562)
03-10 14:37:27.484 23022 23103 I Unity   : 
03-10 14:37:27.484 23022 23103 E Unity   : Assertion failed on expression: 'm_ProducerThreadId == CurrentThread::GetID()' 
03-10 14:37:27.484 23022 23103 E Unity   : (Filename: .\Runtime/Threads/ThreadedStreamBuffer.h Line: 341)
03-10 14:37:27.484 23022 23103 E Unity   : 
03-10 14:37:27.484 23022 23103 E Unity   : Assertion failed on expression: 'm_ProducerThreadId == CurrentThread::GetID()' 
03-10 14:37:27.484 23022 23103 E Unity   : (Filename: .\Runtime/Threads/ThreadedStreamBuffer.h Line: 341)
03-10 14:37:27.484 23022 23103 E Unity   : 
03-10 14:37:27.484 23022 23103 E Unity   : Assertion failed on expression: 'm_ProducerThreadId == CurrentThread::GetID()' 
03-10 14:37:27.484 23022 23103 E Unity   : (Filename: .\Runtime/Threads/ThreadedStreamBuffer.h Line: 453)
03-10 14:37:27.484 23022 23103 E Unity   : 
03-10 14:37:27.484 23022 23104 I Unity   : [XD_GPU_PROFILER] kTask_AddRightFence 
03-10 14:37:27.484 23022 23104 I Unity   : (Filename: .\Runtime/GfxDevice/vulkan/VKTaskExecutor.cpp Line: 1633)
03-10 14:37:27.484 23022 23104 I Unity   : 
03-10 14:37:27.485 23022 23103 I Unity   : [XD_GPU_PROFILER] d 
03-10 14:37:27.485 23022 23103 I Unity   : (Filename: .\Runtime/GfxDevice/vulkan/VKTaskExecutor.cpp Line: 1492)
03-10 14:37:27.485 23022 23103 I Unity   : 
03-10 14:37:27.485 23022 23103 I Unity   : [XD_GPU_PROFILER] vkAllocateCommandBuffers 
03-10 14:37:27.485 23022 23103 I Unity   : (Filename: .\Runtime/GfxDevice/vulkan/VKTaskExecutor.cpp Line: 1506)
03-10 14:37:27.485 23022 23103 I Unity   : 
03-10 14:37:27.485 23022 23103 I Unity   : [XD_GPU_PROFILER] vkEndCommandBuffer 
03-10 14:37:27.485 23022 23103 I Unity   : (Filename: .\Runtime/GfxDevice/vulkan/VKTaskExecutor.cpp Line: 1519)
03-10 14:37:27.485 23022 23103 I Unity   : 
03-10 14:37:27.485 23022 23103 I Unity   : [XD_GPU_PROFILER] vkCreateFence 
03-10 14:37:27.485 23022 23103 I Unity   : (Filename: .\Runtime/GfxDevice/vulkan/VKTaskExecutor.cpp Line: 1529)
03-10 14:37:27.485 23022 23103 I Unity   : 
03-10 14:37:27.485 23022 23103 I Unity   : [XD_GPU_PROFILER] vkQueueSubmit 
03-10 14:37:27.485 23022 23103 I Unity   : (Filename: .\Runtime/GfxDevice/vulkan/VKTaskExecutor.cpp Line: 1544)
03-10 14:37:27.485 23022 23103 I Unity   : 
03-10 14:37:27.485 23022 23103 E Unity   : Assertion failed on expression: 'm_ProducerThreadId == CurrentThread::GetID()' 
03-10 14:37:27.485 23022 23103 E Unity   : (Filename: .\Runtime/Threads/ThreadedStreamBuffer.h Line: 341)
03-10 14:37:27.485 23022 23103 E Unity   : 
03-10 14:37:27.485 23022 23103 E Unity   : Assertion failed on expression: 'm_ProducerThreadId == CurrentThread::GetID()' 
03-10 14:37:27.485 23022 23103 E Unity   : (Filename: .\Runtime/Threads/ThreadedStreamBuffer.h Line: 341)
03-10 14:37:27.485 23022 23103 E Unity   : 
03-10 14:37:27.485 23022 23103 E Unity   : Assertion failed on expression: 'm_ProducerThreadId == CurrentThread::GetID()' 
03-10 14:37:27.485 23022 23103 E Unity   : (Filename: .\Runtime/Threads/ThreadedStreamBuffer.h Line: 453)
03-10 14:37:27.485 23022 23103 E Unity   : 
03-10 14:37:27.485 23022 23103 I Unity   : [XD_GPU_PROFILER] vkWaitForFences 1111111111111 
03-10 14:37:27.485 23022 23103 I Unity   : (Filename: .\Runtime/GfxDevice/vulkan/VKTaskExecutor.cpp Line: 1551)
03-10 14:37:27.485 23022 23103 I Unity   : 
03-10 14:37:27.485 23022 23104 I Unity   : [XD_GPU_PROFILER] kTask_AddLeftFence 
03-10 14:37:27.485 23022 23104 I Unity   : (Filename: .\Runtime/GfxDevice/vulkan/VKTaskExecutor.cpp Line: 1615)
03-10 14:37:27.485 23022 23104 I Unity   : 
03-10 14:37:27.485 23022 23103 I Unity   : [XD_GPU_PROFILER] wrong!!! 
03-10 14:37:27.485 23022 23103 I Unity   : (Filename: .\Runtime/GfxDevice/vulkan/VKTaskExecutor.cpp Line: 1554)
03-10 14:37:27.485 23022 23103 I Unity   : 
03-10 14:37:27.485 23022 23103 I Unity   : [XD_GPU_PROFILER] vkWaitForFences 0000000000000 
03-10 14:37:27.485 23022 23103 I Unity   : (Filename: .\Runtime/GfxDevice/vulkan/VKTaskExecutor.cpp Line: 1562)
03-10 14:37:27.485 23022 23103 I Unity   : 
03-10 14:37:27.485 23022 23103 E Unity   : Assertion failed on expression: 'm_ProducerThreadId == CurrentThread::GetID()' 
03-10 14:37:27.485 23022 23103 E Unity   : (Filename: .\Runtime/Threads/ThreadedStreamBuffer.h Line: 341)
03-10 14:37:27.485 23022 23103 E Unity   : 
03-10 14:37:27.486 23022 23103 E Unity   : Assertion failed on expression: 'm_ProducerThreadId == CurrentThread::GetID()' 
03-10 14:37:27.486 23022 23103 E Unity   : (Filename: .\Runtime/Threads/ThreadedStreamBuffer.h Line: 341)
03-10 14:37:27.486 23022 23103 E Unity   : 
03-10 14:37:27.486 23022 23103 E Unity   : Assertion failed on expression: 'm_ProducerThreadId == CurrentThread::GetID()' 
03-10 14:37:27.486 23022 23103 E Unity   : (Filename: .\Runtime/Threads/ThreadedStreamBuffer.h Line: 453)
03-10 14:37:27.486 23022 23103 E Unity   : 
03-10 14:37:27.486 23022 23104 I Unity   : [XD_GPU_PROFILER] kTask_AddRightFence 
03-10 14:37:27.486 23022 23104 I Unity   : (Filename: .\Runtime/GfxDevice/vulkan/VKTaskExecutor.cpp Line: 1633)
03-10 14:37:27.486 23022 23104 I Unity   : 
03-10 14:37:27.486 23022 23103 I Unity   : [XD_GPU_PROFILER] d 
03-10 14:37:27.486 23022 23103 I Unity   : (Filename: .\Runtime/GfxDevice/vulkan/VKTaskExecutor.cpp Line: 1492)
03-10 14:37:27.486 23022 23103 I Unity   : 
03-10 14:37:27.486 23022 23103 I Unity   : [XD_GPU_PROFILER] vkAllocateCommandBuffers 
03-10 14:37:27.486 23022 23103 I Unity   : (Filename: .\Runtime/GfxDevice/vulkan/VKTaskExecutor.cpp Line: 1506)
03-10 14:37:27.486 23022 23103 I Unity   : 
03-10 14:37:27.486 23022 23103 I Unity   : [XD_GPU_PROFILER] vkEndCommandBuffer 
03-10 14:37:27.486 23022 23103 I Unity   : (Filename: .\Runtime/GfxDevice/vulkan/VKTaskExecutor.cpp Line: 1519)
03-10 14:37:27.486 23022 23103 I Unity   : 
03-10 14:37:27.486 23022 23103 I Unity   : [XD_GPU_PROFILER] vkCreateFence 
03-10 14:37:27.486 23022 23103 I Unity   : (Filename: .\Runtime/GfxDevice/vulkan/VKTaskExecutor.cpp Line: 1529)
03-10 14:37:27.486 23022 23103 I Unity   : 
03-10 14:37:27.486 23022 23103 I Unity   : [XD_GPU_PROFILER] vkQueueSubmit 
03-10 14:37:27.486 23022 23103 I Unity   : (Filename: .\Runtime/GfxDevice/vulkan/VKTaskExecutor.cpp Line: 1544)
03-10 14:37:27.486 23022 23103 I Unity   : 
03-10 14:37:27.486 23022 23103 E Unity   : Assertion failed on expression: 'm_ProducerThreadId == CurrentThread::GetID()' 
03-10 14:37:27.486 23022 23103 E Unity   : (Filename: .\Runtime/Threads/ThreadedStreamBuffer.h Line: 341)
03-10 14:37:27.486 23022 23103 E Unity   : 
03-10 14:37:27.486 23022 23103 E Unity   : Assertion failed on expression: 'm_ProducerThreadId == CurrentThread::GetID()' 
03-10 14:37:27.486 23022 23103 E Unity   : (Filename: .\Runtime/Threads/ThreadedStreamBuffer.h Line: 341)
03-10 14:37:27.486 23022 23103 E Unity   : 
03-10 14:37:27.486 23022 23103 E Unity   : Assertion failed on expression: 'm_ProducerThreadId == CurrentThread::GetID()' 
03-10 14:37:27.486 23022 23103 E Unity   : (Filename: .\Runtime/Threads/ThreadedStreamBuffer.h Line: 453)
03-10 14:37:27.486 23022 23103 E Unity   : 
03-10 14:37:27.486 23022 23103 I Unity   : [XD_GPU_PROFILER] vkWaitForFences 1111111111111 
03-10 14:37:27.486 23022 23103 I Unity   : (Filename: .\Runtime/GfxDevice/vulkan/VKTaskExecutor.cpp Line: 1551)
03-10 14:37:27.486 23022 23103 I Unity   : 
03-10 14:37:27.487 23022 23103 I Unity   : [XD_GPU_PROFILER] wrong!!! 
03-10 14:37:27.487 23022 23103 I Unity   : (Filename: .\Runtime/GfxDevice/vulkan/VKTaskExecutor.cpp Line: 1554)
03-10 14:37:27.487 23022 23103 I Unity   : 
03-10 14:37:27.487 23022 23104 I Unity   : [XD_GPU_PROFILER] kTask_AddLeftFence 
03-10 14:37:27.487 23022 23104 I Unity   : (Filename: .\Runtime/GfxDevice/vulkan/VKTaskExecutor.cpp Line: 1615)
03-10 14:37:27.487 23022 23104 I Unity   : 
03-10 14:37:27.487 23022 23103 I Unity   : [XD_GPU_PROFILER] vkWaitForFences 0000000000000 
03-10 14:37:27.487 23022 23103 I Unity   : (Filename: .\Runtime/GfxDevice/vulkan/VKTaskExecutor.cpp Line: 1562)
03-10 14:37:27.487 23022 23103 I Unity   : 
03-10 14:37:27.487 23022 23103 E Unity   : Assertion failed on expression: 'm_ProducerThreadId == CurrentThread::GetID()' 
03-10 14:37:27.487 23022 23103 E Unity   : (Filename: .\Runtime/Threads/ThreadedStreamBuffer.h Line: 341)
03-10 14:37:27.487 23022 23103 E Unity   : 
03-10 14:37:27.487 23022 23103 E Unity   : Assertion failed on expression: 'm_ProducerThreadId == CurrentThread::GetID()' 
03-10 14:37:27.487 23022 23103 E Unity   : (Filename: .\Runtime/Threads/ThreadedStreamBuffer.h Line: 341)
03-10 14:37:27.487 23022 23103 E Unity   : 
